Component: ARM Compiler 5.06 update 7 (build 960) Tool: armlink [4d3601]

==============================================================================

Section Cross References

    startup_stm32f407xx.o(STACK) refers (Special) to heapauxi.o(.text) for __use_two_region_memory
    startup_stm32f407xx.o(HEAP) refers (Special) to heapauxi.o(.text) for __use_two_region_memory
    startup_stm32f407xx.o(RESET) refers (Special) to heapauxi.o(.text) for __use_two_region_memory
    startup_stm32f407xx.o(RESET) refers to startup_stm32f407xx.o(STACK) for __initial_sp
    startup_stm32f407xx.o(RESET) refers to startup_stm32f407xx.o(.text) for Reset_Handler
    startup_stm32f407xx.o(RESET) refers to stm32f4xx_it.o(i.NMI_Handler) for NMI_Handler
    startup_stm32f407xx.o(RESET) refers to stm32f4xx_it.o(i.HardFault_Handler) for HardFault_Handler
    startup_stm32f407xx.o(RESET) refers to stm32f4xx_it.o(i.MemManage_Handler) for MemManage_Handler
    startup_stm32f407xx.o(RESET) refers to stm32f4xx_it.o(i.BusFault_Handler) for BusFault_Handler
    startup_stm32f407xx.o(RESET) refers to stm32f4xx_it.o(i.UsageFault_Handler) for UsageFault_Handler
    startup_stm32f407xx.o(RESET) refers to port.o(.emb_text) for SVC_Handler
    startup_stm32f407xx.o(RESET) refers to stm32f4xx_it.o(i.DebugMon_Handler) for DebugMon_Handler
    startup_stm32f407xx.o(RESET) refers to stm32f4xx_it.o(i.SysTick_Handler) for SysTick_Handler
    startup_stm32f407xx.o(RESET) refers to stm32f4xx_it.o(i.EXTI0_IRQHandler) for EXTI0_IRQHandler
    startup_stm32f407xx.o(RESET) refers to stm32f4xx_it.o(i.EXTI3_IRQHandler) for EXTI3_IRQHandler
    startup_stm32f407xx.o(RESET) refers to stm32f4xx_it.o(i.EXTI4_IRQHandler) for EXTI4_IRQHandler
    startup_stm32f407xx.o(RESET) refers to stm32f4xx_it.o(i.CAN1_RX0_IRQHandler) for CAN1_RX0_IRQHandler
    startup_stm32f407xx.o(RESET) refers to stm32f4xx_it.o(i.EXTI9_5_IRQHandler) for EXTI9_5_IRQHandler
    startup_stm32f407xx.o(RESET) refers to stm32f4xx_it.o(i.USART1_IRQHandler) for USART1_IRQHandler
    startup_stm32f407xx.o(RESET) refers to remote_control.o(i.USART3_IRQHandler) for USART3_IRQHandler
    startup_stm32f407xx.o(RESET) refers to bsp_i2c.o(i.DMA1_Stream7_IRQHandler) for DMA1_Stream7_IRQHandler
    startup_stm32f407xx.o(RESET) refers to stm32f4xx_it.o(i.DMA2_Stream1_IRQHandler) for DMA2_Stream1_IRQHandler
    startup_stm32f407xx.o(RESET) refers to stm32f4xx_it.o(i.CAN2_RX0_IRQHandler) for CAN2_RX0_IRQHandler
    startup_stm32f407xx.o(RESET) refers to stm32f4xx_it.o(i.OTG_FS_IRQHandler) for OTG_FS_IRQHandler
    startup_stm32f407xx.o(RESET) refers to stm32f4xx_it.o(i.DMA2_Stream6_IRQHandler) for DMA2_Stream6_IRQHandler
    startup_stm32f407xx.o(RESET) refers to stm32f4xx_it.o(i.DMA2_Stream7_IRQHandler) for DMA2_Stream7_IRQHandler
    startup_stm32f407xx.o(RESET) refers to referee_usart_task.o(i.USART6_IRQHandler) for USART6_IRQHandler
    startup_stm32f407xx.o(.text) refers (Special) to heapauxi.o(.text) for __use_two_region_memory
    startup_stm32f407xx.o(.text) refers to system_stm32f4xx.o(i.SystemInit) for SystemInit
    startup_stm32f407xx.o(.text) refers to __main.o(!!!main) for __main
    startup_stm32f407xx.o(.text) refers to startup_stm32f407xx.o(HEAP) for Heap_Mem
    startup_stm32f407xx.o(.text) refers to startup_stm32f407xx.o(STACK) for Stack_Mem
    main.o(i.SystemClock_Config) refers to rt_memclr_w.o(.text) for __aeabi_memclr4
    main.o(i.SystemClock_Config) refers to stm32f4xx_hal_rcc.o(i.HAL_RCC_OscConfig) for HAL_RCC_OscConfig
    main.o(i.SystemClock_Config) refers to main.o(i.Error_Handler) for Error_Handler
    main.o(i.SystemClock_Config) refers to stm32f4xx_hal_rcc.o(i.HAL_RCC_ClockConfig) for HAL_RCC_ClockConfig
    main.o(i.SystemClock_Config) refers to stm32f4xx_hal_rcc_ex.o(i.HAL_RCCEx_PeriphCLKConfig) for HAL_RCCEx_PeriphCLKConfig
    main.o(i.main) refers to stm32f4xx_hal.o(i.HAL_Init) for HAL_Init
    main.o(i.main) refers to main.o(i.SystemClock_Config) for SystemClock_Config
    main.o(i.main) refers to gpio.o(i.MX_GPIO_Init) for MX_GPIO_Init
    main.o(i.main) refers to dma.o(i.MX_DMA_Init) for MX_DMA_Init
    main.o(i.main) refers to adc.o(i.MX_ADC1_Init) for MX_ADC1_Init
    main.o(i.main) refers to adc.o(i.MX_ADC3_Init) for MX_ADC3_Init
    main.o(i.main) refers to can.o(i.MX_CAN1_Init) for MX_CAN1_Init
    main.o(i.main) refers to can.o(i.MX_CAN2_Init) for MX_CAN2_Init
    main.o(i.main) refers to i2c.o(i.MX_I2C1_Init) for MX_I2C1_Init
    main.o(i.main) refers to spi.o(i.MX_SPI1_Init) for MX_SPI1_Init
    main.o(i.main) refers to tim.o(i.MX_TIM4_Init) for MX_TIM4_Init
    main.o(i.main) refers to tim.o(i.MX_TIM5_Init) for MX_TIM5_Init
    main.o(i.main) refers to usart.o(i.MX_USART3_UART_Init) for MX_USART3_UART_Init
    main.o(i.main) refers to tim.o(i.MX_TIM8_Init) for MX_TIM8_Init
    main.o(i.main) refers to crc.o(i.MX_CRC_Init) for MX_CRC_Init
    main.o(i.main) refers to rng.o(i.MX_RNG_Init) for MX_RNG_Init
[...]
    stm32_pid_trigger                        0x20009f40   Data          64  stm32.o(.bss)
    __libspace_start                         0x20009f80   Data          96  libspace.o(.bss)
    __temporary_stack_top$libspace           0x20009fe0   Data           0  libspace.o(.bss)



==============================================================================

Memory Map of the image

  Image Entry point : 0x08000189

  Load Region LR_IROM1 (Base: 0x08000000, Size: 0x0000e134, Max: 0x00100000, ABSOLUTE, COMPRESSED[0x0000df40])

    Execution Region ER_IROM1 (Exec base: 0x08000000, Load base: 0x08000000, Size: 0x0000de60, Max: 0x00100000, ABSOLUTE)

    Exec Addr    Load Addr    Size         Type   Attr      Idx    E Section Name        Object

    0x08000000   0x08000000   0x00000188   Data   RO            3    RESET               startup_stm32f407xx.o
    0x08000188   0x08000188   0x00000008   Code   RO        11429  * !!!main             c_w.l(__main.o)
    0x08000190   0x08000190   0x00000034   Code   RO        11954    !!!scatter          c_w.l(__scatter.o)
    0x080001c4   0x080001c4   0x0000005a   Code   RO        11952    !!dczerorl2         c_w.l(__dczerorl2.o)
    0x0800021e   0x0800021e   0x00000002   PAD
    0x08000220   0x08000220   0x0000001c   Code   RO        11956    !!handler_zi        c_w.l(__scatter_zi.o)
    0x0800023c   0x0800023c   0x00000000   Code   RO        11634    .ARM.Collect$$_printf_percent$$00000000  c_w.l(_printf_percent.o)
    0x0800023c   0x0800023c   0x00000006   Code   RO        11623    .ARM.Collect$$_printf_percent$$00000001  c_w.l(_printf_n.o)
    0x08000242   0x08000242   0x00000006   Code   RO        11625    .ARM.Collect$$_printf_percent$$00000002  c_w.l(_printf_p.o)
    0x08000248   0x08000248   0x00000006   Code   RO        11630    .ARM.Collect$$_printf_percent$$00000003  c_w.l(_printf_f.o)
    0x0800024e   0x0800024e   0x00000006   Code   RO        11631    .ARM.Collect$$_printf_percent$$00000004  c_w.l(_printf_e.o)
    0x08000254   0x08000254   0x00000006   Code   RO        11632    .ARM.Collect$$_printf_percent$$00000005  c_w.l(_printf_g.o)
    0x0800025a   0x0800025a   0x00000006   Code   RO        11633    .ARM.Collect$$_printf_percent$$00000006  c_w.l(_printf_a.o)
    0x08000260   0x08000260   0x0000000a   Code   RO        11638    .ARM.Collect$$_printf_percent$$00000007  c_w.l(_printf_ll.o)
    0x0800026a   0x0800026a   0x00000006   Code   RO        11627    .ARM.Collect$$_printf_percent$$00000008  c_w.l(_printf_i.o)
    0x08000270   0x08000270   0x00000006   Code   RO        11628    .ARM.Collect$$_printf_percent$$00000009  c_w.l(_printf_d.o)
    0x08000276   0x08000276   0x00000006   Code   RO        11629    .ARM.Collect$$_printf_percent$$0000000A  c_w.l(_printf_u.o)
    0x0800027c   0x0800027c   0x00000006   Code   RO        11626    .ARM.Collect$$_printf_percent$$0000000B  c_w.l(_printf_o.o)
    0x08000282   0x08000282   0x00000006   Code   RO        11624    .ARM.Collect$$_printf_percent$$0000000C  c_w.l(_printf_x.o)
    0x08000288   0x08000288   0x00000006   Code   RO        11635    .ARM.Collect$$_printf_percent$$0000000D  c_w.l(_printf_lli.o)
    0x0800028e   0x0800028e   0x00000006   Code   RO        11636    .ARM.Collect$$_printf_percent$$0000000E  c_w.l(_printf_lld.o)
    0x08000294   0x08000294   0x00000006   Code   RO        11637    .ARM.Collect$$_printf_percent$$0000000F  c_w.l(_printf_llu.o)
    0x0800029a   0x0800029a   0x00000006   Code   RO        11642    .ARM.Collect$$_printf_percent$$00000010  c_w.l(_printf_llo.o)
    0x080002a0   0x080002a0   0x00000006   Code   RO        11643    .ARM.Collect$$_printf_percent$$00000011  c_w.l(_printf_llx.o)
    0x080002a6   0x080002a6   0x0000000a   Code   RO        11639    .ARM.Collect$$_printf_percent$$00000012  c_w.l(_printf_l.o)
    0x080002b0   0x080002b0   0x00000006   Code   RO        11621    .ARM.Collect$$_printf_percent$$00000013  c_w.l(_printf_c.o)
    0x080002b6   0x080002b6   0x00000006   Code   RO        11622    .ARM.Collect$$_printf_percent$$00000014  c_w.l(_printf_s.o)
    0x080002bc   0x080002bc   0x00000006   Code   RO        11640    .ARM.Collect$$_printf_percent$$00000015  c_w.l(_printf_lc.o)
    0x080002c2   0x080002c2   0x00000006   Code   RO        11641    .ARM.Collect$$_printf_percent$$00000016  c_w.l(_printf_ls.o)
    0x080002c8   0x080002c8   0x00000004   Code   RO        11791    .ARM.Collect$$_printf_percent$$00000017  c_w.l(_printf_percent_end.o)
    0x080002cc   0x080002cc   0x00000002   Code   RO        11880    .ARM.Collect$$libinit$$00000000  c_w.l(libinit.o)
    0x080002ce   0x080002ce   0x00000004   Code   RO        11646    .ARM.Collect$$libinit$$00000001  c_w.l(libinit2.o)
    0x080002d2   0x080002d2   0x00000000   Code   RO        11649    .ARM.Collect$$libinit$$00000004  c_w.l(libinit2.o)
    0x080002d2   0x080002d2   0x00000008   Code   RO        11650    .ARM.Collect$$libinit$$00000005  c_w.l(libinit2.o)
    0x080002da   0x080002da   0x00000000   Code   RO        11652    .ARM.Collect$$libinit$$0000000A  c_w.l(libinit2.o)
    0x080002da   0x080002da   0x00000000   Code   RO        11654    .ARM.Collect$$libinit$$0000000C  c_w.l(libinit2.o)
    0x080002da   0x080002da   0x00000000   Code   RO        11656    .ARM.Collect$$libinit$$0000000E  c_w.l(libinit2.o)
    0x080002da   0x080002da   0x00000006   Code   RO        11657    .ARM.Collect$$libinit$$0000000F  c_w.l(libinit2.o)
    0x080002e0   0x080002e0   0x00000000   Code   RO        11659    .ARM.Collect$$libinit$$00000011  c_w.l(libinit2.o)
    0x080002e0   0x080002e0   0x0000000c   Code   RO        11660    .ARM.Collect$$libinit$$00000012  c_w.l(libinit2.o)
    0x080002ec   0x080002ec   0x00000000   Code   RO        11661    .ARM.Collect$$libinit$$00000013  c_w.l(libinit2.o)
    0x080002ec   0x080002ec   0x00000000   Code   RO        11663    .ARM.Collect$$libinit$$00000015  c_w.l(libinit2.o)
    0x080002ec   0x080002ec   0x0000000a   Code   RO        11664    .ARM.Collect$$libinit$$00000016  c_w.l(libinit2.o)
    0x080002f6   0x080002f6   0x00000000   Code   RO        11665    .ARM.Collect$$libinit$$00000017  c_w.l(libinit2.o)
    0x080002f6   0x080002f6   0x00000000   Code   RO        11667    .ARM.Collect$$libinit$$00000019  c_w.l(libinit2.o)
    0x080002f6   0x080002f6   0x00000000   Code   RO        11669    .ARM.Collect$$libinit$$0000001B  c_w.l(libinit2.o)
    0x080002f6   0x080002f6   0x00000000   Code   RO        11671    .ARM.Collect$$libinit$$0000001D  c_w.l(libinit2.o)
    0x080002f6   0x080002f6   0x00000000   Code   RO        11673    .ARM.Collect$$libinit$$0000001F  c_w.l(libinit2.o)
    0x080002f6   0x080002f6   0x00000000   Code   RO        11675    .ARM.Collect$$libinit$$00000021  c_w.l(libinit2.o)
    0x080002f6   0x080002f6   0x00000000   Code   RO        11677    .ARM.Collect$$libinit$$00000023  c_w.l(libinit2.o)
    0x080002f6   0x080002f6   0x00000000   Code   RO        11679    .ARM.Collect$$libinit$$00000025  c_w.l(libinit2.o)
    0x080002f6   0x080002f6   0x00000000   Code   RO        11683    .ARM.Collect$$libinit$$0000002C  c_w.l(libinit2.o)
    0x080002f6   0x080002f6   0x00000000   Code   RO        11685    .ARM.Collect$$libinit$$0000002E  c_w.l(libinit2.o)
    0x080002f6   0x080002f6   0x00000000   Code   RO        11687    .ARM.Collect$$libinit$$00000030  c_w.l(libinit2.o)
    0x080002f6   0x080002f6   0x00000000   Code   RO        11689    .ARM.Collect$$libinit$$00000032  c_w.l(libinit2.o)
    0x080002f6   0x080002f6   0x00000002   Code   RO        11690    .ARM.Collect$$libinit$$00000033  c_w.l(libinit2.o)
    0x080002f8   0x080002f8   0x00000002   Code   RO        11949    .ARM.Collect$$libshutdown$$00000000  c_w.l(libshutdown.o)
    0x080002fa   0x080002fa   0x00000000   Code   RO        11905    .ARM.Collect$$libshutdown$$00000002  c_w.l(libshutdown2.o)
    0x080002fa   0x080002fa   0x00000000   Code   RO        11907    .ARM.Collect$$libshutdown$$00000004  c_w.l(libshutdown2.o)
    0x080002fa   0x080002fa   0x00000000   Code   RO        11909    .ARM.Collect$$libshutdown$$00000006  c_w.l(libshutdown2.o)
    0x080002fa   0x080002fa   0x00000000   Code   RO        11912    .ARM.Collect$$libshutdown$$00000009  c_w.l(libshutdown2.o)
    0x080002fa   0x080002fa   0x00000000   Code   RO        11915    .ARM.Collect$$libshutdown$$0000000C  c_w.l(libshutdown2.o)
    0x080002fa   0x080002fa   0x00000000   Code   RO        11917    .ARM.Collect$$libshutdown$$0000000E  c_w.l(libshutdown2.o)
    0x080002fa   0x080002fa   0x00000000   Code   RO        11920    .ARM.Collect$$libshutdown$$00000011  c_w.l(libshutdown2.o)
    0x080002fa   0x080002fa   0x00000002   Code   RO        11921    .ARM.Collect$$libshutdown$$00000012  c_w.l(libshutdown2.o)
    0x080002fc   0x080002fc   0x00000000   Code   RO        11521    .ARM.Collect$$rtentry$$00000000  c_w.l(__rtentry.o)
    0x080002fc   0x080002fc   0x00000000   Code   RO        11747    .ARM.Collect$$rtentry$$00000002  c_w.l(__rtentry2.o)
    0x080002fc   0x080002fc   0x00000006   Code   RO        11759    .ARM.Collect$$rtentry$$00000004  c_w.l(__rtentry4.o)
    0x08000302   0x08000302   0x00000000   Code   RO        11749    .ARM.Collect$$rtentry$$00000009  c_w.l(__rtentry2.o)
    0x08000302   0x08000302   0x00000004   Code   RO        11750    .ARM.Collect$$rtentry$$0000000A  c_w.l(__rtentry2.o)
    0x08000306   0x08000306   0x00000000   Code   RO        11752    .ARM.Collect$$rtentry$$0000000C  c_w.l(__rtentry2.o)
    0x08000306   0x08000306   0x00000008   Code   RO        11753    .ARM.Collect$$rtentry$$0000000D  c_w.l(__rtentry2.o)
    0x0800030e   0x0800030e   0x00000002   Code   RO        11887    .ARM.Collect$$rtexit$$00000000  c_w.l(rtexit.o)
    0x08000310   0x08000310   0x00000000   Code   RO        11925    .ARM.Collect$$rtexit$$00000002  c_w.l(rtexit2.o)
    0x08000310   0x08000310   0x00000004   Code   RO        11926    .ARM.Collect$$rtexit$$00000003  c_w.l(rtexit2.o)
    0x08000314   0x08000314   0x00000006   Code   RO        11927    .ARM.Collect$$rtexit$$00000004  c_w.l(rtexit2.o)
    0x0800031a   0x0800031a   0x00000002   PAD
    0x0800031c   0x0800031c   0x000000be   Code   RO         7964    .emb_text           port.o
    0x080003da   0x080003da   0x00000002   PAD
    0x080003dc   0x080003dc   0x00000000   Code   RO        11770    .emb_text           c_w.l(maybetermalloc1.o)
    0x080003dc   0x080003dc   0x00000040   Code   RO            4    .text               startup_stm32f407xx.o
    0x0800041c   0x0800041c   0x0000005e   Code   RO        11351    .text               c_w.l(h1_alloc.o)
    0x0800047a   0x0800047a   0x0000004e   Code   RO        11353    .text               c_w.l(h1_free.o)
    0x080004c8   0x080004c8   0x000000ee   Code   RO        11409    .text               c_w.l(lludivv7m.o)
    0x080005b6   0x080005b6   0x00000002   PAD
    0x080005b8   0x080005b8   0x00000024   Code   RO        11411    .text               c_w.l(vsprintf.o)
    0x080005dc   0x080005dc   0x0000008a   Code   RO        11415    .text               c_w.l(rt_memcpy_v6.o)
    0x08000666   0x08000666   0x00000064   Code   RO        11417    .text               c_w.l(rt_memcpy_w.o)
    0x080006ca   0x080006ca   0x00000010   Code   RO        11421    .text               c_w.l(aeabi_memset.o)
    0x080006da   0x080006da   0x00000044   Code   RO        11423    .text               c_w.l(rt_memclr.o)
    0x0800071e   0x0800071e   0x0000004e   Code   RO        11425    .text               c_w.l(rt_memclr_w.o)
    0x0800076c   0x0800076c   0x00000006   Code   RO        11427    .text               c_w.l(heapauxi.o)
    0x08000772   0x08000772   0x00000002   PAD
    0x08000774   0x08000774   0x00000008   Code   RO        11529    .text               c_w.l(rt_heap_descriptor_intlibspace.o)
    0x0800077c   0x0800077c   0x00000004   Code   RO        11531    .text               c_w.l(hguard.o)
    0x08000780   0x08000780   0x0000008a   Code   RO        11533    .text               c_w.l(init_alloc.o)
    0x0800080a   0x0800080a   0x0000000e   Code   RO        11537    .text               c_w.l(h1_init.o)
    0x08000818   0x08000818   0x0000004e   Code   RO        11555    .text               c_w.l(_printf_pad.o)
    0x08000866   0x08000866   0x00000024   Code   RO        11557    .text               c_w.l(_printf_truncate.o)
    0x0800088a   0x0800088a   0x00000052   Code   RO        11559    .text               c_w.l(_printf_str.o)
    0x080008dc   0x080008dc   0x00000078   Code   RO        11561    .text               c_w.l(_printf_dec.o)
    0x08000954   0x08000954   0x00000028   Code   RO        11563    .text               c_w.l(_printf_charcount.o)
    0x0800097c   0x0800097c   0x00000030   Code   RO        11565    .text               c_w.l(_printf_char_common.o)
    0x080009ac   0x080009ac   0x0000000a   Code   RO        11567    .text               c_w.l(_sputc.o)
    0x080009b6   0x080009b6   0x00000002   PAD
    0x080009b8   0x080009b8   0x000000bc   Code   RO        11569    .text               c_w.l(_printf_wctomb.o)
    0x08000a74   0x08000a74   0x0000007c   Code   RO        11572    .text               c_w.l(_printf_longlong_dec.o)
    0x08000af0   0x08000af0   0x00000070   Code   RO        11578    .text               c_w.l(_printf_oct_int_ll.o)
    0x08000b60   0x08000b60   0x00000094   Code   RO        11598    .text               c_w.l(_printf_hex_int_ll_ptr.o)
    0x08000bf4   0x08000bf4   0x00000188   Code   RO        11618    .text               c_w.l(__printf_flags_ss_wp.o)
    0x08000d7c   0x08000d7c   0x00000008   Code   RO        11743    .text               c_w.l(libspace.o)
    0x08000d84   0x08000d84   0x00000034   Code   RO        11772    .text               c_w.l(h1_extend.o)
    0x08000db8   0x08000db8   0x0000008a   Code   RO        11776    .text               c_w.l(lludiv10.o)
    0x08000e42   0x08000e42   0x000000b2   Code   RO        11778    .text               c_w.l(_printf_intcommon.o)
    0x08000ef4   0x08000ef4   0x0000041e   Code   RO        11780    .text               c_w.l(_printf_fp_dec.o)
    0x08001312   0x08001312   0x00000002   PAD
    0x08001314   0x08001314   0x000002fc   Code   RO        11782    .text               c_w.l(_printf_fp_hex.o)
    0x08001610   0x08001610   0x0000002c   Code   RO        11787    .text               c_w.l(_printf_char.o)
    0x0800163c   0x0800163c   0x0000002c   Code   RO        11789    .text               c_w.l(_printf_wchar.o)
    0x08001668   0x08001668   0x00000040   Code   RO        11792    .text               c_w.l(_wcrtomb.o)
    0x080016a8   0x080016a8   0x0000000e   Code   RO        11794    .text               c_w.l(defsig_rtmem_outer.o)
    0x080016b6   0x080016b6   0x00000002   Code   RO        11813    .text               c_w.l(use_no_semi.o)
    0x080016b8   0x080016b8   0x00000000   Code   RO        11815    .text               c_w.l(indicate_semi.o)
    0x080016b8   0x080016b8   0x0000004a   Code   RO        11816    .text               c_w.l(sys_stackheap_outer.o)
    0x08001702   0x08001702   0x00000002   PAD
    0x08001704   0x08001704   0x00000010   Code   RO        11818    .text               c_w.l(rt_ctype_table.o)
    0x08001714   0x08001714   0x00000008   Code   RO        11825    .text               c_w.l(rt_locale_intlibspace.o)
    0x0800171c   0x0800171c   0x00000030   Code   RO        11829    .text               c_w.l(_fptrap.o)
    0x0800174c   0x0800174c   0x00000080   Code   RO        11831    .text               c_w.l(_printf_fp_infnan.o)
    0x080017cc   0x080017cc   0x000000e4   Code   RO        11833    .text               c_w.l(bigflt0.o)
    0x080018b0   0x080018b0   0x00000012   Code   RO        11861    .text               c_w.l(exit.o)
    0x080018c2   0x080018c2   0x0000000a   Code   RO        11863    .text               c_w.l(defsig_exit.o)
    0x080018cc   0x080018cc   0x0000000e   Code   RO        11865    .text               c_w.l(defsig_fpe_outer.o)
    0x080018da   0x080018da   0x00000002   PAD
    0x080018dc   0x080018dc   0x00000050   Code   RO        11869    .text               c_w.l(defsig_rtmem_inner.o)
    0x0800192c   0x0800192c   0x0000000c   Code   RO        11885    .text               c_w.l(sys_exit.o)
    0x08001938   0x08001938   0x00000032   Code   RO        11898    .text               c_w.l(defsig_general.o)
    0x0800196a   0x0800196a   0x00000002   PAD
    0x0800196c   0x0800196c   0x000000ac   Code   RO        11900    .text               c_w.l(defsig_fpe_inner.o)
    0x08001a18   0x08001a18   0x00000080   Code   RO        11902    .text               c_w.l(strcmpv7m.o)
    0x08001a98   0x08001a98   0x0000000e   Code   RO        11922    .text               c_w.l(sys_wrch.o)
    0x08001aa6   0x08001aa6   0x0000003e   Code   RO        11836    CL$$btod_d2e        c_w.l(btod.o)
    0x08001ae4   0x08001ae4   0x00000046   Code   RO        11838    CL$$btod_d2e_denorm_low  c_w.l(btod.o)
    0x08001b2a   0x08001b2a   0x00000060   Code   RO        11837    CL$$btod_d2e_norm_op1  c_w.l(btod.o)
    0x08001b8a   0x08001b8a   0x00000338   Code   RO        11846    CL$$btod_div_common  c_w.l(btod.o)
    0x08001ec2   0x08001ec2   0x000000dc   Code   RO        11843    CL$$btod_e2e        c_w.l(btod.o)
    0x08001f9e   0x08001f9e   0x0000002a   Code   RO        11840    CL$$btod_ediv       c_w.l(btod.o)
    0x08001fc8   0x08001fc8   0x0000002a   Code   RO        11839    CL$$btod_emul       c_w.l(btod.o)
    0x08001ff2   0x08001ff2   0x00000244   Code   RO        11845    CL$$btod_mult_common  c_w.l(btod.o)
    0x08002236   0x08002236   0x00000002   PAD
    0x08002238   0x08002238   0x00000130   Code   RO         2227    i.ADC_Init          stm32f4xx_hal_adc.o
    0x08002368   0x08002368   0x00000002   Code   RO         1447    i.BusFault_Handler  stm32f4xx_it.o
    0x0800236a   0x0800236a   0x00000002   PAD
    0x0800236c   0x0800236c   0x0000000c   Code   RO         1448    i.CAN1_RX0_IRQHandler  stm32f4xx_it.o
    0x08002378   0x08002378   0x0000000c   Code   RO         1449    i.CAN2_RX0_IRQHandler  stm32f4xx_it.o
    0x08002384   0x08002384   0x0000003c   Code   RO         9398    i.CAN_cmd_launcher  can_receive.o
    0x080023c0   0x080023c0   0x00000008   Code   RO         1395    i.CDC_Control_FS    usbd_cdc_if.o
    0x080023c8   0x080023c8   0x00000004   Code   RO         1396    i.CDC_DeInit_FS     usbd_cdc_if.o
    0x080023cc   0x080023cc   0x00000024   Code   RO         1397    i.CDC_Init_FS       usbd_cdc_if.o
    0x080023f0   0x080023f0   0x00000018   Code   RO         1398    i.CDC_Receive_FS    usbd_cdc_if.o
    0x08002408   0x08002408   0x0000002c   Code   RO         1399    i.CDC_Transmit_FS   usbd_cdc_if.o
    0x08002434   0x08002434   0x00000058   Code   RO         8819    i.DMA1_Stream7_IRQHandler  bsp_i2c.o
    0x0800248c   0x0800248c   0x0000000c   Code   RO         1450    i.DMA2_Stream1_IRQHandler  stm32f4xx_it.o
    0x08002498   0x08002498   0x0000000c   Code   RO         1451    i.DMA2_Stream6_IRQHandler  stm32f4xx_it.o
    0x080024a4   0x080024a4   0x0000000c   Code   RO         1452    i.DMA2_Stream7_IRQHandler  stm32f4xx_it.o
    0x080024b0   0x080024b0   0x0000002c   Code   RO         5837    i.DMA_CalcBaseAndBitshift  stm32f4xx_hal_dma.o
    0x080024dc   0x080024dc   0x00000078   Code   RO         5838    i.DMA_CheckFifoParam  stm32f4xx_hal_dma.o
    0x08002554   0x08002554   0x00000002   Code   RO         1453    i.DebugMon_Handler  stm32f4xx_it.o
    0x08002556   0x08002556   0x00000006   Code   RO         1454    i.EXTI0_IRQHandler  stm32f4xx_it.o
    0x0800255c   0x0800255c   0x00000006   Code   RO         1455    i.EXTI3_IRQHandler  stm32f4xx_it.o
    0x08002562   0x08002562   0x00000006   Code   RO         1456    i.EXTI4_IRQHandler  stm32f4xx_it.o
    0x08002568   0x08002568   0x00000006   Code   RO         1457    i.EXTI9_5_IRQHandler  stm32f4xx_it.o
    0x0800256e   0x0800256e   0x00000002   Code   RO           13    i.Error_Handler     main.o
    0x08002570   0x08002570   0x00000038   Code   RO         1304    i.Get_SerialNum     usbd_desc.o
    0x080025a8   0x080025a8   0x00000158   Code   RO         2229    i.HAL_ADC_ConfigChannel  stm32f4xx_hal_adc.o
    0x08002700   0x08002700   0x00000006   Code   RO         2236    i.HAL_ADC_GetValue  stm32f4xx_hal_adc.o
    0x08002706   0x08002706   0x00000054   Code   RO         2238    i.HAL_ADC_Init      stm32f4xx_hal_adc.o
    0x0800275a   0x0800275a   0x00000002   PAD
    0x0800275c   0x0800275c   0x0000007c   Code   RO          579    i.HAL_ADC_MspInit   adc.o
    0x080027d8   0x080027d8   0x000000a2   Code   RO         2242    i.HAL_ADC_PollForConversion  stm32f4xx_hal_adc.o
    0x0800287a   0x0800287a   0x00000002   PAD
    0x0800287c   0x0800287c   0x00000104   Code   RO         2244    i.HAL_ADC_Start     stm32f4xx_hal_adc.o
    0x08002980   0x08002980   0x00000024   Code   RO         2500    i.HAL_CAN_ActivateNotification  stm32f4xx_hal_can.o
    0x080029a4   0x080029a4   0x000000f2   Code   RO         2501    i.HAL_CAN_AddTxMessage  stm32f4xx_hal_can.o
    0x08002a96   0x08002a96   0x00000002   PAD
    0x08002a98   0x08002a98   0x00000110   Code   RO         2502    i.HAL_CAN_ConfigFilter  stm32f4xx_hal_can.o
    0x08002ba8   0x08002ba8   0x00000002   Code   RO         2505    i.HAL_CAN_ErrorCallback  stm32f4xx_hal_can.o
    0x08002baa   0x08002baa   0x00000104   Code   RO         2508    i.HAL_CAN_GetRxMessage  stm32f4xx_hal_can.o
    0x08002cae   0x08002cae   0x000001fc   Code   RO         2512    i.HAL_CAN_IRQHandler  stm32f4xx_hal_can.o
    0x08002eaa   0x08002eaa   0x00000152   Code   RO         2513    i.HAL_CAN_Init      stm32f4xx_hal_can.o
    0x08002ffc   0x08002ffc   0x00000100   Code   RO          627    i.HAL_CAN_MspInit   can.o
    0x080030fc   0x080030fc   0x00000002   Code   RO         2520    i.HAL_CAN_RxFifo0FullCallback  stm32f4xx_hal_can.o
    0x080030fe   0x080030fe   0x00000002   PAD
    0x08003100   0x08003100   0x0000011c   Code   RO         9400    i.HAL_CAN_RxFifo0MsgPendingCallback  can_receive.o
    0x0800321c   0x0800321c   0x00000002   Code   RO         2522    i.HAL_CAN_RxFifo1FullCallback  stm32f4xx_hal_can.o
    0x0800321e   0x0800321e   0x00000002   Code   RO         2523    i.HAL_CAN_RxFifo1MsgPendingCallback  stm32f4xx_hal_can.o
    0x08003220   0x08003220   0x00000002   Code   RO         2524    i.HAL_CAN_SleepCallback  stm32f4xx_hal_can.o
    0x08003222   0x08003222   0x00000058   Code   RO         2525    i.HAL_CAN_Start     stm32f4xx_hal_can.o
    0x0800327a   0x0800327a   0x00000002   Code   RO         2527    i.HAL_CAN_TxMailbox0AbortCallback  stm32f4xx_hal_can.o
    0x0800327c   0x0800327c   0x00000002   Code   RO         2528    i.HAL_CAN_TxMailbox0CompleteCallback  stm32f4xx_hal_can.o
    0x0800327e   0x0800327e   0x00000002   Code   RO         2529    i.HAL_CAN_TxMailbox1AbortCallback  stm32f4xx_hal_can.o
    0x08003280   0x08003280   0x00000002   Code   RO         2530    i.HAL_CAN_TxMailbox1CompleteCallback  stm32f4xx_hal_can.o
    0x08003282   0x08003282   0x00000002   Code   RO         2531    i.HAL_CAN_TxMailbox2AbortCallback  stm32f4xx_hal_can.o
    0x08003284   0x08003284   0x00000002   Code   RO         2532    i.HAL_CAN_TxMailbox2CompleteCallback  stm32f4xx_hal_can.o
    0x08003286   0x08003286   0x00000002   Code   RO         2534    i.HAL_CAN_WakeUpFromRxMsgCallback  stm32f4xx_hal_can.o
    0x08003288   0x08003288   0x00000028   Code   RO         2737    i.HAL_CRC_Init      stm32f4xx_hal_crc.o
    0x080032b0   0x080032b0   0x00000028   Code   RO          676    i.HAL_CRC_MspInit   crc.o
    0x080032d8   0x080032d8   0x00000024   Code   RO         5841    i.HAL_DMA_Abort_IT  stm32f4xx_hal_dma.o
    0x080032fc   0x080032fc   0x000001d0   Code   RO         5845    i.HAL_DMA_IRQHandler  stm32f4xx_hal_dma.o
    0x080034cc   0x080034cc   0x000000d4   Code   RO         5846    i.HAL_DMA_Init      stm32f4xx_hal_dma.o
    0x080035a0   0x080035a0   0x00000024   Code   RO         6259    i.HAL_Delay         stm32f4xx_hal.o
    0x080035c4   0x080035c4   0x00000002   Code   RO         5731    i.HAL_GPIO_EXTI_Callback  stm32f4xx_hal_gpio.o
    0x080035c6   0x080035c6   0x00000002   PAD
    0x080035c8   0x080035c8   0x00000018   Code   RO         5732    i.HAL_GPIO_EXTI_IRQHandler  stm32f4xx_hal_gpio.o
    0x080035e0   0x080035e0   0x000001c4   Code   RO         5733    i.HAL_GPIO_Init     stm32f4xx_hal_gpio.o
    0x080037a4   0x080037a4   0x0000000e   Code   RO         5737    i.HAL_GPIO_WritePin  stm32f4xx_hal_gpio.o
    0x080037b2   0x080037b2   0x00000002   PAD
    0x080037b4   0x080037b4   0x0000000c   Code   RO         6265    i.HAL_GetTick       stm32f4xx_hal.o
    0x080037c0   0x080037c0   0x00000184   Code   RO         2804    i.HAL_I2C_Init      stm32f4xx_hal_i2c.o
    0x08003944   0x08003944   0x00000184   Code   RO          813    i.HAL_I2C_MspInit   i2c.o
    0x08003ac8   0x08003ac8   0x00000010   Code   RO         6271    i.HAL_IncTick       stm32f4xx_hal.o
    0x08003ad8   0x08003ad8   0x00000034   Code   RO         6272    i.HAL_Init          stm32f4xx_hal.o
    0x08003b0c   0x08003b0c   0x00000044   Code   RO         6273    i.HAL_InitTick      stm32f4xx_hal.o
    0x08003b50   0x08003b50   0x00000038   Code   RO         1627    i.HAL_MspInit       stm32f4xx_hal_msp.o
    0x08003b88   0x08003b88   0x0000001a   Code   RO         6122    i.HAL_NVIC_EnableIRQ  stm32f4xx_hal_cortex.o
    0x08003ba2   0x08003ba2   0x00000002   PAD
    0x08003ba4   0x08003ba4   0x00000040   Code   RO         6128    i.HAL_NVIC_SetPriority  stm32f4xx_hal_cortex.o
    0x08003be4   0x08003be4   0x00000024   Code   RO         6129    i.HAL_NVIC_SetPriorityGrouping  stm32f4xx_hal_cortex.o
    0x08003c08   0x08003c08   0x00000002   Code   RO         1877    i.HAL_PCDEx_LPM_Callback  stm32f4xx_hal_pcd_ex.o
    0x08003c0a   0x08003c0a   0x00000008   Code   RO         1878    i.HAL_PCDEx_SetRxFiFo  stm32f4xx_hal_pcd_ex.o
    0x08003c12   0x08003c12   0x00000042   Code   RO         1879    i.HAL_PCDEx_SetTxFiFo  stm32f4xx_hal_pcd_ex.o
    0x08003c54   0x08003c54   0x00000008   Code   RO         1109    i.HAL_PCD_ConnectCallback  usbd_conf.o
    0x08003c5c   0x08003c5c   0x00000012   Code   RO         1110    i.HAL_PCD_DataInStageCallback  usbd_conf.o
    0x08003c6e   0x08003c6e   0x00000014   Code   RO         1111    i.HAL_PCD_DataOutStageCallback  usbd_conf.o
    0x08003c82   0x08003c82   0x00000008   Code   RO         1112    i.HAL_PCD_DisconnectCallback  usbd_conf.o
    0x08003c8a   0x08003c8a   0x00000048   Code   RO         1660    i.HAL_PCD_EP_Close  stm32f4xx_hal_pcd.o
    0x08003cd2   0x08003cd2   0x00000058   Code   RO         1661    i.HAL_PCD_EP_ClrStall  stm32f4xx_hal_pcd.o
    0x08003d2a   0x08003d2a   0x00000012   Code   RO         1663    i.HAL_PCD_EP_GetRxCount  stm32f4xx_hal_pcd.o
    0x08003d3c   0x08003d3c   0x0000005c   Code   RO         1664    i.HAL_PCD_EP_Open   stm32f4xx_hal_pcd.o
    0x08003d98   0x08003d98   0x00000042   Code   RO         1665    i.HAL_PCD_EP_Receive  stm32f4xx_hal_pcd.o
    0x08003dda   0x08003dda   0x00000070   Code   RO         1666    i.HAL_PCD_EP_SetStall  stm32f4xx_hal_pcd.o
    0x08003e4a   0x08003e4a   0x00000042   Code   RO         1667    i.HAL_PCD_EP_Transmit  stm32f4xx_hal_pcd.o
    0x08003e8c   0x08003e8c   0x000003ee   Code   RO         1669    i.HAL_PCD_IRQHandler  stm32f4xx_hal_pcd.o
    0x0800427a   0x0800427a   0x00000008   Code   RO         1113    i.HAL_PCD_ISOINIncompleteCallback  usbd_conf.o
    0x08004282   0x08004282   0x00000008   Code   RO         1114    i.HAL_PCD_ISOOUTIncompleteCallback  usbd_conf.o
    0x0800428a   0x0800428a   0x000000e4   Code   RO         1672    i.HAL_PCD_Init      stm32f4xx_hal_pcd.o
    0x0800436e   0x0800436e   0x00000002   PAD
    0x08004370   0x08004370   0x00000084   Code   RO         1116    i.HAL_PCD_MspInit   usbd_conf.o
    0x080043f4   0x080043f4   0x0000002e   Code   RO         1117    i.HAL_PCD_ResetCallback  usbd_conf.o
    0x08004422   0x08004422   0x00000008   Code   RO         1118    i.HAL_PCD_ResumeCallback  usbd_conf.o
    0x0800442a   0x0800442a   0x00000008   Code   RO         1119    i.HAL_PCD_SOFCallback  usbd_conf.o
    0x08004432   0x08004432   0x00000028   Code   RO         1678    i.HAL_PCD_SetAddress  stm32f4xx_hal_pcd.o
    0x0800445a   0x0800445a   0x0000000e   Code   RO         1120    i.HAL_PCD_SetupStageCallback  usbd_conf.o
    0x08004468   0x08004468   0x00000042   Code   RO         1680    i.HAL_PCD_Start     stm32f4xx_hal_pcd.o
    0x080044aa   0x080044aa   0x00000002   PAD
    0x080044ac   0x080044ac   0x00000030   Code   RO         1121    i.HAL_PCD_SuspendCallback  usbd_conf.o
    0x080044dc   0x080044dc   0x00000148   Code   RO         5439    i.HAL_RCCEx_PeriphCLKConfig  stm32f4xx_hal_rcc_ex.o
    0x08004624   0x08004624   0x00000144   Code   RO         5334    i.HAL_RCC_ClockConfig  stm32f4xx_hal_rcc.o
    0x08004768   0x08004768   0x0000000c   Code   RO         5339    i.HAL_RCC_GetHCLKFreq  stm32f4xx_hal_rcc.o
    0x08004774   0x08004774   0x00000020   Code   RO         5341    i.HAL_RCC_GetPCLK1Freq  stm32f4xx_hal_rcc.o
    0x08004794   0x08004794   0x00000020   Code   RO         5342    i.HAL_RCC_GetPCLK2Freq  stm32f4xx_hal_rcc.o
    0x080047b4   0x080047b4   0x0000006c   Code   RO         5343    i.HAL_RCC_GetSysClockFreq  stm32f4xx_hal_rcc.o
    0x08004820   0x08004820   0x00000390   Code   RO         5346    i.HAL_RCC_OscConfig  stm32f4xx_hal_rcc.o
    0x08004bb0   0x08004bb0   0x00000034   Code   RO         3282    i.HAL_RNG_Init      stm32f4xx_hal_rng.o
    0x08004be4   0x08004be4   0x00000028   Code   RO          867    i.HAL_RNG_MspInit   rng.o
    0x08004c0c   0x08004c0c   0x000000b8   Code   RO         3383    i.HAL_RTC_Init      stm32f4xx_hal_rtc.o
    0x08004cc4   0x08004cc4   0x00000018   Code   RO          909    i.HAL_RTC_MspInit   rtc.o
    0x08004cdc   0x08004cdc   0x00000034   Code   RO         3391    i.HAL_RTC_WaitForSynchro  stm32f4xx_hal_rtc.o
    0x08004d10   0x08004d10   0x00000082   Code   RO         3752    i.HAL_SPI_Init      stm32f4xx_hal_spi.o
    0x08004d92   0x08004d92   0x00000002   PAD
    0x08004d94   0x08004d94   0x0000015c   Code   RO          951    i.HAL_SPI_MspInit   spi.o
    0x08004ef0   0x08004ef0   0x00000028   Code   RO         6133    i.HAL_SYSTICK_Config  stm32f4xx_hal_cortex.o
    0x08004f18   0x08004f18   0x00000054   Code   RO         4754    i.HAL_TIMEx_ConfigBreakDeadTime  stm32f4xx_hal_tim_ex.o
    0x08004f6c   0x08004f6c   0x00000042   Code   RO         4769    i.HAL_TIMEx_MasterConfigSynchronization  stm32f4xx_hal_tim_ex.o
    0x08004fae   0x08004fae   0x00000038   Code   RO         4065    i.HAL_TIM_Base_Init  stm32f4xx_hal_tim.o
    0x08004fe6   0x08004fe6   0x00000002   PAD
    0x08004fe8   0x08004fe8   0x0000009c   Code   RO          351    i.HAL_TIM_Base_MspInit  tim.o
    0x08005084   0x08005084   0x00000024   Code   RO         4068    i.HAL_TIM_Base_Start  stm32f4xx_hal_tim.o
    0x080050a8   0x080050a8   0x000000e2   Code   RO         4074    i.HAL_TIM_ConfigClockSource  stm32f4xx_hal_tim.o
    0x0800518a   0x0800518a   0x00000002   PAD
    0x0800518c   0x0800518c   0x000001cc   Code   RO          352    i.HAL_TIM_MspPostInit  tim.o
    0x08005358   0x08005358   0x000000da   Code   RO         4132    i.HAL_TIM_PWM_ConfigChannel  stm32f4xx_hal_tim.o
    0x08005432   0x08005432   0x00000038   Code   RO         4135    i.HAL_TIM_PWM_Init  stm32f4xx_hal_tim.o
    0x0800546a   0x0800546a   0x00000002   Code   RO         4137    i.HAL_TIM_PWM_MspInit  stm32f4xx_hal_tim.o
    0x0800546c   0x0800546c   0x00000044   Code   RO         4140    i.HAL_TIM_PWM_Start  stm32f4xx_hal_tim.o
    0x080054b0   0x080054b0   0x00000002   Code   RO         5023    i.HAL_UART_ErrorCallback  stm32f4xx_hal_uart.o
    0x080054b2   0x080054b2   0x00000002   PAD
    0x080054b4   0x080054b4   0x00000110   Code   RO         5026    i.HAL_UART_IRQHandler  stm32f4xx_hal_uart.o
    0x080055c4   0x080055c4   0x00000064   Code   RO         5027    i.HAL_UART_Init     stm32f4xx_hal_uart.o
    0x08005628   0x08005628   0x000002e8   Code   RO          999    i.HAL_UART_MspInit  usart.o
    0x08005910   0x08005910   0x00000002   Code   RO         5033    i.HAL_UART_RxCpltCallback  stm32f4xx_hal_uart.o
    0x08005912   0x08005912   0x00000002   Code   RO         5038    i.HAL_UART_TxCpltCallback  stm32f4xx_hal_uart.o
    0x08005914   0x08005914   0x00000002   Code   RO         1458    i.HardFault_Handler  stm32f4xx_it.o
    0x08005916   0x08005916   0x0000003a   Code   RO         1305    i.IntToUnicode      usbd_desc.o
    0x08005950   0x08005950   0x00000064   Code   RO          580    i.MX_ADC1_Init      adc.o
    0x080059b4   0x080059b4   0x00000064   Code   RO          581    i.MX_ADC3_Init      adc.o
    0x08005a18   0x08005a18   0x00000044   Code   RO          628    i.MX_CAN1_Init      can.o
    0x08005a5c   0x08005a5c   0x00000044   Code   RO          629    i.MX_CAN2_Init      can.o
    0x08005aa0   0x08005aa0   0x00000024   Code   RO          677    i.MX_CRC_Init       crc.o
    0x08005ac4   0x08005ac4   0x000000ac   Code   RO          717    i.MX_DMA_Init       dma.o
    0x08005b70   0x08005b70   0x00000094   Code   RO          744    i.MX_FREERTOS_Init  freertos.o
    0x08005c04   0x08005c04   0x000001fc   Code   RO          551    i.MX_GPIO_Init      gpio.o
    0x08005e00   0x08005e00   0x00000040   Code   RO          814    i.MX_I2C1_Init      i2c.o
    0x08005e40   0x08005e40   0x00000040   Code   RO          815    i.MX_I2C2_Init      i2c.o
    0x08005e80   0x08005e80   0x00000040   Code   RO          816    i.MX_I2C3_Init      i2c.o
    0x08005ec0   0x08005ec0   0x00000024   Code   RO          868    i.MX_RNG_Init       rng.o
    0x08005ee4   0x08005ee4   0x00000038   Code   RO          910    i.MX_RTC_Init       rtc.o
    0x08005f1c   0x08005f1c   0x00000048   Code   RO          952    i.MX_SPI1_Init      spi.o
    0x08005f64   0x08005f64   0x00000048   Code   RO          953    i.MX_SPI2_Init      spi.o
    0x08005fac   0x08005fac   0x00000064   Code   RO          353    i.MX_TIM10_Init     tim.o
    0x08006010   0x08006010   0x00000098   Code   RO          354    i.MX_TIM3_Init      tim.o
    0x080060a8   0x080060a8   0x00000098   Code   RO          355    i.MX_TIM4_Init      tim.o
    0x08006140   0x08006140   0x000000b8   Code   RO          356    i.MX_TIM5_Init      tim.o
    0x080061f8   0x080061f8   0x000000dc   Code   RO          357    i.MX_TIM8_Init      tim.o
    0x080062d4   0x080062d4   0x00000038   Code   RO         1000    i.MX_USART1_UART_Init  usart.o
    0x0800630c   0x0800630c   0x00000040   Code   RO         1001    i.MX_USART3_UART_Init  usart.o
    0x0800634c   0x0800634c   0x00000038   Code   RO         1002    i.MX_USART6_UART_Init  usart.o
    0x08006384   0x08006384   0x00000054   Code   RO         1052    i.MX_USB_DEVICE_Init  usb_device.o
    0x080063d8   0x080063d8   0x00000002   Code   RO         1459    i.MemManage_Handler  stm32f4xx_it.o
    0x080063da   0x080063da   0x00000002   Code   RO         1460    i.NMI_Handler       stm32f4xx_it.o
    0x080063dc   0x080063dc   0x00000024   Code   RO        10018    i.OLED_com_reset    oled.o
    0x08006400   0x08006400   0x0000000c   Code   RO         1461    i.OTG_FS_IRQHandler  stm32f4xx_it.o
    0x0800640c   0x0800640c   0x00000064   Code   RO         1683    i.PCD_EP_OutSetupPacket_int  stm32f4xx_hal_pcd.o
    0x08006470   0x08006470   0x000000e8   Code   RO         1684    i.PCD_EP_OutXfrComplete_int  stm32f4xx_hal_pcd.o
    0x08006558   0x08006558   0x0000009c   Code   RO         1685    i.PCD_WriteEmptyTxFifo  stm32f4xx_hal_pcd.o
    0x080065f4   0x080065f4   0x0000006c   Code   RO         8952    i.RC_Init           bsp_rc.o
    0x08006660   0x08006660   0x00000038   Code   RO         3394    i.RTC_EnterInitMode  stm32f4xx_hal_rtc.o
    0x08006698   0x08006698   0x0000000e   Code   RO         1462    i.SysTick_Handler   stm32f4xx_it.o
    0x080066a6   0x080066a6   0x00000002   PAD
    0x080066a8   0x080066a8   0x000000b4   Code   RO           14    i.SystemClock_Config  main.o
    0x0800675c   0x0800675c   0x00000054   Code   RO         6508    i.SystemInit        system_stm32f4xx.o
    0x080067b0   0x080067b0   0x000000cc   Code   RO         4153    i.TIM_Base_SetConfig  stm32f4xx_hal_tim.o
    0x0800687c   0x0800687c   0x0000001a   Code   RO         4154    i.TIM_CCxChannelCmd  stm32f4xx_hal_tim.o
    0x08006896   0x08006896   0x00000014   Code   RO         4164    i.TIM_ETR_SetConfig  stm32f4xx_hal_tim.o
    0x080068aa   0x080068aa   0x00000010   Code   RO         4165    i.TIM_ITRx_SetConfig  stm32f4xx_hal_tim.o
    0x080068ba   0x080068ba   0x00000002   PAD
    0x080068bc   0x080068bc   0x00000068   Code   RO         4166    i.TIM_OC1_SetConfig  stm32f4xx_hal_tim.o
    0x08006924   0x08006924   0x00000074   Code   RO         4167    i.TIM_OC2_SetConfig  stm32f4xx_hal_tim.o
    0x08006998   0x08006998   0x00000070   Code   RO         4168    i.TIM_OC3_SetConfig  stm32f4xx_hal_tim.o
    0x08006a08   0x08006a08   0x00000054   Code   RO         4169    i.TIM_OC4_SetConfig  stm32f4xx_hal_tim.o
    0x08006a5c   0x08006a5c   0x00000022   Code   RO         4171    i.TIM_TI1_ConfigInputStage  stm32f4xx_hal_tim.o
    0x08006a7e   0x08006a7e   0x00000024   Code   RO         4173    i.TIM_TI2_ConfigInputStage  stm32f4xx_hal_tim.o
    0x08006aa2   0x08006aa2   0x00000010   Code   RO         5040    i.UART_DMAAbortOnError  stm32f4xx_hal_uart.o
    0x08006ab2   0x08006ab2   0x0000001c   Code   RO         5050    i.UART_EndRxTransfer  stm32f4xx_hal_uart.o
    0x08006ace   0x08006ace   0x0000001a   Code   RO         5051    i.UART_EndTransmit_IT  stm32f4xx_hal_uart.o
    0x08006ae8   0x08006ae8   0x0000009c   Code   RO         5053    i.UART_Receive_IT   stm32f4xx_hal_uart.o
    0x08006b84   0x08006b84   0x00000314   Code   RO         5054    i.UART_SetConfig    stm32f4xx_hal_uart.o
    0x08006e98   0x08006e98   0x00000066   Code   RO         5055    i.UART_Transmit_IT  stm32f4xx_hal_uart.o
    0x08006efe   0x08006efe   0x00000002   PAD
    0x08006f00   0x08006f00   0x000000c0   Code   RO         1463    i.USART1_IRQHandler  stm32f4xx_it.o
    0x08006fc0   0x08006fc0   0x000000e0   Code   RO         9158    i.USART3_IRQHandler  remote_control.o
    0x080070a0   0x080070a0   0x000000c4   Code   RO         9858    i.USART6_IRQHandler  referee_usart_task.o
    0x08007164   0x08007164   0x0000004c   Code   RO         8337    i.USBD_CDC_DataIn   usbd_cdc.o
    0x080071b0   0x080071b0   0x00000030   Code   RO         8338    i.USBD_CDC_DataOut  usbd_cdc.o
    0x080071e0   0x080071e0   0x00000044   Code   RO         8339    i.USBD_CDC_DeInit   usbd_cdc.o
    0x08007224   0x08007224   0x0000002a   Code   RO         8340    i.USBD_CDC_EP0_RxReady  usbd_cdc.o
    0x0800724e   0x0800724e   0x00000002   PAD
    0x08007250   0x08007250   0x0000000c   Code   RO         8341    i.USBD_CDC_GetDeviceQualifierDescriptor  usbd_cdc.o
    0x0800725c   0x0800725c   0x0000000c   Code   RO         8342    i.USBD_CDC_GetFSCfgDesc  usbd_cdc.o
    0x08007268   0x08007268   0x0000000c   Code   RO         8343    i.USBD_CDC_GetHSCfgDesc  usbd_cdc.o
    0x08007274   0x08007274   0x0000000c   Code   RO         8344    i.USBD_CDC_GetOtherSpeedCfgDesc  usbd_cdc.o
    0x08007280   0x08007280   0x000000ae   Code   RO         8345    i.USBD_CDC_Init     usbd_cdc.o
    0x0800732e   0x0800732e   0x00000032   Code   RO         8346    i.USBD_CDC_ReceivePacket  usbd_cdc.o
    0x08007360   0x08007360   0x00000010   Code   RO         8347    i.USBD_CDC_RegisterInterface  usbd_cdc.o
    0x08007370   0x08007370   0x0000000c   Code   RO         8348    i.USBD_CDC_SetRxBuffer  usbd_cdc.o
    0x0800737c   0x0800737c   0x00000010   Code   RO         8349    i.USBD_CDC_SetTxBuffer  usbd_cdc.o
    0x0800738c   0x0800738c   0x000000e4   Code   RO         8350    i.USBD_CDC_Setup    usbd_cdc.o
    0x08007470   0x08007470   0x00000034   Code   RO         8351    i.USBD_CDC_TransmitPacket  usbd_cdc.o
    0x080074a4   0x080074a4   0x0000000e   Code   RO         8044    i.USBD_ClrClassConfig  usbd_core.o
    0x080074b2   0x080074b2   0x00000026   Code   RO         8182    i.USBD_ClrFeature   usbd_ctlreq.o
    0x080074d8   0x080074d8   0x00000010   Code   RO         8277    i.USBD_CtlContinueRx  usbd_ioreq.o
    0x080074e8   0x080074e8   0x00000010   Code   RO         8278    i.USBD_CtlContinueSendData  usbd_ioreq.o
    0x080074f8   0x080074f8   0x00000018   Code   RO         8183    i.USBD_CtlError     usbd_ctlreq.o
    0x08007510   0x08007510   0x0000001e   Code   RO         8279    i.USBD_CtlPrepareRx  usbd_ioreq.o
    0x0800752e   0x0800752e   0x00000016   Code   RO         8280    i.USBD_CtlReceiveStatus  usbd_ioreq.o
    0x08007544   0x08007544   0x0000001a   Code   RO         8281    i.USBD_CtlSendData  usbd_ioreq.o
    0x0800755e   0x0800755e   0x00000016   Code   RO         8282    i.USBD_CtlSendStatus  usbd_ioreq.o
    0x08007574   0x08007574   0x00000030   Code   RO         1306    i.USBD_FS_ConfigStrDescriptor  usbd_desc.o
    0x080075a4   0x080075a4   0x0000000c   Code   RO         1307    i.USBD_FS_DeviceDescriptor  usbd_desc.o
    0x080075b0   0x080075b0   0x00000034   Code   RO         1308    i.USBD_FS_InterfaceStrDescriptor  usbd_desc.o
    0x080075e4   0x080075e4   0x0000000c   Code   RO         1309    i.USBD_FS_LangIDStrDescriptor  usbd_desc.o
    0x080075f0   0x080075f0   0x00000028   Code   RO         1310    i.USBD_FS_ManufacturerStrDescriptor  usbd_desc.o
    0x08007618   0x08007618   0x0000003c   Code   RO         1311    i.USBD_FS_ProductStrDescriptor  usbd_desc.o
    0x08007654   0x08007654   0x00000014   Code   RO         1312    i.USBD_FS_SerialStrDescriptor  usbd_desc.o
    0x08007668   0x08007668   0x0000003a   Code   RO         8184    i.USBD_GetConfig    usbd_ctlreq.o
    0x080076a2   0x080076a2   0x00000136   Code   RO         8185    i.USBD_GetDescriptor  usbd_ctlreq.o
    0x080077d8   0x080077d8   0x00000014   Code   RO         8186    i.USBD_GetLen       usbd_ctlreq.o
    0x080077ec   0x080077ec   0x0000003c   Code   RO         8187    i.USBD_GetStatus    usbd_ctlreq.o
    0x08007828   0x08007828   0x0000003e   Code   RO         8188    i.USBD_GetString    usbd_ctlreq.o
    0x08007866   0x08007866   0x00000024   Code   RO         1122    i.USBD_Get_USB_Status  usbd_conf.o
    0x0800788a   0x0800788a   0x0000002c   Code   RO         8046    i.USBD_Init         usbd_core.o
    0x080078b6   0x080078b6   0x00000012   Code   RO         1123    i.USBD_LL_ClearStallEP  usbd_conf.o
    0x080078c8   0x080078c8   0x00000012   Code   RO         1124    i.USBD_LL_CloseEP   usbd_conf.o
    0x080078da   0x080078da   0x000000d6   Code   RO         8047    i.USBD_LL_DataInStage  usbd_core.o
    0x080079b0   0x080079b0   0x00000086   Code   RO         8048    i.USBD_LL_DataOutStage  usbd_core.o
    0x08007a36   0x08007a36   0x00000004   Code   RO         8049    i.USBD_LL_DevConnected  usbd_core.o
    0x08007a3a   0x08007a3a   0x00000016   Code   RO         8050    i.USBD_LL_DevDisconnected  usbd_core.o
    0x08007a50   0x08007a50   0x00000008   Code   RO         1128    i.USBD_LL_GetRxDataSize  usbd_conf.o
    0x08007a58   0x08007a58   0x00000060   Code   RO         1129    i.USBD_LL_Init      usbd_conf.o
    0x08007ab8   0x08007ab8   0x00000020   Code   RO         1130    i.USBD_LL_IsStallEP  usbd_conf.o
    0x08007ad8   0x08007ad8   0x00000004   Code   RO         8051    i.USBD_LL_IsoINIncomplete  usbd_core.o
    0x08007adc   0x08007adc   0x00000004   Code   RO         8052    i.USBD_LL_IsoOUTIncomplete  usbd_core.o
    0x08007ae0   0x08007ae0   0x00000018   Code   RO         1131    i.USBD_LL_OpenEP    usbd_conf.o
    0x08007af8   0x08007af8   0x00000012   Code   RO         1132    i.USBD_LL_PrepareReceive  usbd_conf.o
    0x08007b0a   0x08007b0a   0x00000052   Code   RO         8053    i.USBD_LL_Reset     usbd_core.o
    0x08007b5c   0x08007b5c   0x0000000c   Code   RO         8054    i.USBD_LL_Resume    usbd_core.o
    0x08007b68   0x08007b68   0x00000018   Code   RO         8055    i.USBD_LL_SOF       usbd_core.o
    0x08007b80   0x08007b80   0x00000006   Code   RO         8056    i.USBD_LL_SetSpeed  usbd_core.o
    0x08007b86   0x08007b86   0x00000012   Code   RO         1133    i.USBD_LL_SetUSBAddress  usbd_conf.o
    0x08007b98   0x08007b98   0x0000005a   Code   RO         8057    i.USBD_LL_SetupStage  usbd_core.o
    0x08007bf2   0x08007bf2   0x00000012   Code   RO         1134    i.USBD_LL_StallEP   usbd_conf.o
    0x08007c04   0x08007c04   0x00000012   Code   RO         1135    i.USBD_LL_Start     usbd_conf.o
    0x08007c16   0x08007c16   0x00000010   Code   RO         8058    i.USBD_LL_Suspend   usbd_core.o
    0x08007c26   0x08007c26   0x00000012   Code   RO         1137    i.USBD_LL_Transmit  usbd_conf.o
    0x08007c38   0x08007c38   0x00000028   Code   RO         8189    i.USBD_ParseSetupRequest  usbd_ctlreq.o
    0x08007c60   0x08007c60   0x00000012   Code   RO         8059    i.USBD_RegisterClass  usbd_core.o
    0x08007c72   0x08007c72   0x00000004   Code   RO         8060    i.USBD_RunTestMode  usbd_core.o
    0x08007c76   0x08007c76   0x00000058   Code   RO         8190    i.USBD_SetAddress   usbd_ctlreq.o
    0x08007cce   0x08007cce   0x00000018   Code   RO         8061    i.USBD_SetClassConfig  usbd_core.o
    0x08007ce6   0x08007ce6   0x00000002   PAD
    0x08007ce8   0x08007ce8   0x000000cc   Code   RO         8191    i.USBD_SetConfig    usbd_ctlreq.o
    0x08007db4   0x08007db4   0x00000010   Code   RO         8192    i.USBD_SetFeature   usbd_ctlreq.o
    0x08007dc4   0x08007dc4   0x0000000a   Code   RO         8062    i.USBD_Start        usbd_core.o
    0x08007dce   0x08007dce   0x0000006a   Code   RO         8193    i.USBD_StdDevReq    usbd_ctlreq.o
    0x08007e38   0x08007e38   0x000001e4   Code   RO         8194    i.USBD_StdEPReq     usbd_ctlreq.o
    0x0800801c   0x0800801c   0x0000006a   Code   RO         8195    i.USBD_StdItfReq    usbd_ctlreq.o
    0x08008086   0x08008086   0x00000002   PAD
    0x08008088   0x08008088   0x00000084   Code   RO         1919    i.USB_ActivateEndpoint  stm32f4xx_ll_usb.o
    0x0800810c   0x0800810c   0x00000034   Code   RO         1921    i.USB_ActivateSetup  stm32f4xx_ll_usb.o
    0x08008140   0x08008140   0x00000080   Code   RO         1923    i.USB_CoreInit      stm32f4xx_ll_usb.o
    0x080081c0   0x080081c0   0x00000038   Code   RO         1924    i.USB_CoreReset     stm32f4xx_ll_usb.o
    0x080081f8   0x080081f8   0x00000084   Code   RO         1927    i.USB_DeactivateEndpoint  stm32f4xx_ll_usb.o
    0x0800827c   0x0800827c   0x00000018   Code   RO         1928    i.USB_DevConnect    stm32f4xx_ll_usb.o
    0x08008294   0x08008294   0x00000018   Code   RO         1929    i.USB_DevDisconnect  stm32f4xx_ll_usb.o
    0x080082ac   0x080082ac   0x00000184   Code   RO         1930    i.USB_DevInit       stm32f4xx_ll_usb.o
    0x08008430   0x08008430   0x0000000c   Code   RO         1931    i.USB_DisableGlobalInt  stm32f4xx_ll_usb.o
    0x0800843c   0x0800843c   0x00000114   Code   RO         1934    i.USB_EP0StartXfer  stm32f4xx_ll_usb.o
    0x08008550   0x08008550   0x00000054   Code   RO         1935    i.USB_EP0_OutStart  stm32f4xx_ll_usb.o
    0x080085a4   0x080085a4   0x00000058   Code   RO         1936    i.USB_EPClearStall  stm32f4xx_ll_usb.o
    0x080085fc   0x080085fc   0x00000058   Code   RO         1937    i.USB_EPSetStall    stm32f4xx_ll_usb.o
    0x08008654   0x08008654   0x000001f4   Code   RO         1938    i.USB_EPStartXfer   stm32f4xx_ll_usb.o
    0x08008848   0x08008848   0x0000000c   Code   RO         1939    i.USB_EnableGlobalInt  stm32f4xx_ll_usb.o
    0x08008854   0x08008854   0x00000020   Code   RO         1940    i.USB_FlushRxFifo   stm32f4xx_ll_usb.o
    0x08008874   0x08008874   0x00000024   Code   RO         1941    i.USB_FlushTxFifo   stm32f4xx_ll_usb.o
    0x08008898   0x08008898   0x00000020   Code   RO         1943    i.USB_GetDevSpeed   stm32f4xx_ll_usb.o
    0x080088b8   0x080088b8   0x00000008   Code   RO         1945    i.USB_GetMode       stm32f4xx_ll_usb.o
    0x080088c0   0x080088c0   0x0000000e   Code   RO         1952    i.USB_ReadDevAllInEpInterrupt  stm32f4xx_ll_usb.o
    0x080088ce   0x080088ce   0x0000000e   Code   RO         1953    i.USB_ReadDevAllOutEpInterrupt  stm32f4xx_ll_usb.o
    0x080088dc   0x080088dc   0x00000024   Code   RO         1954    i.USB_ReadDevInEPInterrupt  stm32f4xx_ll_usb.o
    0x08008900   0x08008900   0x00000010   Code   RO         1955    i.USB_ReadDevOutEPInterrupt  stm32f4xx_ll_usb.o
    0x08008910   0x08008910   0x00000008   Code   RO         1956    i.USB_ReadInterrupts  stm32f4xx_ll_usb.o
    0x08008918   0x08008918   0x0000001e   Code   RO         1957    i.USB_ReadPacket    stm32f4xx_ll_usb.o
    0x08008936   0x08008936   0x00000030   Code   RO         1959    i.USB_SetCurrentMode  stm32f4xx_ll_usb.o
    0x08008966   0x08008966   0x0000001e   Code   RO         1960    i.USB_SetDevAddress  stm32f4xx_ll_usb.o
    0x08008984   0x08008984   0x0000000e   Code   RO         1961    i.USB_SetDevSpeed   stm32f4xx_ll_usb.o
    0x08008992   0x08008992   0x00000002   PAD
    0x08008994   0x08008994   0x000000f4   Code   RO         1962    i.USB_SetTurnaroundTime  stm32f4xx_ll_usb.o
    0x08008a88   0x08008a88   0x00000026   Code   RO         1965    i.USB_WritePacket   stm32f4xx_ll_usb.o
    0x08008aae   0x08008aae   0x00000002   Code   RO         1464    i.UsageFault_Handler  stm32f4xx_it.o
    0x08008ab0   0x08008ab0   0x00000030   Code   RO        11883    i.__ARM_fpclassify  m_wm.l(fpclassify.o)
    0x08008ae0   0x08008ae0   0x00000020   Code   RO         6135    i.__NVIC_SetPriority  stm32f4xx_hal_cortex.o
    0x08008b00   0x08008b00   0x00000014   Code   RO        11489    i.__hardfp_fabs     m_wm.l(fabs.o)
    0x08008b14   0x08008b14   0x0000000e   Code   RO        11611    i._is_digit         c_w.l(__printf_wp.o)
    0x08008b22   0x08008b22   0x00000002   PAD
    0x08008b24   0x08008b24   0x0000003c   Code   RO         8923    i.aRGB_led_show     bsp_led.o
    0x08008b60   0x08008b60   0x0000003c   Code   RO         8443    i.adcx_get_chx_value  bsp_adc.o
    0x08008b9c   0x08008b9c   0x0000002c   Code   RO         9728    i.battery_voltage_task  voltage_task.o
    0x08008bc8   0x08008bc8   0x0000004c   Code   RO         8826    i.bsp_I2C_reset     bsp_i2c.o
    0x08008c14   0x08008c14   0x000000cc   Code   RO         9729    i.calc_battery_percentage  voltage_task.o
    0x08008ce0   0x08008ce0   0x00000058   Code   RO         8624    i.can_filter_init   bsp_can.o
    0x08008d38   0x08008d38   0x00000028   Code   RO         8693    i.delay_init        bsp_delay.o
    0x08008d60   0x08008d60   0x0000005c   Code   RO         9327    i.detect_hook       detect_task.o
    0x08008dbc   0x08008dbc   0x00000094   Code   RO         9328    i.detect_init       detect_task.o
    0x08008e50   0x08008e50   0x0000010c   Code   RO         9329    i.detect_task       detect_task.o
    0x08008f5c   0x08008f5c   0x0000002e   Code   RO        10812    i.fifo_s_get        fifo.o
    0x08008f8a   0x08008f8a   0x00000016   Code   RO        10815    i.fifo_s_init       fifo.o
    0x08008fa0   0x08008fa0   0x00000084   Code   RO        10821    i.fifo_s_puts       fifo.o
    0x08009024   0x08009024   0x00000004   Code   RO        10823    i.fifo_s_used       fifo.o
    0x08009028   0x08009028   0x00000030   Code   RO        10735    i.get_CRC16_check_sum  crc8_crc16.o
    0x08009058   0x08009058   0x0000001c   Code   RO        10736    i.get_CRC8_check_sum  crc8_crc16.o
    0x08009074   0x08009074   0x00000024   Code   RO         9730    i.get_battery_percentage  voltage_task.o
    0x08009098   0x08009098   0x00000034   Code   RO         8444    i.get_battery_voltage  bsp_adc.o
    0x080090cc   0x080090cc   0x00000008   Code   RO         9330    i.get_error_list_point  detect_task.o
    0x080090d4   0x080090d4   0x00000008   Code   RO         9159    i.get_remote_control_point  remote_control.o
    0x080090dc   0x080090dc   0x00000008   Code   RO         9403    i.get_spring_motor_measure_point  can_receive.o
    0x080090e4   0x080090e4   0x00000008   Code   RO         9404    i.get_yaw_motor_measure_point  can_receive.o
    0x080090ec   0x080090ec   0x00000080   Code   RO         9670    i.init_referee_struct_data  referee.o
    0x0800916c   0x0800916c   0x0000003c   Code   RO         8447    i.init_vrefint_reciprocal  bsp_adc.o
    0x080091a8   0x080091a8   0x0000002c   Code   RO         9474    i.launcher_behaviour_control_set  launcher_behaviour.o
    0x080091d4   0x080091d4   0x00000050   Code   RO         9475    i.launcher_behaviour_mode_set  launcher_behaviour.o
    0x08009224   0x08009224   0x00000088   Code   RO         9476    i.launcher_behavour_set  launcher_behaviour.o
    0x080092ac   0x080092ac   0x000000f8   Code   RO         9574    i.launcher_control_loop  launcher_task.o
    0x080093a4   0x080093a4   0x0000002a   Code   RO         9575    i.launcher_feedback_update  launcher_task.o
    0x080093ce   0x080093ce   0x00000002   PAD
    0x080093d0   0x080093d0   0x00000088   Code   RO         9576    i.launcher_init     launcher_task.o
    0x08009458   0x08009458   0x00000094   Code   RO         9479    i.launcher_init_control  launcher_behaviour.o
    0x080094ec   0x080094ec   0x00000086   Code   RO         9577    i.launcher_mode_change_control_transit  launcher_task.o
    0x08009572   0x08009572   0x00000002   PAD
    0x08009574   0x08009574   0x000000a0   Code   RO         9480    i.launcher_relative_angle_control  launcher_behaviour.o
    0x08009614   0x08009614   0x00000068   Code   RO         9578    i.launcher_set_control  launcher_task.o
    0x0800967c   0x0800967c   0x0000000a   Code   RO         9579    i.launcher_set_mode  launcher_task.o
    0x08009686   0x08009686   0x00000002   PAD
    0x08009688   0x08009688   0x00000048   Code   RO         9580    i.launcher_spring_relative_angle_limit  launcher_task.o
    0x080096d0   0x080096d0   0x0000009c   Code   RO         9581    i.launcher_task     launcher_task.o
    0x0800976c   0x0800976c   0x00000012   Code   RO         9582    i.launcher_yaw_relative_angle_limit  launcher_task.o
    0x0800977e   0x0800977e   0x00000002   PAD
    0x08009780   0x08009780   0x00000020   Code   RO         9481    i.launcher_zero_force_control  launcher_behaviour.o
    0x080097a0   0x080097a0   0x00000118   Code   RO         9911    i.led_RGB_flow_task  led_flow_task.o
    0x080098b8   0x080098b8   0x0000007e   Code   RO           15    i.main              main.o
    0x08009936   0x08009936   0x0000000c   Code   RO         7536    i.makeFreeRtosPriority  cmsis_os.o
    0x08009942   0x08009942   0x00000002   PAD
    0x08009944   0x08009944   0x00000034   Code   RO         9583    i.motor_ecd_to_angle_change  launcher_task.o
    0x08009978   0x08009978   0x00000010   Code   RO         7538    i.osDelay           cmsis_os.o
    0x08009988   0x08009988   0x0000000a   Code   RO         7541    i.osKernelStart     cmsis_os.o
    0x08009992   0x08009992   0x00000014   Code   RO         7574    i.osSystickHandler  cmsis_os.o
    0x080099a6   0x080099a6   0x00000058   Code   RO         7575    i.osThreadCreate    cmsis_os.o
    0x080099fe   0x080099fe   0x00000002   PAD
    0x08009a00   0x08009a00   0x00000078   Code   RO         7034    i.prvAddCurrentTaskToDelayedList  tasks.o
    0x08009a78   0x08009a78   0x00000088   Code   RO         7035    i.prvAddNewTaskToReadyList  tasks.o
    0x08009b00   0x08009b00   0x00000058   Code   RO         7383    i.prvCheckForValidListAndQueue  timers.o
    0x08009b58   0x08009b58   0x0000003c   Code   RO         7036    i.prvCheckTasksWaitingTermination  tasks.o
    0x08009b94   0x08009b94   0x00000028   Code   RO         6690    i.prvCopyDataFromQueue  queue.o
    0x08009bbc   0x08009bbc   0x0000006e   Code   RO         6691    i.prvCopyDataToQueue  queue.o
    0x08009c2a   0x08009c2a   0x00000040   Code   RO         7037    i.prvDeleteTCB      tasks.o
    0x08009c6a   0x08009c6a   0x00000002   PAD
    0x08009c6c   0x08009c6c   0x00000024   Code   RO         7384    i.prvGetNextExpireTime  timers.o
    0x08009c90   0x08009c90   0x0000004c   Code   RO         7915    i.prvHeapInit       heap_4.o
    0x08009cdc   0x08009cdc   0x00000028   Code   RO         7038    i.prvIdleTask       tasks.o
    0x08009d04   0x08009d04   0x00000018   Code   RO         6694    i.prvInitialiseNewQueue  queue.o
    0x08009d1c   0x08009d1c   0x0000009e   Code   RO         7039    i.prvInitialiseNewTask  tasks.o
    0x08009dba   0x08009dba   0x00000002   PAD
    0x08009dbc   0x08009dbc   0x00000058   Code   RO         7040    i.prvInitialiseTaskLists  tasks.o
    0x08009e14   0x08009e14   0x00000054   Code   RO         7916    i.prvInsertBlockIntoFreeList  heap_4.o
    0x08009e68   0x08009e68   0x00000040   Code   RO         7386    i.prvInsertTimerInActiveList  timers.o
    0x08009ea8   0x08009ea8   0x0000001a   Code   RO         6695    i.prvIsQueueEmpty   queue.o
    0x08009ec2   0x08009ec2   0x0000001e   Code   RO         6696    i.prvIsQueueFull    queue.o
    0x08009ee0   0x08009ee0   0x0000005c   Code   RO         7387    i.prvProcessExpiredTimer  timers.o
    0x08009f3c   0x08009f3c   0x000000cc   Code   RO         7388    i.prvProcessReceivedCommands  timers.o
    0x0800a008   0x0800a008   0x0000006c   Code   RO         7389    i.prvProcessTimerOrBlockTask  timers.o
    0x0800a074   0x0800a074   0x00000024   Code   RO         7041    i.prvResetNextTaskUnblockTime  tasks.o
    0x0800a098   0x0800a098   0x0000002c   Code   RO         7390    i.prvSampleTimeNow  timers.o
    0x0800a0c4   0x0800a0c4   0x0000006c   Code   RO         7391    i.prvSwitchTimerLists  timers.o
    0x0800a130   0x0800a130   0x00000014   Code   RO         7043    i.prvTaskCheckFreeStackSpace  tasks.o
    0x0800a144   0x0800a144   0x0000002c   Code   RO         7965    i.prvTaskExitError  port.o
    0x0800a170   0x0800a170   0x00000014   Code   RO         7392    i.prvTimerTask      timers.o
    0x0800a184   0x0800a184   0x0000006a   Code   RO         6697    i.prvUnlockQueue    queue.o
    0x0800a1ee   0x0800a1ee   0x00000002   PAD
    0x0800a1f0   0x0800a1f0   0x000000d4   Code   RO         7917    i.pvPortMalloc      heap_4.o
    0x0800a2c4   0x0800a2c4   0x00000024   Code   RO         7966    i.pxPortInitialiseStack  port.o
    0x0800a2e8   0x0800a2e8   0x0000014c   Code   RO         9671    i.referee_data_solve  referee.o
    0x0800a434   0x0800a434   0x0000012c   Code   RO         9859    i.referee_unpack_fifo_data  referee_usart_task.o
    0x0800a560   0x0800a560   0x00000034   Code   RO         9860    i.referee_usart_task  referee_usart_task.o
    0x0800a594   0x0800a594   0x00000010   Code   RO         9160    i.remote_control_init  remote_control.o
    0x0800a5a4   0x0800a5a4   0x000000b4   Code   RO         9161    i.sbus_to_rc        remote_control.o
    0x0800a658   0x0800a658   0x00000044   Code   RO         9162    i.sbus_to_usart1    remote_control.o
    0x0800a69c   0x0800a69c   0x00000070   Code   RO        11107    i.stm32_pid_spring_init  stm32.o
    0x0800a70c   0x0800a70c   0x00000064   Code   RO        11109    i.stm32_pid_yaw_init  stm32.o
    0x0800a770   0x0800a770   0x00000324   Code   RO        11110    i.stm32_step_spring  stm32.o
    0x0800aa94   0x0800aa94   0x000003a4   Code   RO        11112    i.stm32_step_yaw    stm32.o
    0x0800ae38   0x0800ae38   0x00000018   Code   RO         9331    i.toe_is_error      detect_task.o
    0x0800ae50   0x0800ae50   0x00000074   Code   RO         9062    i.usart1_tx_dma_enable  bsp_usart.o
    0x0800aec4   0x0800aec4   0x00000054   Code   RO         9063    i.usart1_tx_dma_init  bsp_usart.o
    0x0800af18   0x0800af18   0x000000d4   Code   RO         9064    i.usart6_init       bsp_usart.o
    0x0800afec   0x0800afec   0x0000002c   Code   RO         9796    i.usb_printf        usb_task.o
    0x0800b018   0x0800b018   0x000000c4   Code   RO         9797    i.usb_task          usb_task.o
    0x0800b0dc   0x0800b0dc   0x00000026   Code   RO         6650    i.uxListRemove      list.o
    0x0800b102   0x0800b102   0x00000002   PAD
    0x0800b104   0x0800b104   0x00000014   Code   RO         7048    i.uxTaskGetStackHighWaterMark  tasks.o
    0x0800b118   0x0800b118   0x00000014   Code   RO          746    i.vApplicationGetIdleTaskMemory  freertos.o
    0x0800b12c   0x0800b12c   0x00000018   Code   RO          747    i.vApplicationGetTimerTaskMemory  freertos.o
    0x0800b144   0x0800b144   0x00000016   Code   RO         6651    i.vListInitialise   list.o
    0x0800b15a   0x0800b15a   0x00000006   Code   RO         6652    i.vListInitialiseItem  list.o
    0x0800b160   0x0800b160   0x00000030   Code   RO         6653    i.vListInsert       list.o
    0x0800b190   0x0800b190   0x00000018   Code   RO         6654    i.vListInsertEnd    list.o
    0x0800b1a8   0x0800b1a8   0x00000040   Code   RO         7968    i.vPortEnterCritical  port.o
    0x0800b1e8   0x0800b1e8   0x0000002c   Code   RO         7969    i.vPortExitCritical  port.o
    0x0800b214   0x0800b214   0x0000005c   Code   RO         7918    i.vPortFree         heap_4.o
    0x0800b270   0x0800b270   0x00000024   Code   RO         7970    i.vPortSetupTimerInterrupt  port.o
    0x0800b294   0x0800b294   0x00000054   Code   RO         7971    i.vPortValidateInterruptPriority  port.o
    0x0800b2e8   0x0800b2e8   0x00000024   Code   RO         6701    i.vQueueAddToRegistry  queue.o
    0x0800b30c   0x0800b30c   0x00000046   Code   RO         6704    i.vQueueWaitForMessageRestricted  queue.o
    0x0800b352   0x0800b352   0x00000002   PAD
    0x0800b354   0x0800b354   0x00000050   Code   RO         7052    i.vTaskDelay        tasks.o
    0x0800b3a4   0x0800b3a4   0x00000010   Code   RO         7056    i.vTaskInternalSetTimeOutState  tasks.o
    0x0800b3b4   0x0800b3b4   0x0000000c   Code   RO         7057    i.vTaskMissedYield  tasks.o
    0x0800b3c0   0x0800b3c0   0x00000034   Code   RO         7059    i.vTaskPlaceOnEventList  tasks.o
    0x0800b3f4   0x0800b3f4   0x0000003c   Code   RO         7060    i.vTaskPlaceOnEventListRestricted  tasks.o
    0x0800b430   0x0800b430   0x00000090   Code   RO         7067    i.vTaskStartScheduler  tasks.o
    0x0800b4c0   0x0800b4c0   0x00000010   Code   RO         7069    i.vTaskSuspendAll   tasks.o
    0x0800b4d0   0x0800b4d0   0x00000060   Code   RO         7070    i.vTaskSwitchContext  tasks.o
    0x0800b530   0x0800b530   0x00000040   Code   RO        10737    i.verify_CRC16_check_sum  crc8_crc16.o
    0x0800b570   0x0800b570   0x0000002e   Code   RO        10738    i.verify_CRC8_check_sum  crc8_crc16.o
    0x0800b59e   0x0800b59e   0x00000002   PAD
    0x0800b5a0   0x0800b5a0   0x00000074   Code   RO         9066    i.vision_init       bsp_usart.o
    0x0800b614   0x0800b614   0x000000d8   Code   RO         9067    i.vision_rx_decode  bsp_usart.o
    0x0800b6ec   0x0800b6ec   0x000000f4   Code   RO         7972    i.xPortStartScheduler  port.o
    0x0800b7e0   0x0800b7e0   0x0000002c   Code   RO         7973    i.xPortSysTickHandler  port.o
    0x0800b80c   0x0800b80c   0x0000006c   Code   RO         6708    i.xQueueGenericCreateStatic  queue.o
    0x0800b878   0x0800b878   0x0000008c   Code   RO         6709    i.xQueueGenericReset  queue.o
    0x0800b904   0x0800b904   0x00000164   Code   RO         6710    i.xQueueGenericSend  queue.o
    0x0800ba68   0x0800ba68   0x000000be   Code   RO         6711    i.xQueueGenericSendFromISR  queue.o
    0x0800bb26   0x0800bb26   0x00000002   PAD
    0x0800bb28   0x0800bb28   0x0000013c   Code   RO         6719    i.xQueueReceive     queue.o
    0x0800bc64   0x0800bc64   0x00000090   Code   RO         7072    i.xTaskCheckForTimeOut  tasks.o
    0x0800bcf4   0x0800bcf4   0x00000064   Code   RO         7073    i.xTaskCreate       tasks.o
    0x0800bd58   0x0800bd58   0x0000005c   Code   RO         7074    i.xTaskCreateStatic  tasks.o
    0x0800bdb4   0x0800bdb4   0x0000001c   Code   RO         7079    i.xTaskGetSchedulerState  tasks.o
    0x0800bdd0   0x0800bdd0   0x0000000c   Code   RO         7080    i.xTaskGetTickCount  tasks.o
    0x0800bddc   0x0800bddc   0x000000cc   Code   RO         7082    i.xTaskIncrementTick  tasks.o
    0x0800bea8   0x0800bea8   0x00000098   Code   RO         7085    i.xTaskPriorityDisinherit  tasks.o
    0x0800bf40   0x0800bf40   0x0000007c   Code   RO         7087    i.xTaskRemoveFromEventList  tasks.o
    0x0800bfbc   0x0800bfbc   0x000000cc   Code   RO         7088    i.xTaskResumeAll    tasks.o
    0x0800c088   0x0800c088   0x00000068   Code   RO         7397    i.xTimerCreateTimerTask  timers.o
    0x0800c0f0   0x0800c0f0   0x0000006c   Code   RO         7398    i.xTimerGenericCommand  timers.o
    0x0800c15c   0x0800c15c   0x0000002c   Code   RO        11859    locale$$code        c_w.l(lc_numeric_c.o)
    0x0800c188   0x0800c188   0x0000002c   Code   RO        11894    locale$$code        c_w.l(lc_ctype_c.o)
    0x0800c1b4   0x0800c1b4   0x0000024c   Code   RO        11431    x$fpl$dadd          g_wm.l(daddsub_clz.o)
    0x0800c400   0x0800c400   0x00000018   Code   RO        11693    x$fpl$dcmpinf       g_wm.l(dcmpi.o)
    0x0800c418   0x0800c418   0x0000037c   Code   RO        11438    x$fpl$ddiv          g_wm.l(ddiv_clz.o)
    0x0800c794   0x0800c794   0x000000c8   Code   RO        11441    x$fpl$dfix          g_wm.l(dfix.o)
    0x0800c85c   0x0800c85c   0x0000001a   Code   RO        11697    x$fpl$dfltn         g_wm.l(dflt_clz.o)
    0x0800c876   0x0800c876   0x00000002   PAD
    0x0800c878   0x0800c878   0x00000078   Code   RO        11445    x$fpl$dleqf         g_wm.l(dleqf.o)
    0x0800c8f0   0x0800c8f0   0x000001c0   Code   RO        11447    x$fpl$dmul          g_wm.l(dmul_clz.o)
    0x0800cab0   0x0800cab0   0x00000102   Code   RO        11701    x$fpl$dnaninf       g_wm.l(dnaninf.o)
    0x0800cbb2   0x0800cbb2   0x00000070   Code   RO        11703    x$fpl$drenorm       g_wm.l(drenorm_clz.o)
    0x0800cc22   0x0800cc22   0x0000000c   Code   RO        11705    x$fpl$dretinf       g_wm.l(dretinf.o)
    0x0800cc2e   0x0800cc2e   0x00000062   Code   RO        11449    x$fpl$drleqf        g_wm.l(drleqf.o)
    0x0800cc90   0x0800cc90   0x0000029c   Code   RO        11433    x$fpl$dsub          g_wm.l(daddsub_clz.o)
    0x0800cf2c   0x0800cf2c   0x0000017a   Code   RO        11707    x$fpl$dunder        g_wm.l(dunder_clz.o)
    0x0800d0a6   0x0800d0a6   0x00000002   PAD
    0x0800d0a8   0x0800d0a8   0x000001ec   Code   RO        11709    x$fpl$exception     g_wm.l(except.o)
    0x0800d294   0x0800d294   0x0000007a   Code   RO        11451    x$fpl$f2d           g_wm.l(f2d.o)
    0x0800d30e   0x0800d30e   0x000000f2   Code   RO        11711    x$fpl$fnaninf       g_wm.l(fnaninf.o)
    0x0800d400   0x0800d400   0x0000000a   Code   RO        11803    x$fpl$fpinit        g_wm.l(fpinit.o)
    0x0800d40a   0x0800d40a   0x0000013c   Code   RO        11807    x$fpl$funder        g_wm.l(funder_clz.o)
    0x0800d546   0x0800d546   0x00000002   PAD
    0x0800d548   0x0800d548   0x00000020   Code   RO        11881    x$fpl$ieeestatus    g_wm.l(istatus.o)
    0x0800d568   0x0800d568   0x00000004   Code   RO        11713    x$fpl$printf1       g_wm.l(printf1.o)
    0x0800d56c   0x0800d56c   0x00000004   Code   RO        11715    x$fpl$printf2       g_wm.l(printf2.o)
    0x0800d570   0x0800d570   0x000000b2   Code   RO        11809    x$fpl$retnan        g_wm.l(retnan.o)
    0x0800d622   0x0800d622   0x0000007e   Code   RO        11811    x$fpl$trapveneer    g_wm.l(trapv.o)
    0x0800d6a0   0x0800d6a0   0x00000000   Code   RO        11721    x$fpl$usenofp       g_wm.l(usenofp.o)
    0x0800d6a0   0x0800d6a0   0x000000a8   Data   RO          749    .constdata          freertos.o
    0x0800d748   0x0800d748   0x00000008   Data   RO         5852    .constdata          stm32f4xx_hal_dma.o
    0x0800d750   0x0800d750   0x00000010   Data   RO         6509    .constdata          system_stm32f4xx.o
    0x0800d760   0x0800d760   0x00000008   Data   RO         6510    .constdata          system_stm32f4xx.o
    0x0800d768   0x0800d768   0x00000042   Data   RO         9333    .constdata          detect_task.o
    0x0800d7aa   0x0800d7aa   0x0000000e   Data   RO         9799    .constdata          usb_task.o
    0x0800d7b8   0x0800d7b8   0x00000300   Data   RO        10740    .constdata          crc8_crc16.o
    0x0800dab8   0x0800dab8   0x00000008   Data   RO        11570    .constdata          c_w.l(_printf_wctomb.o)
    0x0800dac0   0x0800dac0   0x00000028   Data   RO        11599    .constdata          c_w.l(_printf_hex_int_ll_ptr.o)
    0x0800dae8   0x0800dae8   0x00000011   Data   RO        11619    .constdata          c_w.l(__printf_flags_ss_wp.o)
    0x0800daf9   0x0800daf9   0x00000026   Data   RO        11783    .constdata          c_w.l(_printf_fp_hex.o)
    0x0800db1f   0x0800db1f   0x00000001   PAD
    0x0800db20   0x0800db20   0x00000094   Data   RO        11834    .constdata          c_w.l(bigflt0.o)
    0x0800dbb4   0x0800dbb4   0x00000039   Data   RO          750    .conststring        freertos.o
    0x0800dbed   0x0800dbed   0x00000003   PAD
    0x0800dbf0   0x0800dbf0   0x00000123   Data   RO         9800    .conststring        usb_task.o
    0x0800dd13   0x0800dd13   0x00000001   PAD
    0x0800dd14   0x0800dd14   0x00000020   Data   RO        11950    Region$$Table       anon$$obj.o
    0x0800dd34   0x0800dd34   0x0000001c   Data   RO        11858    locale$$data        c_w.l(lc_numeric_c.o)
    0x0800dd50   0x0800dd50   0x00000110   Data   RO        11893    locale$$data        c_w.l(lc_ctype_c.o)


    Execution Region RW_IRAM1 (Exec base: 0x20000000, Load base: 0x0800de60, Size: 0x0000dfe0, Max: 0x00020000, ABSOLUTE, COMPRESSED[0x000000e0])

    Exec Addr    Load Addr    Size         Type   Attr      Idx    E Section Name        Object

    0x20000000   COMPRESSED   0x00000004   Data   RW          631    .data               can.o
    0x20000004   COMPRESSED   0x00000008   Data   RW          678    .data               crc.o
    0x2000000c   COMPRESSED   0x00000018   Data   RW          753    .data               freertos.o
    0x20000024   COMPRESSED   0x0000001c   Data   RW         1314    .data               usbd_desc.o
    0x20000040   COMPRESSED   0x00000032   Data   RW         1315    .data               usbd_desc.o
    0x20000072   COMPRESSED   0x00000002   PAD
    0x20000074   COMPRESSED   0x00000010   Data   RW         1401    .data               usbd_cdc_if.o
    0x20000084   COMPRESSED   0x00000002   Data   RW         1465    .data               stm32f4xx_it.o
    0x20000086   COMPRESSED   0x00000002   PAD
    0x20000088   COMPRESSED   0x0000000c   Data   RW         6279    .data               stm32f4xx_hal.o
    0x20000094   COMPRESSED   0x00000004   Data   RW         6511    .data               system_stm32f4xx.o
    0x20000098   COMPRESSED   0x0000003c   Data   RW         7091    .data               tasks.o
    0x200000d4   COMPRESSED   0x00000014   Data   RW         7406    .data               timers.o
    0x200000e8   COMPRESSED   0x00000018   Data   RW         7923    .data               heap_4.o
    0x20000100   COMPRESSED   0x0000000c   Data   RW         7974    .data               port.o
    0x2000010c   COMPRESSED   0x00000001   Data   RW         8196    .data               usbd_ctlreq.o
    0x2000010d   COMPRESSED   0x00000003   PAD
    0x20000110   COMPRESSED   0x000000d7   Data   RW         8352    .data               usbd_cdc.o
    0x200001e7   COMPRESSED   0x00000001   PAD
    0x200001e8   COMPRESSED   0x00000038   Data   RW         8353    .data               usbd_cdc.o
    0x20000220   COMPRESSED   0x00000004   Data   RW         8449    .data               bsp_adc.o
    0x20000224   COMPRESSED   0x00000008   Data   RW         8696    .data               bsp_delay.o
    0x2000022c   COMPRESSED   0x00000008   Data   RW         8924    .data               bsp_led.o
    0x20000234   COMPRESSED   0x00000004   Data   RW         9166    .data               remote_control.o
    0x20000238   COMPRESSED   0x0000000c   Data   RW         9334    .data               detect_task.o
    0x20000244   COMPRESSED   0x00000011   Data   RW         9406    .data               can_receive.o
    0x20000255   COMPRESSED   0x00000003   PAD
    0x20000258   COMPRESSED   0x00000010   Data   RW         9482    .data               launcher_behaviour.o
    0x20000268   COMPRESSED   0x00000004   Data   RW         9586    .data               launcher_task.o
    0x2000026c   COMPRESSED   0x0000002c   Data   RW         9673    .data               referee.o
    0x20000298   COMPRESSED   0x00000008   Data   RW         9731    .data               voltage_task.o
    0x200002a0   COMPRESSED   0x00000008   Data   RW         9801    .data               usb_task.o
    0x200002a8   COMPRESSED   0x00000002   Data   RW         9862    .data               referee_usart_task.o
    0x200002aa   COMPRESSED   0x00000002   PAD
    0x200002ac   COMPRESSED   0x0000001c   Data   RW         9912    .data               led_flow_task.o
    0x200002c8   COMPRESSED   0x00000008   Data   RW        10034    .data               oled.o
    0x200002d0   COMPRESSED   0x00000002   Data   RW        10741    .data               crc8_crc16.o
    0x200002d2   COMPRESSED   0x00000002   PAD
    0x200002d4        -       0x00000140   Zero   RW          358    .bss                tim.o
    0x20000414        -       0x00000090   Zero   RW          582    .bss                adc.o
    0x200004a4        -       0x00000050   Zero   RW          630    .bss                can.o
    0x200004f4        -       0x000006a8   Zero   RW          748    .bss                freertos.o
    0x20000b9c        -       0x0000015c   Zero   RW          817    .bss                i2c.o
    0x20000cf8        -       0x00000010   Zero   RW          869    .bss                rng.o
    0x20000d08        -       0x00000020   Zero   RW          911    .bss                rtc.o
    0x20000d28        -       0x00000170   Zero   RW          954    .bss                spi.o
    0x20000e98        -       0x000002a0   Zero   RW         1003    .bss                usart.o
    0x20001138        -       0x0000029c   Zero   RW         1053    .bss                usb_device.o
    0x200013d4        -       0x00000408   Zero   RW         1138    .bss                usbd_conf.o
    0x200017dc        -       0x00000200   Zero   RW         1313    .bss                usbd_desc.o
    0x200019dc        -       0x00001000   Zero   RW         1400    .bss                usbd_cdc_if.o
    0x200029dc        -       0x00000040   Zero   RW         6722    .bss                queue.o
    0x20002a1c        -       0x000000f0   Zero   RW         7090    .bss                tasks.o
    0x20002b0c        -       0x00000110   Zero   RW         7405    .bss                timers.o
    0x20002c1c        -       0x00006000   Zero   RW         7922    .bss                heap_4.o
    0x20008c1c        -       0x00000010   Zero   RW         8448    .bss                bsp_adc.o
    0x20008c2c        -       0x000000c0   Zero   RW         9068    .bss                bsp_usart.o
    0x20008cec        -       0x00000072   Zero   RW         9165    .bss                remote_control.o
    0x20008d5e        -       0x000001b0   Zero   RW         9332    .bss                detect_task.o
    0x20008f0e   COMPRESSED   0x00000002   PAD
    0x20008f10        -       0x00000094   Zero   RW         9405    .bss                can_receive.o
    0x20008fa4   COMPRESSED   0x00000004   PAD
    0x20008fa8        -       0x000002d8   Zero   RW         9585    .bss                launcher_task.o
    0x20009280        -       0x00000072   Zero   RW         9672    .bss                referee.o
    0x200092f2        -       0x00000100   Zero   RW         9798    .bss                usb_task.o
    0x200093f2   COMPRESSED   0x00000002   PAD
    0x200093f4        -       0x000008a1   Zero   RW         9861    .bss                referee_usart_task.o
    0x20009c95   COMPRESSED   0x00000003   PAD
    0x20009c98        -       0x000002e8   Zero   RW        11113    .bss                stm32.o
    0x20009f80        -       0x00000060   Zero   RW        11744    .bss                c_w.l(libspace.o)
    0x20009fe0        -       0x00002000   Zero   RW            2    HEAP                startup_stm32f407xx.o
    0x2000bfe0        -       0x00002000   Zero   RW            1    STACK               startup_stm32f407xx.o


==============================================================================

Image component sizes


      Code (inc. data)   RO Data    RW Data    ZI Data      Debug   Object Name

       324         40          0          0        144       2334   adc.o
       172         32          0          4         16     617325   bsp_adc.o
        88          8          0          0          0        590   bsp_can.o
        40         14          0          8          0        669   bsp_delay.o
       164         28          0          0          0       1576   bsp_i2c.o
        60          8          0          8          0        620   bsp_led.o
       108         14          0          0          0       1034   bsp_rc.o
       744         82          0          0        192       4945   bsp_usart.o
       392         42          0          4         80       2490   can.o
       360         38          0         17        148       4359   can_receive.o
       146          0          0          0          0      22694   cmsis_os.o
        76         18          0          8          0       1511   crc.o
       186         12        768          2          0       3845   crc8_crc16.o
       540         40         66         12        432       3865   detect_task.o
       172          4          0          0          0        854   dma.o
         0          0          0          0          0      17852   event_groups.o
       204          0          0          0          0       9591   fifo.o
       192         18        225         24       1704       3671   freertos.o
       508         28          0          0          0       1287   gpio.o
       464         22          0         24      24576       4947   heap_4.o
       580         82          0          0        348       3192   i2c.o
       600         62          0         16          0      10794   launcher_behaviour.o
       972         72          0          4        728       7177   launcher_task.o
       280         10          0         28          0       1933   led_flow_task.o
       138          0          0          0          0       3606   list.o
       308         14          0          0          0     685842   main.o
        36          8          0          8          0       1641   oled.o
       786         84          0         12          0      12037   port.o
      1552         20          0          0         64      15108   queue.o
       460         18          0         44        114       8325   referee.o
       548         46          0          2       2209       5764   referee_usart_task.o
       496         44          0          4        114     600106   remote_control.o
        76         18          0          0         16       1511   rng.o
        80         18          0          0         32       1463   rtc.o
       492         44          0          0        368       2620   spi.o
        64         26        392          0      16384        852   startup_stm32f407xx.o
      1948        194          0          0        744       7242   stm32.o
       184         28          0         12          0       4625   stm32f4xx_hal.o
      1160         50          0          0          0       5214   stm32f4xx_hal_adc.o
      1768          6          0          0          0      14787   stm32f4xx_hal_can.o
       198         14          0          0          0      34087   stm32f4xx_hal_cortex.o
        40          0          0          0          0       1071   stm32f4xx_hal_crc.o
       876         14          8          0          0       5011   stm32f4xx_hal_dma.o
       492         52          0          0          0       3728   stm32f4xx_hal_gpio.o
       388         16          0          0          0       2095   stm32f4xx_hal_i2c.o
        56          4          0          0          0        842   stm32f4xx_hal_msp.o
      2342         20          0          0          0      13493   stm32f4xx_hal_pcd.o
        76          0          0          0          0       2525   stm32f4xx_hal_pcd_ex.o
      1420         72          0          0          0       6248   stm32f4xx_hal_rcc.o
       328         22          0          0          0       1508   stm32f4xx_hal_rcc_ex.o
        52          0          0          0          0       1103   stm32f4xx_hal_rng.o
       292          4          0          0          0       2744   stm32f4xx_hal_rtc.o
       130          0          0          0          0       1191   stm32f4xx_hal_spi.o
      1414         90          0          0          0      13443   stm32f4xx_hal_tim.o
       150          0          0          0          0       2184   stm32f4xx_hal_tim_ex.o
      1494         12          0          0          0       8091   stm32f4xx_hal_uart.o
       314         60          0          2          0      24816   stm32f4xx_it.o
      2596        140          0          0          0      23538   stm32f4xx_ll_usb.o
         0          0          0          0          0        392   stream_buffer.o
        84         18         24          4          0       1179   system_stm32f4xx.o
      2278        176          0         60        240      26636   tasks.o
      1424        124          0          0        320     751038   tim.o
       976         86          0         20        272      27511   timers.o
       920         78          0          0        672       3751   usart.o
        84         18          0          0        668       7083   usb_device.o
       240         22        305          8        256       2586   usb_task.o
       830         16          0        271          0      13818   usbd_cdc.o
       116         20          0         16       4096       3472   usbd_cdc_if.o
       648         18          0          0       1032      15144   usbd_conf.o
       726          0          0          0          0      13081   usbd_core.o
      1616         30          0          1          0      11776   usbd_ctlreq.o
       358        112          0         78        512       6713   usbd_desc.o
       132          0          0          0          0       4568   usbd_ioreq.o
       284         64          0          8          0       2273   voltage_task.o

    ----------------------------------------------------------------------
     40912       2594       1824        724      56492    3138637   Object Totals
         0          0         32          0          0          0   (incl. Generated)
        70          0          4         15         11          0   (incl. Padding)

    ----------------------------------------------------------------------

      Code (inc. data)   RO Data    RW Data    ZI Data      Debug   Library Member Name

        90          0          0          0          0          0   __dczerorl2.o
         8          0          0          0          0         68   __main.o
       392          4         17          0          0         92   __printf_flags_ss_wp.o
        14          0          0          0          0         68   __printf_wp.o
         0          0          0          0          0          0   __rtentry.o
        12          0          0          0          0          0   __rtentry2.o
         6          0          0          0          0          0   __rtentry4.o
        52          8          0          0          0          0   __scatter.o
        28          0          0          0          0          0   __scatter_zi.o
        48          4          0          0          0         84   _fptrap.o
         6          0          0          0          0          0   _printf_a.o
         6          0          0          0          0          0   _printf_c.o
        44          0          0          0          0        108   _printf_char.o
        48          6          0          0          0         96   _printf_char_common.o
        40          0          0          0          0         68   _printf_charcount.o
         6          0          0          0          0          0   _printf_d.o
       120         16          0          0          0         92   _printf_dec.o
         6          0          0          0          0          0   _printf_e.o
         6          0          0          0          0          0   _printf_f.o
      1054          0          0          0          0        216   _printf_fp_dec.o
       764          8         38          0          0        100   _printf_fp_hex.o
       128         16          0          0          0         84   _printf_fp_infnan.o
         6          0          0          0          0          0   _printf_g.o
       148          4         40          0          0        160   _printf_hex_int_ll_ptr.o
         6          0          0          0          0          0   _printf_i.o
       178          0          0          0          0         88   _printf_intcommon.o
        10          0          0          0          0          0   _printf_l.o
         6          0          0          0          0          0   _printf_lc.o
        10          0          0          0          0          0   _printf_ll.o
         6          0          0          0          0          0   _printf_lld.o
         6          0          0          0          0          0   _printf_lli.o
         6          0          0          0          0          0   _printf_llo.o
         6          0          0          0          0          0   _printf_llu.o
         6          0          0          0          0          0   _printf_llx.o
       124         16          0          0          0         92   _printf_longlong_dec.o
         6          0          0          0          0          0   _printf_ls.o
         6          0          0          0          0          0   _printf_n.o
         6          0          0          0          0          0   _printf_o.o
       112         10          0          0          0        124   _printf_oct_int_ll.o
         6          0          0          0          0          0   _printf_p.o
        78          0          0          0          0        108   _printf_pad.o
         0          0          0          0          0          0   _printf_percent.o
         4          0          0          0          0          0   _printf_percent_end.o
         6          0          0          0          0          0   _printf_s.o
        82          0          0          0          0         80   _printf_str.o
        36          0          0          0          0         84   _printf_truncate.o
         6          0          0          0          0          0   _printf_u.o
        44          0          0          0          0        108   _printf_wchar.o
       188          6          8          0          0         92   _printf_wctomb.o
         6          0          0          0          0          0   _printf_x.o
        10          0          0          0          0         68   _sputc.o
        64          0          0          0          0         92   _wcrtomb.o
        16          0          0          0          0         68   aeabi_memset.o
       228          4        148          0          0         96   bigflt0.o
      1936        128          0          0          0        672   btod.o
        10          0          0          0          0         68   defsig_exit.o
       172        110          0          0          0         76   defsig_fpe_inner.o
        14          0          0          0          0         80   defsig_fpe_outer.o
        50          0          0          0          0         88   defsig_general.o
        80         58          0          0          0         76   defsig_rtmem_inner.o
        14          0          0          0          0         80   defsig_rtmem_outer.o
        18          0          0          0          0         80   exit.o
        94          0          0          0          0         80   h1_alloc.o
        52          0          0          0          0         68   h1_extend.o
        78          0          0          0          0         80   h1_free.o
        14          0          0          0          0         84   h1_init.o
         6          0          0          0          0        152   heapauxi.o
         4          0          0          0          0        136   hguard.o
         0          0          0          0          0          0   indicate_semi.o
       138          0          0          0          0        168   init_alloc.o
        44         10        272          0          0         76   lc_ctype_c.o
        44         10         28          0          0         76   lc_numeric_c.o
         2          0          0          0          0          0   libinit.o
        42          0          0          0          0          0   libinit2.o
         2          0          0          0          0          0   libshutdown.o
         2          0          0          0          0          0   libshutdown2.o
         8          4          0          0         96         68   libspace.o
       138          0          0          0          0         80   lludiv10.o
       238          0          0          0          0        100   lludivv7m.o
         0          0          0          0          0          0   maybetermalloc1.o
        16          4          0          0          0         76   rt_ctype_table.o
         8          4          0          0          0         68   rt_heap_descriptor_intlibspace.o
         8          4          0          0          0         68   rt_locale_intlibspace.o
        68          0          0          0          0         68   rt_memclr.o
        78          0          0          0          0         80   rt_memclr_w.o
       138          0          0          0          0         68   rt_memcpy_v6.o
       100          0          0          0          0         80   rt_memcpy_w.o
         2          0          0          0          0          0   rtexit.o
        10          0          0          0          0          0   rtexit2.o
       128          0          0          0          0         68   strcmpv7m.o
        12          4          0          0          0         68   sys_exit.o
        74          0          0          0          0         80   sys_stackheap_outer.o
        14          0          0          0          0         76   sys_wrch.o
         2          0          0          0          0         68   use_no_semi.o
        36          4          0          0          0         76   vsprintf.o
      1256         28          0          0          0        408   daddsub_clz.o
        24          0          0          0          0        116   dcmpi.o
       892        152          0          0          0        292   ddiv_clz.o
       200         16          0          0          0        184   dfix.o
        26          0          0          0          0        116   dflt_clz.o
       120          8          0          0          0        140   dleqf.o
       448         16          0          0          0        164   dmul_clz.o
       258          4          0          0          0        156   dnaninf.o
       112          0          0          0          0        160   drenorm_clz.o
        12          0          0          0          0        116   dretinf.o
        98          0          0          0          0        128   drleqf.o
       378          0          0          0          0        168   dunder_clz.o
       492         36          0          0          0        148   except.o
       122          8          0          0          0        132   f2d.o
       242          4          0          0          0        144   fnaninf.o
        10          0          0          0          0        116   fpinit.o
       316          0          0          0          0        132   funder_clz.o
        32          4          0          0          0        116   istatus.o
         4          0          0          0          0        116   printf1.o
         4          0          0          0          0        116   printf2.o
       178          0          0          0          0        116   retnan.o
       126          0          0          0          0        148   trapv.o
         0          0          0          0          0          0   usenofp.o
        20          0          0          0          0        124   fabs.o
        48          0          0          0          0        124   fpclassify.o

    ----------------------------------------------------------------------
     13640        718        552          0         96       9348   Library Totals
        28          0          1          0          0          0   (incl. Padding)

    ----------------------------------------------------------------------

      Code (inc. data)   RO Data    RW Data    ZI Data      Debug   Library Name

      8194        442        551          0         96       5668   c_w.l
      5350        276          0          0          0       3432   g_wm.l
        68          0          0          0          0        248   m_wm.l

    ----------------------------------------------------------------------
     13640        718        552          0         96       9348   Library Totals

    ----------------------------------------------------------------------

==============================================================================


      Code (inc. data)   RO Data    RW Data    ZI Data      Debug   

     54552       3312       2376        724      56588    3100661   Grand Totals
     54552       3312       2376        224      56588    3100661   ELF Image Totals (compressed)
     54552       3312       2376        224          0          0   ROM Totals

==============================================================================

    Total RO  Size (Code + RO Data)                56928 (  55.59kB)
    Total RW  Size (RW Data + ZI Data)             57312 (  55.97kB)
    Total ROM Size (Code + RO Data + RW Data)      57152 (  55.81kB)

==============================================================================

