Component: ARM Compiler 5.06 update 7 (build 960) Tool: armlink [4d3601]

==============================================================================

Section Cross References

    startup_stm32f427xx.o(RESET) refers to startup_stm32f427xx.o(STACK) for __initial_sp
    startup_stm32f427xx.o(RESET) refers to startup_stm32f427xx.o(.text) for Reset_Handler
    startup_stm32f427xx.o(RESET) refers to stm32f4xx_it.o(i.NMI_Handler) for NMI_Handler
    startup_stm32f427xx.o(RESET) refers to stm32f4xx_it.o(i.HardFault_Handler) for HardFault_Handler
    startup_stm32f427xx.o(RESET) refers to stm32f4xx_it.o(i.MemManage_Handler) for MemManage_Handler
    startup_stm32f427xx.o(RESET) refers to stm32f4xx_it.o(i.BusFault_Handler) for BusFault_Handler
    startup_stm32f427xx.o(RESET) refers to stm32f4xx_it.o(i.UsageFault_Handler) for UsageFault_Handler
    startup_stm32f427xx.o(RESET) refers to port.o(.emb_text) for SVC_Handler
    startup_stm32f427xx.o(RESET) refers to stm32f4xx_it.o(i.DebugMon_Handler) for DebugMon_Handler
    startup_stm32f427xx.o(RESET) refers to cmsis_os2.o(i.SysTick_Handler) for SysTick_Handler
    startup_stm32f427xx.o(RESET) refers to stm32f4xx_it.o(i.PVD_IRQHandler) for PVD_IRQHandler
    startup_stm32f427xx.o(RESET) refers to stm32f4xx_it.o(i.CAN1_RX0_IRQHandler) for CAN1_RX0_IRQHandler
    startup_stm32f427xx.o(RESET) refers to stm32f4xx_it.o(i.TIM1_UP_TIM10_IRQHandler) for TIM1_UP_TIM10_IRQHandler
    startup_stm32f427xx.o(RESET) refers to stm32f4xx_it.o(i.TIM2_IRQHandler) for TIM2_IRQHandler
    startup_stm32f427xx.o(RESET) refers to stm32f4xx_it.o(i.USART1_IRQHandler) for USART1_IRQHandler
    startup_stm32f427xx.o(RESET) refers to stm32f4xx_it.o(i.EXTI15_10_IRQHandler) for EXTI15_10_IRQHandler
    startup_stm32f427xx.o(RESET) refers to stm32f4xx_it.o(i.DMA2_Stream1_IRQHandler) for DMA2_Stream1_IRQHandler
    startup_stm32f427xx.o(RESET) refers to stm32f4xx_it.o(i.DMA2_Stream2_IRQHandler) for DMA2_Stream2_IRQHandler
    startup_stm32f427xx.o(RESET) refers to stm32f4xx_it.o(i.CAN2_RX0_IRQHandler) for CAN2_RX0_IRQHandler
    startup_stm32f427xx.o(RESET) refers to stm32f4xx_it.o(i.USART6_IRQHandler) for USART6_IRQHandler
    startup_stm32f427xx.o(.text) refers to system_stm32f4xx.o(i.SystemInit) for SystemInit
    startup_stm32f427xx.o(.text) refers to entry.o(.ARM.Collect$$$$00000000) for __main
    main.o(i.Error_Handler) refers to stm32f4xx_hal_cortex.o(i.HAL_NVIC_SystemReset) for HAL_NVIC_SystemReset
    main.o(i.HAL_TIM_PeriodElapsedCallback) refers to stm32f4xx_hal.o(i.HAL_IncTick) for HAL_IncTick
    main.o(i.SystemClock_Config) refers to memseta.o(.text) for __aeabi_memclr4
    main.o(i.SystemClock_Config) refers to stm32f4xx_hal_rcc.o(i.HAL_RCC_OscConfig) for HAL_RCC_OscConfig
    main.o(i.SystemClock_Config) refers to stm32f4xx_hal_pwr_ex.o(i.HAL_PWREx_EnableOverDrive) for HAL_PWREx_EnableOverDrive
    main.o(i.SystemClock_Config) refers to stm32f4xx_hal_rcc.o(i.HAL_RCC_ClockConfig) for HAL_RCC_ClockConfig
    main.o(i.SystemClock_Config) refers to main.o(i.Error_Handler) for Error_Handler
    main.o(i.main) refers to stm32f4xx_hal.o(i.HAL_Init) for HAL_Init
    main.o(i.main) refers to main.o(i.SystemClock_Config) for SystemClock_Config
    main.o(i.main) refers to gpio.o(i.MX_GPIO_Init) for MX_GPIO_Init
    main.o(i.main) refers to dma.o(i.MX_DMA_Init) for MX_DMA_Init
    main.o(i.main) refers to can.o(i.MX_CAN1_Init) for MX_CAN1_Init
    main.o(i.main) refers to spi.o(i.MX_SPI1_Init) for MX_SPI1_Init
    main.o(i.main) refers to usart.o(i.MX_USART1_UART_Init) for MX_USART1_UART_Init
    main.o(i.main) refers to usart.o(i.MX_UART8_Init) for MX_UART8_Init
    main.o(i.main) refers to can.o(i.MX_CAN2_Init) for MX_CAN2_Init
    main.o(i.main) refers to tim.o(i.MX_TIM1_Init) for MX_TIM1_Init
    main.o(i.main) refers to usart.o(i.MX_USART6_UART_Init) for MX_USART6_UART_Init
    main.o(i.main) refers to cmsis_os2.o(i.osKernelInitialize) for osKernelInitialize
    main.o(i.main) refers to freertos.o(i.MX_FREERTOS_Init) for MX_FREERTOS_Init
    main.o(i.main) refers to cmsis_os2.o(i.osKernelStart) for osKernelStart
    gpio.o(i.MX_GPIO_Init) refers to memseta.o(.text) for __aeabi_memclr4
    gpio.o(i.MX_GPIO_Init) refers to stm32f4xx_hal_gpio.o(i.HAL_GPIO_WritePin) for HAL_GPIO_WritePin
    gpio.o(i.MX_GPIO_Init) refers to stm32f4xx_hal_gpio.o(i.HAL_GPIO_Init) for HAL_GPIO_Init
    gpio.o(i.MX_GPIO_Init) refers to stm32f4xx_hal_cortex.o(i.HAL_NVIC_SetPriority) for HAL_NVIC_SetPriority
    gpio.o(i.MX_GPIO_Init) refers to stm32f4xx_hal_cortex.o(i.HAL_NVIC_EnableIRQ) for HAL_NVIC_EnableIRQ
    freertos.o(i.MX_FREERTOS_Init) refers to cmsis_os2.o(i.osThreadNew) for osThreadNew
    freertos.o(i.MX_FREERTOS_Init) refers to freertos.o(.constdata) for .constdata
    freertos.o(i.MX_FREERTOS_Init) refers to freertos.o(i.referee_Task_Start) for referee_Task_Start
    freertos.o(i.MX_FREERTOS_Init) refers to freertos.o(.data) for .data
[...]
    i.TIM_TI2_ConfigInputStage               0x0800687c   Section        0  stm32f4xx_hal_tim.o(i.TIM_TI2_ConfigInputStage)
    TIM_TI2_ConfigInputStage                 0x0800687d   Thumb Code    36  stm32f4xx_hal_tim.o(i.TIM_TI2_ConfigInputStage)
    i.UART_DMAAbortOnError                   0x080068a0   Section        0  stm32f4xx_hal_uart.o(i.UART_DMAAbortOnError)
    UART_DMAAbortOnError                     0x080068a1   Thumb Code    16  stm32f4xx_hal_uart.o(i.UART_DMAAbortOnError)
    i.UART_EndRxTransfer                     0x080068b0   Section        0  stm32f4xx_hal_uart.o(i.UART_EndRxTransfer)
    UART_EndRxTransfer                       0x080068b1   Thumb Code    78  stm32f4xx_hal_uart.o(i.UART_EndRxTransfer)
    i.UART_EndTransmit_IT                    0x080068fe   Section        0  stm32f4xx_hal_uart.o(i.UART_EndTransmit_IT)
    UART_EndTransmit_IT                      0x080068ff   Thumb Code    26  stm32f4xx_hal_uart.o(i.UART_EndTransmit_IT)
    i.UART_Receive_IT                        0x08006918   Section        0  stm32f4xx_hal_uart.o(i.UART_Receive_IT)
    UART_Receive_IT                          0x08006919   Thumb Code   200  stm32f4xx_hal_uart.o(i.UART_Receive_IT)
    i.UART_SetConfig                         0x080069e0   Section        0  stm32f4xx_hal_uart.o(i.UART_SetConfig)
    UART_SetConfig                           0x080069e1   Thumb Code   248  stm32f4xx_hal_uart.o(i.UART_SetConfig)
    i.UART_Transmit_IT                       0x08006adc   Section        0  stm32f4xx_hal_uart.o(i.UART_Transmit_IT)
    UART_Transmit_IT                         0x08006add   Thumb Code    94  stm32f4xx_hal_uart.o(i.UART_Transmit_IT)
    i.USART1_IRQHandler                      0x08006b3c   Section        0  stm32f4xx_it.o(i.USART1_IRQHandler)
    i.USART6_IRQHandler                      0x08006b50   Section        0  stm32f4xx_it.o(i.USART6_IRQHandler)
    i.USART_IRQ_Service                      0x08006b64   Section        0  referee_usart_task.o(i.USART_IRQ_Service)
    i.UsageFault_Handler                     0x08006bf8   Section        0  stm32f4xx_it.o(i.UsageFault_Handler)
    i.__scatterload_copy                     0x08006bfa   Section       14  handlers.o(i.__scatterload_copy)
    i.__scatterload_null                     0x08006c08   Section        2  handlers.o(i.__scatterload_null)
    i.__scatterload_zeroinit                 0x08006c0a   Section       14  handlers.o(i.__scatterload_zeroinit)
    i.fifo_s_get                             0x08006c18   Section        0  fifo.o(i.fifo_s_get)
    i.fifo_s_init                            0x08006c44   Section        0  fifo.o(i.fifo_s_init)
    i.fifo_s_puts                            0x08006c5a   Section        0  fifo.o(i.fifo_s_puts)
    i.fifo_s_used                            0x08006cd6   Section        0  fifo.o(i.fifo_s_used)
    i.get_CRC16_check_sum                    0x08006cdc   Section        0  crc8_crc16.o(i.get_CRC16_check_sum)
    i.get_CRC8_check_sum                     0x08006d08   Section        0  crc8_crc16.o(i.get_CRC8_check_sum)
    i.init_referee_struct_data               0x08006d24   Section        0  referee.o(i.init_referee_struct_data)
    i.main                                   0x08006da4   Section        0  main.o(i.main)
    i.osDelay                                0x08006dde   Section        0  cmsis_os2.o(i.osDelay)
    i.osKernelInitialize                     0x08006dfc   Section        0  cmsis_os2.o(i.osKernelInitialize)
    i.osKernelStart                          0x08006e24   Section        0  cmsis_os2.o(i.osKernelStart)
    i.osThreadNew                            0x08006e5c   Section        0  cmsis_os2.o(i.osThreadNew)
    i.prvAddCurrentTaskToDelayedList         0x08006f18   Section        0  tasks.o(i.prvAddCurrentTaskToDelayedList)
    prvAddCurrentTaskToDelayedList           0x08006f19   Thumb Code    88  tasks.o(i.prvAddCurrentTaskToDelayedList)
    i.prvAddNewTaskToReadyList               0x08006f78   Section        0  tasks.o(i.prvAddNewTaskToReadyList)
    prvAddNewTaskToReadyList                 0x08006f79   Thumb Code   124  tasks.o(i.prvAddNewTaskToReadyList)
    i.prvCheckForValidListAndQueue           0x08007000   Section        0  timers.o(i.prvCheckForValidListAndQueue)
    prvCheckForValidListAndQueue             0x08007001   Thumb Code    68  timers.o(i.prvCheckForValidListAndQueue)
    i.prvCheckTasksWaitingTermination        0x0800705c   Section        0  tasks.o(i.prvCheckTasksWaitingTermination)
    prvCheckTasksWaitingTermination          0x0800705d   Thumb Code    56  tasks.o(i.prvCheckTasksWaitingTermination)
    i.prvCopyDataFromQueue                   0x0800709c   Section        0  queue.o(i.prvCopyDataFromQueue)
    prvCopyDataFromQueue                     0x0800709d   Thumb Code    36  queue.o(i.prvCopyDataFromQueue)
    i.prvCopyDataToQueue                     0x080070c0   Section        0  queue.o(i.prvCopyDataToQueue)
    prvCopyDataToQueue                       0x080070c1   Thumb Code   110  queue.o(i.prvCopyDataToQueue)
    i.prvDeleteTCB                           0x0800712e   Section        0  tasks.o(i.prvDeleteTCB)
    prvDeleteTCB                             0x0800712f   Thumb Code    64  tasks.o(i.prvDeleteTCB)
    i.prvGetNextExpireTime                   0x08007170   Section        0  timers.o(i.prvGetNextExpireTime)
    prvGetNextExpireTime                     0x08007171   Thumb Code    30  timers.o(i.prvGetNextExpireTime)
    i.prvHeapInit                            0x08007194   Section        0  heap_4.o(i.prvHeapInit)
    prvHeapInit                              0x08007195   Thumb Code    70  heap_4.o(i.prvHeapInit)
    i.prvIdleTask                            0x080071e4   Section        0  tasks.o(i.prvIdleTask)
    prvIdleTask                              0x080071e5   Thumb Code    30  tasks.o(i.prvIdleTask)
    i.prvInitialiseNewQueue                  0x0800720c   Section        0  queue.o(i.prvInitialiseNewQueue)
    prvInitialiseNewQueue                    0x0800720d   Thumb Code    34  queue.o(i.prvInitialiseNewQueue)
    i.prvInitialiseNewTask                   0x0800722e   Section        0  tasks.o(i.prvInitialiseNewTask)
    prvInitialiseNewTask                     0x0800722f   Thumb Code   148  tasks.o(i.prvInitialiseNewTask)
    i.prvInitialiseTaskLists                 0x080072c4   Section        0  tasks.o(i.prvInitialiseTaskLists)
    prvInitialiseTaskLists                   0x080072c5   Thumb Code    66  tasks.o(i.prvInitialiseTaskLists)
    i.prvInsertBlockIntoFreeList             0x08007324   Section        0  heap_4.o(i.prvInsertBlockIntoFreeList)
    prvInsertBlockIntoFreeList               0x08007325   Thumb Code    84  heap_4.o(i.prvInsertBlockIntoFreeList)
    i.prvInsertTimerInActiveList             0x08007380   Section        0  timers.o(i.prvInsertTimerInActiveList)
    prvInsertTimerInActiveList               0x08007381   Thumb Code    66  timers.o(i.prvInsertTimerInActiveList)
    i.prvIsQueueEmpty                        0x080073c8   Section        0  queue.o(i.prvIsQueueEmpty)
    prvIsQueueEmpty                          0x080073c9   Thumb Code    26  queue.o(i.prvIsQueueEmpty)
    i.prvIsQueueFull                         0x080073e2   Section        0  queue.o(i.prvIsQueueFull)
    prvIsQueueFull                           0x080073e3   Thumb Code    30  queue.o(i.prvIsQueueFull)
    i.prvProcessExpiredTimer                 0x08007400   Section        0  timers.o(i.prvProcessExpiredTimer)
    prvProcessExpiredTimer                   0x08007401   Thumb Code   100  timers.o(i.prvProcessExpiredTimer)
    i.prvProcessReceivedCommands             0x08007468   Section        0  timers.o(i.prvProcessReceivedCommands)
    prvProcessReceivedCommands               0x08007469   Thumb Code   268  timers.o(i.prvProcessReceivedCommands)
    i.prvProcessTimerOrBlockTask             0x08007578   Section        0  timers.o(i.prvProcessTimerOrBlockTask)
    prvProcessTimerOrBlockTask               0x08007579   Thumb Code   100  timers.o(i.prvProcessTimerOrBlockTask)
    i.prvResetNextTaskUnblockTime            0x080075e4   Section        0  tasks.o(i.prvResetNextTaskUnblockTime)
    prvResetNextTaskUnblockTime              0x080075e5   Thumb Code    30  tasks.o(i.prvResetNextTaskUnblockTime)
    i.prvSampleTimeNow                       0x08007608   Section        0  timers.o(i.prvSampleTimeNow)
    prvSampleTimeNow                         0x08007609   Thumb Code    38  timers.o(i.prvSampleTimeNow)
    i.prvSwitchTimerLists                    0x08007634   Section        0  timers.o(i.prvSwitchTimerLists)
    prvSwitchTimerLists                      0x08007635   Thumb Code   116  timers.o(i.prvSwitchTimerLists)
    i.prvTaskExitError                       0x080076ac   Section        0  port.o(i.prvTaskExitError)
    prvTaskExitError                         0x080076ad   Thumb Code    42  port.o(i.prvTaskExitError)
    i.prvTimerTask                           0x080076dc   Section        0  timers.o(i.prvTimerTask)
    prvTimerTask                             0x080076dd   Thumb Code    20  timers.o(i.prvTimerTask)
    i.prvUnlockQueue                         0x080076f0   Section        0  queue.o(i.prvUnlockQueue)
    prvUnlockQueue                           0x080076f1   Thumb Code   104  queue.o(i.prvUnlockQueue)
    i.pvPortMalloc                           0x08007758   Section        0  heap_4.o(i.pvPortMalloc)
    i.pxPortInitialiseStack                  0x08007840   Section        0  port.o(i.pxPortInitialiseStack)
    i.referee_Task_Start                     0x0800786c   Section        0  freertos.o(i.referee_Task_Start)
    i.referee_data_solve                     0x08007870   Section        0  referee.o(i.referee_data_solve)
    i.referee_unpack_fifo_data               0x080079b0   Section        0  referee_usart_task.o(i.referee_unpack_fifo_data)
    referee_unpack_fifo_data                 0x080079b1   Thumb Code   250  referee_usart_task.o(i.referee_unpack_fifo_data)
    i.referee_usart_task                     0x08007ab4   Section        0  referee_usart_task.o(i.referee_usart_task)
    i.remote_control_IRQ                     0x08007af8   Section        0  remote_control.o(i.remote_control_IRQ)
    i.sbus_to_rc                             0x08007bac   Section        0  remote_control.o(i.sbus_to_rc)
    sbus_to_rc                               0x08007bad   Thumb Code   190  remote_control.o(i.sbus_to_rc)
    i.usart6_init                            0x08007c6c   Section        0  bsp_usart.o(i.usart6_init)
    i.uxListRemove                           0x08007d00   Section        0  list.o(i.uxListRemove)
    i.vApplicationGetIdleTaskMemory          0x08007d28   Section        0  cmsis_os2.o(i.vApplicationGetIdleTaskMemory)
    i.vApplicationGetTimerTaskMemory         0x08007d3c   Section        0  cmsis_os2.o(i.vApplicationGetTimerTaskMemory)
    i.vListInitialise                        0x08007d54   Section        0  list.o(i.vListInitialise)
    i.vListInitialiseItem                    0x08007d6a   Section        0  list.o(i.vListInitialiseItem)
    i.vListInsert                            0x08007d70   Section        0  list.o(i.vListInsert)
    i.vListInsertEnd                         0x08007da6   Section        0  list.o(i.vListInsertEnd)
    i.vPortEnterCritical                     0x08007dc0   Section        0  port.o(i.vPortEnterCritical)
    i.vPortExitCritical                      0x08007e00   Section        0  port.o(i.vPortExitCritical)
    i.vPortFree                              0x08007e2c   Section        0  heap_4.o(i.vPortFree)
    i.vPortSetupTimerInterrupt               0x08007e90   Section        0  port.o(i.vPortSetupTimerInterrupt)
    i.vPortValidateInterruptPriority         0x08007eb4   Section        0  port.o(i.vPortValidateInterruptPriority)
    i.vQueueAddToRegistry                    0x08007f08   Section        0  queue.o(i.vQueueAddToRegistry)
    i.vQueueWaitForMessageRestricted         0x08007f30   Section        0  queue.o(i.vQueueWaitForMessageRestricted)
    i.vTaskDelay                             0x08007f7c   Section        0  tasks.o(i.vTaskDelay)
    i.vTaskInternalSetTimeOutState           0x08007fcc   Section        0  tasks.o(i.vTaskInternalSetTimeOutState)
    i.vTaskMissedYield                       0x08007fdc   Section        0  tasks.o(i.vTaskMissedYield)
    i.vTaskPlaceOnEventList                  0x08007fe8   Section        0  tasks.o(i.vTaskPlaceOnEventList)
    i.vTaskPlaceOnEventListRestricted        0x0800801c   Section        0  tasks.o(i.vTaskPlaceOnEventListRestricted)
    i.vTaskStartScheduler                    0x08008058   Section        0  tasks.o(i.vTaskStartScheduler)
    i.vTaskSuspendAll                        0x080080e8   Section        0  tasks.o(i.vTaskSuspendAll)
    i.vTaskSwitchContext                     0x080080f8   Section        0  tasks.o(i.vTaskSwitchContext)
    i.verify_CRC16_check_sum                 0x08008164   Section        0  crc8_crc16.o(i.verify_CRC16_check_sum)
    i.verify_CRC8_check_sum                  0x080081a0   Section        0  crc8_crc16.o(i.verify_CRC8_check_sum)
    i.xPortStartScheduler                    0x080081c8   Section        0  port.o(i.xPortStartScheduler)
    i.xPortSysTickHandler                    0x080082cc   Section        0  port.o(i.xPortSysTickHandler)
    i.xQueueGenericCreateStatic              0x080082f8   Section        0  queue.o(i.xQueueGenericCreateStatic)
    i.xQueueGenericReset                     0x08008368   Section        0  queue.o(i.xQueueGenericReset)
    i.xQueueGenericSend                      0x080083f8   Section        0  queue.o(i.xQueueGenericSend)
    i.xQueueGenericSendFromISR               0x08008568   Section        0  queue.o(i.xQueueGenericSendFromISR)
    i.xQueueReceive                          0x08008628   Section        0  queue.o(i.xQueueReceive)
    i.xTaskCheckForTimeOut                   0x08008770   Section        0  tasks.o(i.xTaskCheckForTimeOut)
    i.xTaskCreate                            0x080087f0   Section        0  tasks.o(i.xTaskCreate)
    i.xTaskCreateStatic                      0x0800885c   Section        0  tasks.o(i.xTaskCreateStatic)
    i.xTaskGetSchedulerState                 0x080088bc   Section        0  tasks.o(i.xTaskGetSchedulerState)
    i.xTaskGetTickCount                      0x080088d8   Section        0  tasks.o(i.xTaskGetTickCount)
    i.xTaskIncrementTick                     0x080088e4   Section        0  tasks.o(i.xTaskIncrementTick)
    i.xTaskPriorityDisinherit                0x080089b0   Section        0  tasks.o(i.xTaskPriorityDisinherit)
    i.xTaskRemoveFromEventList               0x08008a30   Section        0  tasks.o(i.xTaskRemoveFromEventList)
    i.xTaskResumeAll                         0x08008aa8   Section        0  tasks.o(i.xTaskResumeAll)
    i.xTimerCreateTimerTask                  0x08008b74   Section        0  timers.o(i.xTimerCreateTimerTask)
    i.xTimerGenericCommand                   0x08008bdc   Section        0  timers.o(i.xTimerGenericCommand)
    .constdata                               0x08008c50   Section       36  freertos.o(.constdata)
    .constdata                               0x08008c74   Section      768  crc8_crc16.o(.constdata)
    .constdata                               0x08008f74   Section        8  stm32f4xx_hal_dma.o(.constdata)
    flagBitshiftOffset                       0x08008f74   Data           8  stm32f4xx_hal_dma.o(.constdata)
    .constdata                               0x08008f7c   Section       16  system_stm32f4xx.o(.constdata)
    .constdata                               0x08008f8c   Section        8  system_stm32f4xx.o(.constdata)
    .conststring                             0x08008f94   Section       13  freertos.o(.conststring)
    .data                                    0x20000000   Section        4  freertos.o(.data)
    .data                                    0x20000004   Section        4  can.o(.data)
    HAL_RCC_CAN1_CLK_ENABLED                 0x20000004   Data           4  can.o(.data)
    .data                                    0x20000008   Section        2  remote_control.o(.data)
    this_time_rx_len                         0x20000008   Data           2  remote_control.o(.data)
    .data                                    0x2000000a   Section        2  crc8_crc16.o(.data)
    .data                                    0x2000000c   Section       44  referee.o(.data)
    .data                                    0x20000038   Section        2  referee_usart_task.o(.data)
    this_time_rx_len                         0x20000038   Data           2  referee_usart_task.o(.data)
    .data                                    0x2000003a   Section        6  rm_cilent_ui.o(.data)
    .data                                    0x20000040   Section       12  stm32f4xx_hal.o(.data)
    .data                                    0x2000004c   Section        4  system_stm32f4xx.o(.data)
    .data                                    0x20000050   Section       60  tasks.o(.data)
    uxDeletedTasksWaitingCleanUp             0x20000054   Data           4  tasks.o(.data)
    uxCurrentNumberOfTasks                   0x20000058   Data           4  tasks.o(.data)
    xTickCount                               0x2000005c   Data           4  tasks.o(.data)
    uxTopReadyPriority                       0x20000060   Data           4  tasks.o(.data)
    xSchedulerRunning                        0x20000064   Data           4  tasks.o(.data)
    xPendedTicks                             0x20000068   Data           4  tasks.o(.data)
    xYieldPending                            0x2000006c   Data           4  tasks.o(.data)
    xNumOfOverflows                          0x20000070   Data           4  tasks.o(.data)
    uxTaskNumber                             0x20000074   Data           4  tasks.o(.data)
    xNextTaskUnblockTime                     0x20000078   Data           4  tasks.o(.data)
    xIdleTaskHandle                          0x2000007c   Data           4  tasks.o(.data)
    uxSchedulerSuspended                     0x20000080   Data           4  tasks.o(.data)
    pxDelayedTaskList                        0x20000084   Data           4  tasks.o(.data)
    pxOverflowDelayedTaskList                0x20000088   Data           4  tasks.o(.data)
    .data                                    0x2000008c   Section       20  timers.o(.data)
    xTimerQueue                              0x2000008c   Data           4  timers.o(.data)
    xTimerTaskHandle                         0x20000090   Data           4  timers.o(.data)
    xLastTime                                0x20000094   Data           4  timers.o(.data)
    pxCurrentTimerList                       0x20000098   Data           4  timers.o(.data)
    pxOverflowTimerList                      0x2000009c   Data           4  timers.o(.data)
    .data                                    0x200000a0   Section        4  cmsis_os2.o(.data)
    KernelState                              0x200000a0   Data           4  cmsis_os2.o(.data)
    .data                                    0x200000a4   Section       32  heap_4.o(.data)
    pxEnd                                    0x200000a4   Data           4  heap_4.o(.data)
    xFreeBytesRemaining                      0x200000a8   Data           4  heap_4.o(.data)
    xMinimumEverFreeBytesRemaining           0x200000ac   Data           4  heap_4.o(.data)
    xNumberOfSuccessfulAllocations           0x200000b0   Data           4  heap_4.o(.data)
    xNumberOfSuccessfulFrees                 0x200000b4   Data           4  heap_4.o(.data)
    xBlockAllocatedBit                       0x200000b8   Data           4  heap_4.o(.data)
    xStart                                   0x200000bc   Data           8  heap_4.o(.data)
    .data                                    0x200000c4   Section       12  port.o(.data)
    ucMaxSysCallPriority                     0x200000c4   Data           1  port.o(.data)
    uxCriticalNesting                        0x200000c8   Data           4  port.o(.data)
    ulMaxPRIGROUPValue                       0x200000cc   Data           4  port.o(.data)
    .bss                                     0x200000d0   Section       80  can.o(.bss)
    .bss                                     0x20000120   Section       88  spi.o(.bss)
    .bss                                     0x20000178   Section       72  tim.o(.bss)
    .bss                                     0x200001c0   Section      396  usart.o(.bss)
    .bss                                     0x2000034c   Section       72  stm32f4xx_hal_timebase_tim.o(.bss)
    .bss                                     0x20000394   Section       94  remote_control.o(.bss)
    sbus_rx_buf                              0x200003aa   Data          72  remote_control.o(.bss)
    .bss                                     0x200003f2   Section      114  referee.o(.bss)
    .bss                                     0x20000464   Section     2209  referee_usart_task.o(.bss)
    .bss                                     0x20000d08   Section       64  queue.o(.bss)
    .bss                                     0x20000d48   Section     1220  tasks.o(.bss)
    pxReadyTasksLists                        0x20000d48   Data        1120  tasks.o(.bss)
    xDelayedTaskList1                        0x200011a8   Data          20  tasks.o(.bss)
    xDelayedTaskList2                        0x200011bc   Data          20  tasks.o(.bss)
    xPendingReadyList                        0x200011d0   Data          20  tasks.o(.bss)
    xTasksWaitingTermination                 0x200011e4   Data          20  tasks.o(.bss)
    xSuspendedTaskList                       0x200011f8   Data          20  tasks.o(.bss)
    .bss                                     0x2000120c   Section      280  timers.o(.bss)
    xStaticTimerQueue                        0x2000120c   Data          80  timers.o(.bss)
    ucStaticTimerQueueStorage                0x2000125c   Data         160  timers.o(.bss)
    xActiveTimerList1                        0x200012fc   Data          20  timers.o(.bss)
    xActiveTimerList2                        0x20001310   Data          20  timers.o(.bss)
    .bss                                     0x20001324   Section     1720  cmsis_os2.o(.bss)
    Idle_TCB                                 0x20001324   Data          92  cmsis_os2.o(.bss)
    Idle_Stack                               0x20001380   Data         512  cmsis_os2.o(.bss)
    Timer_TCB                                0x20001580   Data          92  cmsis_os2.o(.bss)
    Timer_Stack                              0x200015dc   Data        1024  cmsis_os2.o(.bss)
    .bss                                     0x200019dc   Section    81920  heap_4.o(.bss)
    ucHeap                                   0x200019dc   Data       81920  heap_4.o(.bss)
    STACK                                    0x200159e0   Section     1024  startup_stm32f427xx.o(STACK)

    Global Symbols

    Symbol Name                              Value     Ov Type        Size  Object(Section)

    BuildAttributes$$THM_ISAv4$E$P$D$K$B$S$7EM$VFPi3$EXTD16$VFPS$VFMA$PE$A:L22UL41UL21$X:L11$S22US41US21$IEEE1$IW$USESV6$~STKCKD$USESV7$~SHL$OTIME$EBA8$MICROLIB$REQ8$PRES8$EABIv2 0x00000000   Number         0  anon$$obj.o ABSOLUTE
    __ARM_use_no_argv                        0x00000000   Number         0  main.o ABSOLUTE
    __arm_fini_                               - Undefined Weak Reference
    __cpp_initialize__aeabi_                  - Undefined Weak Reference
    __cxa_finalize                            - Undefined Weak Reference
    __decompress                              - Undefined Weak Reference
    _clock_init                               - Undefined Weak Reference
    _microlib_exit                            - Undefined Weak Reference
    __Vectors_Size                           0x000001ac   Number         0  startup_stm32f427xx.o ABSOLUTE
    __Vectors                                0x08004000   Data           4  startup_stm32f427xx.o(RESET)
    __Vectors_End                            0x080041ac   Data           0  startup_stm32f427xx.o(RESET)
    __main                                   0x080041ad   Thumb Code     0  entry.o(.ARM.Collect$$$$00000000)
    _main_stk                                0x080041ad   Thumb Code     0  entry2.o(.ARM.Collect$$$$00000001)
    _main_scatterload                        0x080041b1   Thumb Code     0  entry5.o(.ARM.Collect$$$$00000004)
    __main_after_scatterload                 0x080041b5   Thumb Code     0  entry5.o(.ARM.Collect$$$$00000004)
    _main_clock                              0x080041b5   Thumb Code     0  entry7b.o(.ARM.Collect$$$$00000008)
    _main_cpp_init                           0x080041b5   Thumb Code     0  entry8b.o(.ARM.Collect$$$$0000000A)
    _main_init                               0x080041b5   Thumb Code     0  entry9a.o(.ARM.Collect$$$$0000000B)
    __rt_lib_shutdown_fini                   0x080041bd   Thumb Code     0  entry12b.o(.ARM.Collect$$$$0000000E)
    __rt_final_cpp                           0x080041c1   Thumb Code     0  entry10a.o(.ARM.Collect$$$$0000000F)
    __rt_final_exit                          0x080041c1   Thumb Code     0  entry11a.o(.ARM.Collect$$$$00000011)
    SVC_Handler                              0x080041c5   Thumb Code    28  port.o(.emb_text)
    __asm___6_port_c_39a90d8d__prvStartFirstTask 0x080041e5   Thumb Code    36  port.o(.emb_text)
    __asm___6_port_c_39a90d8d__prvEnableVFP  0x0800420d   Thumb Code    16  port.o(.emb_text)
    PendSV_Handler                           0x08004221   Thumb Code    88  port.o(.emb_text)
    vPortGetIPSR                             0x0800427d   Thumb Code     6  port.o(.emb_text)
    Reset_Handler                            0x08004285   Thumb Code     8  startup_stm32f427xx.o(.text)
    ADC_IRQHandler                           0x0800429f   Thumb Code     0  startup_stm32f427xx.o(.text)
    CAN1_RX1_IRQHandler                      0x0800429f   Thumb Code     0  startup_stm32f427xx.o(.text)
    CAN1_SCE_IRQHandler                      0x0800429f   Thumb Code     0  startup_stm32f427xx.o(.text)
    CAN1_TX_IRQHandler                       0x0800429f   Thumb Code     0  startup_stm32f427xx.o(.text)
    CAN2_RX1_IRQHandler                      0x0800429f   Thumb Code     0  startup_stm32f427xx.o(.text)
    CAN2_SCE_IRQHandler                      0x0800429f   Thumb Code     0  startup_stm32f427xx.o(.text)
    CAN2_TX_IRQHandler                       0x0800429f   Thumb Code     0  startup_stm32f427xx.o(.text)
    DCMI_IRQHandler                          0x0800429f   Thumb Code     0  startup_stm32f427xx.o(.text)
    DMA1_Stream0_IRQHandler                  0x0800429f   Thumb Code     0  startup_stm32f427xx.o(.text)
    DMA1_Stream1_IRQHandler                  0x0800429f   Thumb Code     0  startup_stm32f427xx.o(.text)
    DMA1_Stream2_IRQHandler                  0x0800429f   Thumb Code     0  startup_stm32f427xx.o(.text)
    DMA1_Stream3_IRQHandler                  0x0800429f   Thumb Code     0  startup_stm32f427xx.o(.text)
    DMA1_Stream4_IRQHandler                  0x0800429f   Thumb Code     0  startup_stm32f427xx.o(.text)
    DMA1_Stream5_IRQHandler                  0x0800429f   Thumb Code     0  startup_stm32f427xx.o(.text)
    DMA1_Stream6_IRQHandler                  0x0800429f   Thumb Code     0  startup_stm32f427xx.o(.text)
    DMA1_Stream7_IRQHandler                  0x0800429f   Thumb Code     0  startup_stm32f427xx.o(.text)
    DMA2D_IRQHandler                         0x0800429f   Thumb Code     0  startup_stm32f427xx.o(.text)
    DMA2_Stream0_IRQHandler                  0x0800429f   Thumb Code     0  startup_stm32f427xx.o(.text)
    DMA2_Stream3_IRQHandler                  0x0800429f   Thumb Code     0  startup_stm32f427xx.o(.text)
    DMA2_Stream4_IRQHandler                  0x0800429f   Thumb Code     0  startup_stm32f427xx.o(.text)
    DMA2_Stream5_IRQHandler                  0x0800429f   Thumb Code     0  startup_stm32f427xx.o(.text)
    DMA2_Stream6_IRQHandler                  0x0800429f   Thumb Code     0  startup_stm32f427xx.o(.text)
    DMA2_Stream7_IRQHandler                  0x0800429f   Thumb Code     0  startup_stm32f427xx.o(.text)
    ETH_IRQHandler                           0x0800429f   Thumb Code     0  startup_stm32f427xx.o(.text)
    ETH_WKUP_IRQHandler                      0x0800429f   Thumb Code     0  startup_stm32f427xx.o(.text)
    EXTI0_IRQHandler                         0x0800429f   Thumb Code     0  startup_stm32f427xx.o(.text)
    EXTI1_IRQHandler                         0x0800429f   Thumb Code     0  startup_stm32f427xx.o(.text)
    EXTI2_IRQHandler                         0x0800429f   Thumb Code     0  startup_stm32f427xx.o(.text)
    EXTI3_IRQHandler                         0x0800429f   Thumb Code     0  startup_stm32f427xx.o(.text)
    EXTI4_IRQHandler                         0x0800429f   Thumb Code     0  startup_stm32f427xx.o(.text)
    EXTI9_5_IRQHandler                       0x0800429f   Thumb Code     0  startup_stm32f427xx.o(.text)
    FLASH_IRQHandler                         0x0800429f   Thumb Code     0  startup_stm32f427xx.o(.text)
    FMC_IRQHandler                           0x0800429f   Thumb Code     0  startup_stm32f427xx.o(.text)
    FPU_IRQHandler                           0x0800429f   Thumb Code     0  startup_stm32f427xx.o(.text)
    HASH_RNG_IRQHandler                      0x0800429f   Thumb Code     0  startup_stm32f427xx.o(.text)
    I2C1_ER_IRQHandler                       0x0800429f   Thumb Code     0  startup_stm32f427xx.o(.text)
    I2C1_EV_IRQHandler                       0x0800429f   Thumb Code     0  startup_stm32f427xx.o(.text)
    I2C2_ER_IRQHandler                       0x0800429f   Thumb Code     0  startup_stm32f427xx.o(.text)
    I2C2_EV_IRQHandler                       0x0800429f   Thumb Code     0  startup_stm32f427xx.o(.text)
    I2C3_ER_IRQHandler                       0x0800429f   Thumb Code     0  startup_stm32f427xx.o(.text)
    I2C3_EV_IRQHandler                       0x0800429f   Thumb Code     0  startup_stm32f427xx.o(.text)
    OTG_FS_IRQHandler                        0x0800429f   Thumb Code     0  startup_stm32f427xx.o(.text)
    OTG_FS_WKUP_IRQHandler                   0x0800429f   Thumb Code     0  startup_stm32f427xx.o(.text)
    OTG_HS_EP1_IN_IRQHandler                 0x0800429f   Thumb Code     0  startup_stm32f427xx.o(.text)
    OTG_HS_EP1_OUT_IRQHandler                0x0800429f   Thumb Code     0  startup_stm32f427xx.o(.text)
    OTG_HS_IRQHandler                        0x0800429f   Thumb Code     0  startup_stm32f427xx.o(.text)
    OTG_HS_WKUP_IRQHandler                   0x0800429f   Thumb Code     0  startup_stm32f427xx.o(.text)
    RCC_IRQHandler                           0x0800429f   Thumb Code     0  startup_stm32f427xx.o(.text)
    RTC_Alarm_IRQHandler                     0x0800429f   Thumb Code     0  startup_stm32f427xx.o(.text)
    RTC_WKUP_IRQHandler                      0x0800429f   Thumb Code     0  startup_stm32f427xx.o(.text)
    SAI1_IRQHandler                          0x0800429f   Thumb Code     0  startup_stm32f427xx.o(.text)
    SDIO_IRQHandler                          0x0800429f   Thumb Code     0  startup_stm32f427xx.o(.text)
    SPI1_IRQHandler                          0x0800429f   Thumb Code     0  startup_stm32f427xx.o(.text)
    SPI2_IRQHandler                          0x0800429f   Thumb Code     0  startup_stm32f427xx.o(.text)
    SPI3_IRQHandler                          0x0800429f   Thumb Code     0  startup_stm32f427xx.o(.text)
    SPI4_IRQHandler                          0x0800429f   Thumb Code     0  startup_stm32f427xx.o(.text)
    SPI5_IRQHandler                          0x0800429f   Thumb Code     0  startup_stm32f427xx.o(.text)
    SPI6_IRQHandler                          0x0800429f   Thumb Code     0  startup_stm32f427xx.o(.text)
    TAMP_STAMP_IRQHandler                    0x0800429f   Thumb Code     0  startup_stm32f427xx.o(.text)
    TIM1_BRK_TIM9_IRQHandler                 0x0800429f   Thumb Code     0  startup_stm32f427xx.o(.text)
    TIM1_CC_IRQHandler                       0x0800429f   Thumb Code     0  startup_stm32f427xx.o(.text)
    TIM1_TRG_COM_TIM11_IRQHandler            0x0800429f   Thumb Code     0  startup_stm32f427xx.o(.text)
    TIM3_IRQHandler                          0x0800429f   Thumb Code     0  startup_stm32f427xx.o(.text)
    TIM4_IRQHandler                          0x0800429f   Thumb Code     0  startup_stm32f427xx.o(.text)
    TIM5_IRQHandler                          0x0800429f   Thumb Code     0  startup_stm32f427xx.o(.text)
    TIM6_DAC_IRQHandler                      0x0800429f   Thumb Code     0  startup_stm32f427xx.o(.text)
    TIM7_IRQHandler                          0x0800429f   Thumb Code     0  startup_stm32f427xx.o(.text)
    TIM8_BRK_TIM12_IRQHandler                0x0800429f   Thumb Code     0  startup_stm32f427xx.o(.text)
    TIM8_CC_IRQHandler                       0x0800429f   Thumb Code     0  startup_stm32f427xx.o(.text)
    TIM8_TRG_COM_TIM14_IRQHandler            0x0800429f   Thumb Code     0  startup_stm32f427xx.o(.text)
    TIM8_UP_TIM13_IRQHandler                 0x0800429f   Thumb Code     0  startup_stm32f427xx.o(.text)
    UART4_IRQHandler                         0x0800429f   Thumb Code     0  startup_stm32f427xx.o(.text)
    UART5_IRQHandler                         0x0800429f   Thumb Code     0  startup_stm32f427xx.o(.text)
    UART7_IRQHandler                         0x0800429f   Thumb Code     0  startup_stm32f427xx.o(.text)
    UART8_IRQHandler                         0x0800429f   Thumb Code     0  startup_stm32f427xx.o(.text)
    USART2_IRQHandler                        0x0800429f   Thumb Code     0  startup_stm32f427xx.o(.text)
    USART3_IRQHandler                        0x0800429f   Thumb Code     0  startup_stm32f427xx.o(.text)
    WWDG_IRQHandler                          0x0800429f   Thumb Code     0  startup_stm32f427xx.o(.text)
    __aeabi_uldivmod                         0x080042a9   Thumb Code    98  uldiv.o(.text)
    __aeabi_memcpy                           0x0800430b   Thumb Code    36  memcpya.o(.text)
    __aeabi_memcpy4                          0x0800430b   Thumb Code     0  memcpya.o(.text)
    __aeabi_memcpy8                          0x0800430b   Thumb Code     0  memcpya.o(.text)
    __aeabi_memset                           0x0800432f   Thumb Code    14  memseta.o(.text)
    __aeabi_memset4                          0x0800432f   Thumb Code     0  memseta.o(.text)
    __aeabi_memset8                          0x0800432f   Thumb Code     0  memseta.o(.text)
    __aeabi_memclr                           0x0800433d   Thumb Code     4  memseta.o(.text)
    __aeabi_memclr4                          0x0800433d   Thumb Code     0  memseta.o(.text)
    __aeabi_memclr8                          0x0800433d   Thumb Code     0  memseta.o(.text)
    memset                                   0x08004341   Thumb Code    18  memseta.o(.text)
    __aeabi_llsl                             0x08004353   Thumb Code    30  llshl.o(.text)
    _ll_shift_l                              0x08004353   Thumb Code     0  llshl.o(.text)
    __aeabi_llsr                             0x08004371   Thumb Code    32  llushr.o(.text)
    _ll_ushift_r                             0x08004371   Thumb Code     0  llushr.o(.text)
    __scatterload                            0x08004391   Thumb Code    28  init.o(.text)
    __scatterload_rt2                        0x08004391   Thumb Code     0  init.o(.text)
    BusFault_Handler                         0x080043b5   Thumb Code     2  stm32f4xx_it.o(i.BusFault_Handler)
    CAN1_RX0_IRQHandler                      0x080043b9   Thumb Code     6  stm32f4xx_it.o(i.CAN1_RX0_IRQHandler)
    CAN2_RX0_IRQHandler                      0x080043c5   Thumb Code     6  stm32f4xx_it.o(i.CAN2_RX0_IRQHandler)
    DMA2_Stream1_IRQHandler                  0x080043d1   Thumb Code     6  stm32f4xx_it.o(i.DMA2_Stream1_IRQHandler)
    DMA2_Stream2_IRQHandler                  0x080043dd   Thumb Code     6  stm32f4xx_it.o(i.DMA2_Stream2_IRQHandler)
    DebugMon_Handler                         0x0800449b   Thumb Code     2  stm32f4xx_it.o(i.DebugMon_Handler)
    EXTI15_10_IRQHandler                     0x0800449d   Thumb Code    30  stm32f4xx_it.o(i.EXTI15_10_IRQHandler)
    Error_Handler                            0x080044bb   Thumb Code     8  main.o(i.Error_Handler)
    HAL_CAN_ErrorCallback                    0x080044c3   Thumb Code     2  stm32f4xx_hal_can.o(i.HAL_CAN_ErrorCallback)
    HAL_CAN_IRQHandler                       0x080044c5   Thumb Code   564  stm32f4xx_hal_can.o(i.HAL_CAN_IRQHandler)
    HAL_CAN_Init                             0x080046f9   Thumb Code   360  stm32f4xx_hal_can.o(i.HAL_CAN_Init)
    HAL_CAN_MspInit                          0x08004861   Thumb Code   228  can.o(i.HAL_CAN_MspInit)
    HAL_CAN_RxFifo0FullCallback              0x0800495d   Thumb Code     2  stm32f4xx_hal_can.o(i.HAL_CAN_RxFifo0FullCallback)
    HAL_CAN_RxFifo0MsgPendingCallback        0x0800495f   Thumb Code     2  stm32f4xx_hal_can.o(i.HAL_CAN_RxFifo0MsgPendingCallback)
    HAL_CAN_RxFifo1FullCallback              0x08004961   Thumb Code     2  stm32f4xx_hal_can.o(i.HAL_CAN_RxFifo1FullCallback)
    HAL_CAN_RxFifo1MsgPendingCallback        0x08004963   Thumb Code     2  stm32f4xx_hal_can.o(i.HAL_CAN_RxFifo1MsgPendingCallback)
    HAL_CAN_SleepCallback                    0x08004965   Thumb Code     2  stm32f4xx_hal_can.o(i.HAL_CAN_SleepCallback)
    HAL_CAN_TxMailbox0AbortCallback          0x08004967   Thumb Code     2  stm32f4xx_hal_can.o(i.HAL_CAN_TxMailbox0AbortCallback)
    HAL_CAN_TxMailbox0CompleteCallback       0x08004969   Thumb Code     2  stm32f4xx_hal_can.o(i.HAL_CAN_TxMailbox0CompleteCallback)
    HAL_CAN_TxMailbox1AbortCallback          0x0800496b   Thumb Code     2  stm32f4xx_hal_can.o(i.HAL_CAN_TxMailbox1AbortCallback)
    HAL_CAN_TxMailbox1CompleteCallback       0x0800496d   Thumb Code     2  stm32f4xx_hal_can.o(i.HAL_CAN_TxMailbox1CompleteCallback)
    HAL_CAN_TxMailbox2AbortCallback          0x0800496f   Thumb Code     2  stm32f4xx_hal_can.o(i.HAL_CAN_TxMailbox2AbortCallback)
    HAL_CAN_TxMailbox2CompleteCallback       0x08004971   Thumb Code     2  stm32f4xx_hal_can.o(i.HAL_CAN_TxMailbox2CompleteCallback)
    HAL_CAN_WakeUpFromRxMsgCallback          0x08004973   Thumb Code     2  stm32f4xx_hal_can.o(i.HAL_CAN_WakeUpFromRxMsgCallback)
    HAL_DMA_Abort                            0x08004975   Thumb Code   162  stm32f4xx_hal_dma.o(i.HAL_DMA_Abort)
    HAL_DMA_Abort_IT                         0x08004a17   Thumb Code    36  stm32f4xx_hal_dma.o(i.HAL_DMA_Abort_IT)
    HAL_DMA_IRQHandler                       0x08004a3d   Thumb Code   488  stm32f4xx_hal_dma.o(i.HAL_DMA_IRQHandler)
    HAL_DMA_Init                             0x08004c29   Thumb Code   230  stm32f4xx_hal_dma.o(i.HAL_DMA_Init)
    HAL_GPIO_EXTI_Callback                   0x08004d15   Thumb Code     2  stm32f4xx_hal_gpio.o(i.HAL_GPIO_EXTI_Callback)
    HAL_GPIO_EXTI_IRQHandler                 0x08004d19   Thumb Code    18  stm32f4xx_hal_gpio.o(i.HAL_GPIO_EXTI_IRQHandler)
    HAL_GPIO_Init                            0x08004d31   Thumb Code   564  stm32f4xx_hal_gpio.o(i.HAL_GPIO_Init)
    HAL_GPIO_WritePin                        0x08004f7d   Thumb Code    14  stm32f4xx_hal_gpio.o(i.HAL_GPIO_WritePin)
    HAL_GetTick                              0x08004f8d   Thumb Code     6  stm32f4xx_hal.o(i.HAL_GetTick)
    HAL_IncTick                              0x08004f99   Thumb Code    12  stm32f4xx_hal.o(i.HAL_IncTick)
    HAL_Init                                 0x08004fa9   Thumb Code    48  stm32f4xx_hal.o(i.HAL_Init)
    HAL_InitTick                             0x08004fdd   Thumb Code   102  stm32f4xx_hal_timebase_tim.o(i.HAL_InitTick)
    HAL_MspInit                              0x08005051   Thumb Code    70  stm32f4xx_hal_msp.o(i.HAL_MspInit)
    HAL_NVIC_EnableIRQ                       0x0800509d   Thumb Code    28  stm32f4xx_hal_cortex.o(i.HAL_NVIC_EnableIRQ)
    HAL_NVIC_SetPriority                     0x080050b9   Thumb Code    98  stm32f4xx_hal_cortex.o(i.HAL_NVIC_SetPriority)
    HAL_NVIC_SetPriorityGrouping             0x08005121   Thumb Code    30  stm32f4xx_hal_cortex.o(i.HAL_NVIC_SetPriorityGrouping)
    HAL_NVIC_SystemReset                     0x08005145   Thumb Code    26  stm32f4xx_hal_cortex.o(i.HAL_NVIC_SystemReset)
    HAL_PWREx_EnableOverDrive                0x08005169   Thumb Code   110  stm32f4xx_hal_pwr_ex.o(i.HAL_PWREx_EnableOverDrive)
    HAL_PWR_PVDCallback                      0x080051e5   Thumb Code     2  stm32f4xx_hal_pwr.o(i.HAL_PWR_PVDCallback)
    HAL_PWR_PVD_IRQHandler                   0x080051e9   Thumb Code    24  stm32f4xx_hal_pwr.o(i.HAL_PWR_PVD_IRQHandler)
    HAL_RCC_ClockConfig                      0x08005205   Thumb Code   354  stm32f4xx_hal_rcc.o(i.HAL_RCC_ClockConfig)
    HAL_RCC_GetClockConfig                   0x08005381   Thumb Code    52  stm32f4xx_hal_rcc.o(i.HAL_RCC_GetClockConfig)
    HAL_RCC_GetHCLKFreq                      0x080053bd   Thumb Code     6  stm32f4xx_hal_rcc.o(i.HAL_RCC_GetHCLKFreq)
    HAL_RCC_GetPCLK1Freq                     0x080053c9   Thumb Code    22  stm32f4xx_hal_rcc.o(i.HAL_RCC_GetPCLK1Freq)
    HAL_RCC_GetPCLK2Freq                     0x080053e9   Thumb Code    22  stm32f4xx_hal_rcc.o(i.HAL_RCC_GetPCLK2Freq)
    HAL_RCC_GetSysClockFreq                  0x08005409   Thumb Code    94  stm32f4xx_hal_rcc.o(i.HAL_RCC_GetSysClockFreq)
    HAL_RCC_OscConfig                        0x08005479   Thumb Code  1154  stm32f4xx_hal_rcc.o(i.HAL_RCC_OscConfig)
    HAL_SPI_Init                             0x080058fb   Thumb Code   190  stm32f4xx_hal_spi.o(i.HAL_SPI_Init)
    HAL_SPI_MspInit                          0x080059b9   Thumb Code   128  spi.o(i.HAL_SPI_MspInit)
    HAL_TIMEx_BreakCallback                  0x08005a49   Thumb Code     2  stm32f4xx_hal_tim_ex.o(i.HAL_TIMEx_BreakCallback)
    HAL_TIMEx_CommutCallback                 0x08005a4b   Thumb Code     2  stm32f4xx_hal_tim_ex.o(i.HAL_TIMEx_CommutCallback)
    HAL_TIMEx_MasterConfigSynchronization    0x08005a4d   Thumb Code   154  stm32f4xx_hal_tim_ex.o(i.HAL_TIMEx_MasterConfigSynchronization)
    HAL_TIM_Base_Init                        0x08005ae7   Thumb Code    92  stm32f4xx_hal_tim.o(i.HAL_TIM_Base_Init)
    HAL_TIM_Base_MspInit                     0x08005b45   Thumb Code    50  tim.o(i.HAL_TIM_Base_MspInit)
    HAL_TIM_Base_Start_IT                    0x08005b81   Thumb Code   138  stm32f4xx_hal_tim.o(i.HAL_TIM_Base_Start_IT)
    HAL_TIM_ConfigClockSource                0x08005c0b   Thumb Code   234  stm32f4xx_hal_tim.o(i.HAL_TIM_ConfigClockSource)
    HAL_TIM_IC_CaptureCallback               0x08005cf5   Thumb Code     2  stm32f4xx_hal_tim.o(i.HAL_TIM_IC_CaptureCallback)
    HAL_TIM_IRQHandler                       0x08005cf7   Thumb Code   372  stm32f4xx_hal_tim.o(i.HAL_TIM_IRQHandler)
    HAL_TIM_OC_DelayElapsedCallback          0x08005e6b   Thumb Code     2  stm32f4xx_hal_tim.o(i.HAL_TIM_OC_DelayElapsedCallback)
    HAL_TIM_PWM_PulseFinishedCallback        0x08005e6d   Thumb Code     2  stm32f4xx_hal_tim.o(i.HAL_TIM_PWM_PulseFinishedCallback)
    HAL_TIM_PeriodElapsedCallback            0x08005e6f   Thumb Code    14  main.o(i.HAL_TIM_PeriodElapsedCallback)
    HAL_TIM_TriggerCallback                  0x08005e7d   Thumb Code     2  stm32f4xx_hal_tim.o(i.HAL_TIM_TriggerCallback)
    HAL_UARTEx_RxEventCallback               0x08005e7f   Thumb Code     2  stm32f4xx_hal_uart.o(i.HAL_UARTEx_RxEventCallback)
    HAL_UART_ErrorCallback                   0x08005e81   Thumb Code     2  stm32f4xx_hal_uart.o(i.HAL_UART_ErrorCallback)
    HAL_UART_IRQHandler                      0x08005e85   Thumb Code   604  stm32f4xx_hal_uart.o(i.HAL_UART_IRQHandler)
    HAL_UART_Init                            0x080060e5   Thumb Code   100  stm32f4xx_hal_uart.o(i.HAL_UART_Init)
    HAL_UART_MspInit                         0x08006149   Thumb Code   368  usart.o(i.HAL_UART_MspInit)
    HAL_UART_RxCpltCallback                  0x080062e1   Thumb Code     2  stm32f4xx_hal_uart.o(i.HAL_UART_RxCpltCallback)
    HAL_UART_TxCpltCallback                  0x080062e3   Thumb Code     2  stm32f4xx_hal_uart.o(i.HAL_UART_TxCpltCallback)
    HardFault_Handler                        0x080062e5   Thumb Code     2  stm32f4xx_it.o(i.HardFault_Handler)
    MX_CAN1_Init                             0x080062e9   Thumb Code    58  can.o(i.MX_CAN1_Init)
    MX_CAN2_Init                             0x0800632d   Thumb Code    58  can.o(i.MX_CAN2_Init)
    MX_DMA_Init                              0x08006371   Thumb Code    56  dma.o(i.MX_DMA_Init)
    MX_FREERTOS_Init                         0x080063ad   Thumb Code    18  freertos.o(i.MX_FREERTOS_Init)
    MX_GPIO_Init                             0x080063cd   Thumb Code   300  gpio.o(i.MX_GPIO_Init)
    MX_SPI1_Init                             0x08006515   Thumb Code    62  spi.o(i.MX_SPI1_Init)
    MX_TIM1_Init                             0x0800655d   Thumb Code    98  tim.o(i.MX_TIM1_Init)
    MX_UART8_Init                            0x080065c9   Thumb Code    48  usart.o(i.MX_UART8_Init)
    MX_USART1_UART_Init                      0x08006601   Thumb Code    46  usart.o(i.MX_USART1_UART_Init)
    MX_USART6_UART_Init                      0x0800663d   Thumb Code    48  usart.o(i.MX_USART6_UART_Init)
    MemManage_Handler                        0x08006675   Thumb Code     2  stm32f4xx_it.o(i.MemManage_Handler)
    NMI_Handler                              0x08006677   Thumb Code     2  stm32f4xx_it.o(i.NMI_Handler)
    PVD_IRQHandler                           0x08006679   Thumb Code     4  stm32f4xx_it.o(i.PVD_IRQHandler)
    SysTick_Handler                          0x0800667d   Thumb Code    26  cmsis_os2.o(i.SysTick_Handler)
    SystemClock_Config                       0x08006699   Thumb Code   138  main.o(i.SystemClock_Config)
    SystemInit                               0x0800672d   Thumb Code    18  system_stm32f4xx.o(i.SystemInit)
    TIM1_UP_TIM10_IRQHandler                 0x0800674d   Thumb Code     6  stm32f4xx_it.o(i.TIM1_UP_TIM10_IRQHandler)
    TIM2_IRQHandler                          0x08006759   Thumb Code     6  stm32f4xx_it.o(i.TIM2_IRQHandler)
    TIM_Base_SetConfig                       0x08006765   Thumb Code   182  stm32f4xx_hal_tim.o(i.TIM_Base_SetConfig)
    TIM_ETR_SetConfig                        0x08006831   Thumb Code    22  stm32f4xx_hal_tim.o(i.TIM_ETR_SetConfig)
    USART1_IRQHandler                        0x08006b3d   Thumb Code    16  stm32f4xx_it.o(i.USART1_IRQHandler)
    USART6_IRQHandler                        0x08006b51   Thumb Code    16  stm32f4xx_it.o(i.USART6_IRQHandler)
    USART_IRQ_Service                        0x08006b65   Thumb Code   126  referee_usart_task.o(i.USART_IRQ_Service)
    UsageFault_Handler                       0x08006bf9   Thumb Code     2  stm32f4xx_it.o(i.UsageFault_Handler)
    __scatterload_copy                       0x08006bfb   Thumb Code    14  handlers.o(i.__scatterload_copy)
    __scatterload_null                       0x08006c09   Thumb Code     2  handlers.o(i.__scatterload_null)
    __scatterload_zeroinit                   0x08006c0b   Thumb Code    14  handlers.o(i.__scatterload_zeroinit)
    fifo_s_get                               0x08006c19   Thumb Code    44  fifo.o(i.fifo_s_get)
    fifo_s_init                              0x08006c45   Thumb Code    22  fifo.o(i.fifo_s_init)
    fifo_s_puts                              0x08006c5b   Thumb Code   124  fifo.o(i.fifo_s_puts)
    fifo_s_used                              0x08006cd7   Thumb Code     4  fifo.o(i.fifo_s_used)
    get_CRC16_check_sum                      0x08006cdd   Thumb Code    38  crc8_crc16.o(i.get_CRC16_check_sum)
    get_CRC8_check_sum                       0x08006d09   Thumb Code    24  crc8_crc16.o(i.get_CRC8_check_sum)
    init_referee_struct_data                 0x08006d25   Thumb Code   120  referee.o(i.init_referee_struct_data)
    main                                     0x08006da5   Thumb Code    58  main.o(i.main)
    osDelay                                  0x08006ddf   Thumb Code    30  cmsis_os2.o(i.osDelay)
    osKernelInitialize                       0x08006dfd   Thumb Code    34  cmsis_os2.o(i.osKernelInitialize)
    osKernelStart                            0x08006e25   Thumb Code    48  cmsis_os2.o(i.osKernelStart)
    osThreadNew                              0x08006e5d   Thumb Code   188  cmsis_os2.o(i.osThreadNew)
    pvPortMalloc                             0x08007759   Thumb Code   224  heap_4.o(i.pvPortMalloc)
    pxPortInitialiseStack                    0x08007841   Thumb Code    38  port.o(i.pxPortInitialiseStack)
    referee_Task_Start                       0x0800786d   Thumb Code     4  freertos.o(i.referee_Task_Start)
    referee_data_solve                       0x08007871   Thumb Code   312  referee.o(i.referee_data_solve)
    referee_usart_task                       0x08007ab5   Thumb Code    52  referee_usart_task.o(i.referee_usart_task)
    remote_control_IRQ                       0x08007af9   Thumb Code   156  remote_control.o(i.remote_control_IRQ)
    usart6_init                              0x08007c6d   Thumb Code   128  bsp_usart.o(i.usart6_init)
    uxListRemove                             0x08007d01   Thumb Code    38  list.o(i.uxListRemove)
    vApplicationGetIdleTaskMemory            0x08007d29   Thumb Code    16  cmsis_os2.o(i.vApplicationGetIdleTaskMemory)
    vApplicationGetTimerTaskMemory           0x08007d3d   Thumb Code    18  cmsis_os2.o(i.vApplicationGetTimerTaskMemory)
    vListInitialise                          0x08007d55   Thumb Code    22  list.o(i.vListInitialise)
    vListInitialiseItem                      0x08007d6b   Thumb Code     6  list.o(i.vListInitialiseItem)
    vListInsert                              0x08007d71   Thumb Code    54  list.o(i.vListInsert)
    vListInsertEnd                           0x08007da7   Thumb Code    24  list.o(i.vListInsertEnd)
    vPortEnterCritical                       0x08007dc1   Thumb Code    54  port.o(i.vPortEnterCritical)
    vPortExitCritical                        0x08007e01   Thumb Code    38  port.o(i.vPortExitCritical)
    vPortFree                                0x08007e2d   Thumb Code    94  heap_4.o(i.vPortFree)
    vPortSetupTimerInterrupt                 0x08007e91   Thumb Code    32  port.o(i.vPortSetupTimerInterrupt)
    vPortValidateInterruptPriority           0x08007eb5   Thumb Code    74  port.o(i.vPortValidateInterruptPriority)
    vQueueAddToRegistry                      0x08007f09   Thumb Code    34  queue.o(i.vQueueAddToRegistry)
    vQueueWaitForMessageRestricted           0x08007f31   Thumb Code    74  queue.o(i.vQueueWaitForMessageRestricted)
    vTaskDelay                               0x08007f7d   Thumb Code    70  tasks.o(i.vTaskDelay)
    vTaskInternalSetTimeOutState             0x08007fcd   Thumb Code    12  tasks.o(i.vTaskInternalSetTimeOutState)
    vTaskMissedYield                         0x08007fdd   Thumb Code     8  tasks.o(i.vTaskMissedYield)
    vTaskPlaceOnEventList                    0x08007fe9   Thumb Code    48  tasks.o(i.vTaskPlaceOnEventList)
    vTaskPlaceOnEventListRestricted          0x0800801d   Thumb Code    54  tasks.o(i.vTaskPlaceOnEventListRestricted)
    vTaskStartScheduler                      0x08008059   Thumb Code   128  tasks.o(i.vTaskStartScheduler)
    vTaskSuspendAll                          0x080080e9   Thumb Code    10  tasks.o(i.vTaskSuspendAll)
    vTaskSwitchContext                       0x080080f9   Thumb Code   100  tasks.o(i.vTaskSwitchContext)
    verify_CRC16_check_sum                   0x08008165   Thumb Code    54  crc8_crc16.o(i.verify_CRC16_check_sum)
    verify_CRC8_check_sum                    0x080081a1   Thumb Code    38  crc8_crc16.o(i.verify_CRC8_check_sum)
    xPortStartScheduler                      0x080081c9   Thumb Code   232  port.o(i.xPortStartScheduler)
    xPortSysTickHandler                      0x080082cd   Thumb Code    38  port.o(i.xPortSysTickHandler)
    xQueueGenericCreateStatic                0x080082f9   Thumb Code   112  queue.o(i.xQueueGenericCreateStatic)
    xQueueGenericReset                       0x08008369   Thumb Code   138  queue.o(i.xQueueGenericReset)
    xQueueGenericSend                        0x080083f9   Thumb Code   362  queue.o(i.xQueueGenericSend)
    xQueueGenericSendFromISR                 0x08008569   Thumb Code   190  queue.o(i.xQueueGenericSendFromISR)
    xQueueReceive                            0x08008629   Thumb Code   322  queue.o(i.xQueueReceive)
    xTaskCheckForTimeOut                     0x08008771   Thumb Code   122  tasks.o(i.xTaskCheckForTimeOut)
    xTaskCreate                              0x080087f1   Thumb Code   108  tasks.o(i.xTaskCreate)
    xTaskCreateStatic                        0x0800885d   Thumb Code    96  tasks.o(i.xTaskCreateStatic)
    xTaskGetSchedulerState                   0x080088bd   Thumb Code    24  tasks.o(i.xTaskGetSchedulerState)
    xTaskGetTickCount                        0x080088d9   Thumb Code     6  tasks.o(i.xTaskGetTickCount)
    xTaskIncrementTick                       0x080088e5   Thumb Code   196  tasks.o(i.xTaskIncrementTick)
    xTaskPriorityDisinherit                  0x080089b1   Thumb Code   118  tasks.o(i.xTaskPriorityDisinherit)
    xTaskRemoveFromEventList                 0x08008a31   Thumb Code   106  tasks.o(i.xTaskRemoveFromEventList)
    xTaskResumeAll                           0x08008aa9   Thumb Code   190  tasks.o(i.xTaskResumeAll)
    xTimerCreateTimerTask                    0x08008b75   Thumb Code    86  timers.o(i.xTimerCreateTimerTask)
    xTimerGenericCommand                     0x08008bdd   Thumb Code   112  timers.o(i.xTimerGenericCommand)
    referee_Task_attributes                  0x08008c50   Data          36  freertos.o(.constdata)
    CRC8_table                               0x08008c74   Data         256  crc8_crc16.o(.constdata)
    wCRC_table                               0x08008d74   Data         512  crc8_crc16.o(.constdata)
    AHBPrescTable                            0x08008f7c   Data          16  system_stm32f4xx.o(.constdata)
    APBPrescTable                            0x08008f8c   Data           8  system_stm32f4xx.o(.constdata)
    Region$$Table$$Base                      0x08008fa4   Number         0  anon$$obj.o(Region$$Table)
    Region$$Table$$Limit                     0x08008fc4   Number         0  anon$$obj.o(Region$$Table)
    referee_TaskHandle                       0x20000000   Data           4  freertos.o(.data)
    CRC16_INIT                               0x2000000a   Data           2  crc8_crc16.o(.data)
    game_result                              0x2000000c   Data           1  referee.o(.data)
    buff_musk_t                              0x2000000d   Data           1  referee.o(.data)
    robot_energy_t                           0x2000000e   Data           1  referee.o(.data)
    robot_hurt_t                             0x2000000f   Data           1  referee.o(.data)
    referee_warning_t                        0x20000010   Data           2  referee.o(.data)
    supply_projectile_booking_t              0x20000012   Data           3  referee.o(.data)
    field_event                              0x20000015   Data           4  referee.o(.data)
    supply_projectile_action_t               0x20000019   Data           4  referee.o(.data)
    rfid_status_t                            0x2000001d   Data           4  referee.o(.data)
    referee_receive_header                   0x20000021   Data           5  referee.o(.data)
    referee_send_header                      0x20000026   Data           5  referee.o(.data)
    bullet_remaining_t                       0x2000002b   Data           6  referee.o(.data)
    shoot_data_t                             0x20000031   Data           7  referee.o(.data)
    UI_Seq                                   0x2000003a   Data           1  rm_cilent_ui.o(.data)
    Robot_ID                                 0x2000003c   Data           2  rm_cilent_ui.o(.data)
    Cilent_ID                                0x2000003e   Data           2  rm_cilent_ui.o(.data)
    uwTickFreq                               0x20000040   Data           1  stm32f4xx_hal.o(.data)
    uwTickPrio                               0x20000044   Data           4  stm32f4xx_hal.o(.data)
    uwTick                                   0x20000048   Data           4  stm32f4xx_hal.o(.data)
    SystemCoreClock                          0x2000004c   Data           4  system_stm32f4xx.o(.data)
    pxCurrentTCB                             0x20000050   Data           4  tasks.o(.data)
    hcan1                                    0x200000d0   Data          40  can.o(.bss)
    hcan2                                    0x200000f8   Data          40  can.o(.bss)
    hspi1                                    0x20000120   Data          88  spi.o(.bss)
    htim1                                    0x20000178   Data          72  tim.o(.bss)
    huart8                                   0x200001c0   Data          68  usart.o(.bss)
    huart1                                   0x20000204   Data          68  usart.o(.bss)
    huart6                                   0x20000248   Data          68  usart.o(.bss)
    hdma_usart1_rx                           0x2000028c   Data          96  usart.o(.bss)
    hdma_usart6_rx                           0x200002ec   Data          96  usart.o(.bss)
    htim2                                    0x2000034c   Data          72  stm32f4xx_hal_timebase_tim.o(.bss)
    rc_ctrl                                  0x20000394   Data          22  remote_control.o(.bss)
    game_state                               0x200003f2   Data          11  referee.o(.bss)
    game_robot_HP_t                          0x200003fd   Data          32  referee.o(.bss)
    robot_state                              0x2000041d   Data          27  referee.o(.bss)
    power_heat_data_t                        0x20000438   Data          16  referee.o(.bss)
    game_robot_pos_t                         0x20000448   Data          16  referee.o(.bss)
    student_interactive_data_t               0x20000458   Data          12  referee.o(.bss)
    usart6_buf                               0x20000464   Data        1024  referee_usart_task.o(.bss)
    referee_fifo                             0x20000864   Data          24  referee_usart_task.o(.bss)
    referee_fifo_buf                         0x2000087c   Data        1024  referee_usart_task.o(.bss)
    referee_unpack_obj                       0x20000c7c   Data         137  referee_usart_task.o(.bss)
    xQueueRegistry                           0x20000d08   Data          64  queue.o(.bss)
    __initial_sp                             0x20015de0   Data           0  startup_stm32f427xx.o(STACK)



==============================================================================

Memory Map of the image

  Image Entry point : 0x080041ad

  Load Region LR_IROM1 (Base: 0x08004000, Size: 0x00005094, Max: 0x00200000, ABSOLUTE)

    Execution Region ER_IROM1 (Exec base: 0x08004000, Load base: 0x08004000, Size: 0x00004fc4, Max: 0x00200000, ABSOLUTE)

    Exec Addr    Load Addr    Size         Type   Attr      Idx    E Section Name        Object

    0x08004000   0x08004000   0x000001ac   Data   RO            3    RESET               startup_stm32f427xx.o
    0x080041ac   0x080041ac   0x00000000   Code   RO         7217  * .ARM.Collect$$$$00000000  mc_w.l(entry.o)
    0x080041ac   0x080041ac   0x00000004   Code   RO         7258    .ARM.Collect$$$$00000001  mc_w.l(entry2.o)
    0x080041b0   0x080041b0   0x00000004   Code   RO         7261    .ARM.Collect$$$$00000004  mc_w.l(entry5.o)
    0x080041b4   0x080041b4   0x00000000   Code   RO         7263    .ARM.Collect$$$$00000008  mc_w.l(entry7b.o)
    0x080041b4   0x080041b4   0x00000000   Code   RO         7265    .ARM.Collect$$$$0000000A  mc_w.l(entry8b.o)
    0x080041b4   0x080041b4   0x00000008   Code   RO         7266    .ARM.Collect$$$$0000000B  mc_w.l(entry9a.o)
    0x080041bc   0x080041bc   0x00000004   Code   RO         7273    .ARM.Collect$$$$0000000E  mc_w.l(entry12b.o)
    0x080041c0   0x080041c0   0x00000000   Code   RO         7268    .ARM.Collect$$$$0000000F  mc_w.l(entry10a.o)
    0x080041c0   0x080041c0   0x00000000   Code   RO         7270    .ARM.Collect$$$$00000011  mc_w.l(entry11a.o)
    0x080041c0   0x080041c0   0x00000004   Code   RO         7259    .ARM.Collect$$$$00002712  mc_w.l(entry2.o)
    0x080041c4   0x080041c4   0x000000be   Code   RO         7140    .emb_text           port.o
    0x08004282   0x08004282   0x00000002   PAD
    0x08004284   0x08004284   0x00000024   Code   RO            4    .text               startup_stm32f427xx.o
    0x080042a8   0x080042a8   0x00000062   Code   RO         7220    .text               mc_w.l(uldiv.o)
    0x0800430a   0x0800430a   0x00000024   Code   RO         7222    .text               mc_w.l(memcpya.o)
    0x0800432e   0x0800432e   0x00000024   Code   RO         7226    .text               mc_w.l(memseta.o)
    0x08004352   0x08004352   0x0000001e   Code   RO         7274    .text               mc_w.l(llshl.o)
    0x08004370   0x08004370   0x00000020   Code   RO         7276    .text               mc_w.l(llushr.o)
    0x08004390   0x08004390   0x00000024   Code   RO         7280    .text               mc_w.l(init.o)
    0x080043b4   0x080043b4   0x00000002   Code   RO          710    i.BusFault_Handler  stm32f4xx_it.o
    0x080043b6   0x080043b6   0x00000002   PAD
    0x080043b8   0x080043b8   0x0000000c   Code   RO          711    i.CAN1_RX0_IRQHandler  stm32f4xx_it.o
    0x080043c4   0x080043c4   0x0000000c   Code   RO          712    i.CAN2_RX0_IRQHandler  stm32f4xx_it.o
    0x080043d0   0x080043d0   0x0000000c   Code   RO          713    i.DMA2_Stream1_IRQHandler  stm32f4xx_it.o
    0x080043dc   0x080043dc   0x0000000c   Code   RO          714    i.DMA2_Stream2_IRQHandler  stm32f4xx_it.o
    0x080043e8   0x080043e8   0x00000034   Code   RO         2462    i.DMA_CalcBaseAndBitshift  stm32f4xx_hal_dma.o
    0x0800441c   0x0800441c   0x0000007e   Code   RO         2463    i.DMA_CheckFifoParam  stm32f4xx_hal_dma.o
    0x0800449a   0x0800449a   0x00000002   Code   RO          715    i.DebugMon_Handler  stm32f4xx_it.o
    0x0800449c   0x0800449c   0x0000001e   Code   RO          716    i.EXTI15_10_IRQHandler  stm32f4xx_it.o
    0x080044ba   0x080044ba   0x00000008   Code   RO           13    i.Error_Handler     main.o
    0x080044c2   0x080044c2   0x00000002   Code   RO         1673    i.HAL_CAN_ErrorCallback  stm32f4xx_hal_can.o
    0x080044c4   0x080044c4   0x00000234   Code   RO         1680    i.HAL_CAN_IRQHandler  stm32f4xx_hal_can.o
    0x080046f8   0x080046f8   0x00000168   Code   RO         1681    i.HAL_CAN_Init      stm32f4xx_hal_can.o
    0x08004860   0x08004860   0x000000fc   Code   RO          455    i.HAL_CAN_MspInit   can.o
    0x0800495c   0x0800495c   0x00000002   Code   RO         1688    i.HAL_CAN_RxFifo0FullCallback  stm32f4xx_hal_can.o
    0x0800495e   0x0800495e   0x00000002   Code   RO         1689    i.HAL_CAN_RxFifo0MsgPendingCallback  stm32f4xx_hal_can.o
    0x08004960   0x08004960   0x00000002   Code   RO         1690    i.HAL_CAN_RxFifo1FullCallback  stm32f4xx_hal_can.o
    0x08004962   0x08004962   0x00000002   Code   RO         1691    i.HAL_CAN_RxFifo1MsgPendingCallback  stm32f4xx_hal_can.o
    0x08004964   0x08004964   0x00000002   Code   RO         1692    i.HAL_CAN_SleepCallback  stm32f4xx_hal_can.o
    0x08004966   0x08004966   0x00000002   Code   RO         1695    i.HAL_CAN_TxMailbox0AbortCallback  stm32f4xx_hal_can.o
    0x08004968   0x08004968   0x00000002   Code   RO         1696    i.HAL_CAN_TxMailbox0CompleteCallback  stm32f4xx_hal_can.o
    0x0800496a   0x0800496a   0x00000002   Code   RO         1697    i.HAL_CAN_TxMailbox1AbortCallback  stm32f4xx_hal_can.o
    0x0800496c   0x0800496c   0x00000002   Code   RO         1698    i.HAL_CAN_TxMailbox1CompleteCallback  stm32f4xx_hal_can.o
    0x0800496e   0x0800496e   0x00000002   Code   RO         1699    i.HAL_CAN_TxMailbox2AbortCallback  stm32f4xx_hal_can.o
    0x08004970   0x08004970   0x00000002   Code   RO         1700    i.HAL_CAN_TxMailbox2CompleteCallback  stm32f4xx_hal_can.o
    0x08004972   0x08004972   0x00000002   Code   RO         1702    i.HAL_CAN_WakeUpFromRxMsgCallback  stm32f4xx_hal_can.o
    0x08004974   0x08004974   0x000000a2   Code   RO         2465    i.HAL_DMA_Abort     stm32f4xx_hal_dma.o
    0x08004a16   0x08004a16   0x00000024   Code   RO         2466    i.HAL_DMA_Abort_IT  stm32f4xx_hal_dma.o
    0x08004a3a   0x08004a3a   0x00000002   PAD
    0x08004a3c   0x08004a3c   0x000001ec   Code   RO         2470    i.HAL_DMA_IRQHandler  stm32f4xx_hal_dma.o
    0x08004c28   0x08004c28   0x000000ec   Code   RO         2471    i.HAL_DMA_Init      stm32f4xx_hal_dma.o
    0x08004d14   0x08004d14   0x00000002   Code   RO         2356    i.HAL_GPIO_EXTI_Callback  stm32f4xx_hal_gpio.o
    0x08004d16   0x08004d16   0x00000002   PAD
    0x08004d18   0x08004d18   0x00000018   Code   RO         2357    i.HAL_GPIO_EXTI_IRQHandler  stm32f4xx_hal_gpio.o
    0x08004d30   0x08004d30   0x0000024c   Code   RO         2358    i.HAL_GPIO_Init     stm32f4xx_hal_gpio.o
    0x08004f7c   0x08004f7c   0x0000000e   Code   RO         2362    i.HAL_GPIO_WritePin  stm32f4xx_hal_gpio.o
    0x08004f8a   0x08004f8a   0x00000002   PAD
    0x08004f8c   0x08004f8c   0x0000000c   Code   RO         2905    i.HAL_GetTick       stm32f4xx_hal.o
    0x08004f98   0x08004f98   0x00000010   Code   RO         2911    i.HAL_IncTick       stm32f4xx_hal.o
    0x08004fa8   0x08004fa8   0x00000034   Code   RO         2912    i.HAL_Init          stm32f4xx_hal.o
    0x08004fdc   0x08004fdc   0x00000074   Code   RO          852    i.HAL_InitTick      stm32f4xx_hal_timebase_tim.o
    0x08005050   0x08005050   0x0000004c   Code   RO          828    i.HAL_MspInit       stm32f4xx_hal_msp.o
    0x0800509c   0x0800509c   0x0000001c   Code   RO         2765    i.HAL_NVIC_EnableIRQ  stm32f4xx_hal_cortex.o
    0x080050b8   0x080050b8   0x00000068   Code   RO         2771    i.HAL_NVIC_SetPriority  stm32f4xx_hal_cortex.o
    0x08005120   0x08005120   0x00000024   Code   RO         2772    i.HAL_NVIC_SetPriorityGrouping  stm32f4xx_hal_cortex.o
    0x08005144   0x08005144   0x00000024   Code   RO         2773    i.HAL_NVIC_SystemReset  stm32f4xx_hal_cortex.o
    0x08005168   0x08005168   0x0000007c   Code   RO         2694    i.HAL_PWREx_EnableOverDrive  stm32f4xx_hal_pwr_ex.o
    0x080051e4   0x080051e4   0x00000002   Code   RO         2583    i.HAL_PWR_PVDCallback  stm32f4xx_hal_pwr.o
    0x080051e6   0x080051e6   0x00000002   PAD
    0x080051e8   0x080051e8   0x0000001c   Code   RO         2584    i.HAL_PWR_PVD_IRQHandler  stm32f4xx_hal_pwr.o
    0x08005204   0x08005204   0x0000017c   Code   RO         1902    i.HAL_RCC_ClockConfig  stm32f4xx_hal_rcc.o
    0x08005380   0x08005380   0x0000003c   Code   RO         1906    i.HAL_RCC_GetClockConfig  stm32f4xx_hal_rcc.o
    0x080053bc   0x080053bc   0x0000000c   Code   RO         1907    i.HAL_RCC_GetHCLKFreq  stm32f4xx_hal_rcc.o
    0x080053c8   0x080053c8   0x00000020   Code   RO         1909    i.HAL_RCC_GetPCLK1Freq  stm32f4xx_hal_rcc.o
    0x080053e8   0x080053e8   0x00000020   Code   RO         1910    i.HAL_RCC_GetPCLK2Freq  stm32f4xx_hal_rcc.o
    0x08005408   0x08005408   0x00000070   Code   RO         1911    i.HAL_RCC_GetSysClockFreq  stm32f4xx_hal_rcc.o
    0x08005478   0x08005478   0x00000482   Code   RO         1914    i.HAL_RCC_OscConfig  stm32f4xx_hal_rcc.o
    0x080058fa   0x080058fa   0x000000be   Code   RO         3708    i.HAL_SPI_Init      stm32f4xx_hal_spi.o
    0x080059b8   0x080059b8   0x00000090   Code   RO          573    i.HAL_SPI_MspInit   spi.o
    0x08005a48   0x08005a48   0x00000002   Code   RO         4736    i.HAL_TIMEx_BreakCallback  stm32f4xx_hal_tim_ex.o
    0x08005a4a   0x08005a4a   0x00000002   Code   RO         4737    i.HAL_TIMEx_CommutCallback  stm32f4xx_hal_tim_ex.o
    0x08005a4c   0x08005a4c   0x0000009a   Code   RO         4755    i.HAL_TIMEx_MasterConfigSynchronization  stm32f4xx_hal_tim_ex.o
    0x08005ae6   0x08005ae6   0x0000005c   Code   RO         4021    i.HAL_TIM_Base_Init  stm32f4xx_hal_tim.o
    0x08005b42   0x08005b42   0x00000002   PAD
    0x08005b44   0x08005b44   0x0000003c   Code   RO          615    i.HAL_TIM_Base_MspInit  tim.o
    0x08005b80   0x08005b80   0x0000008a   Code   RO         4026    i.HAL_TIM_Base_Start_IT  stm32f4xx_hal_tim.o
    0x08005c0a   0x08005c0a   0x000000ea   Code   RO         4030    i.HAL_TIM_ConfigClockSource  stm32f4xx_hal_tim.o
    0x08005cf4   0x08005cf4   0x00000002   Code   RO         4055    i.HAL_TIM_IC_CaptureCallback  stm32f4xx_hal_tim.o
    0x08005cf6   0x08005cf6   0x00000174   Code   RO         4069    i.HAL_TIM_IRQHandler  stm32f4xx_hal_tim.o
    0x08005e6a   0x08005e6a   0x00000002   Code   RO         4072    i.HAL_TIM_OC_DelayElapsedCallback  stm32f4xx_hal_tim.o
    0x08005e6c   0x08005e6c   0x00000002   Code   RO         4099    i.HAL_TIM_PWM_PulseFinishedCallback  stm32f4xx_hal_tim.o
    0x08005e6e   0x08005e6e   0x0000000e   Code   RO           14    i.HAL_TIM_PeriodElapsedCallback  main.o
    0x08005e7c   0x08005e7c   0x00000002   Code   RO         4112    i.HAL_TIM_TriggerCallback  stm32f4xx_hal_tim.o
    0x08005e7e   0x08005e7e   0x00000002   Code   RO         5014    i.HAL_UARTEx_RxEventCallback  stm32f4xx_hal_uart.o
    0x08005e80   0x08005e80   0x00000002   Code   RO         5028    i.HAL_UART_ErrorCallback  stm32f4xx_hal_uart.o
    0x08005e82   0x08005e82   0x00000002   PAD
    0x08005e84   0x08005e84   0x00000260   Code   RO         5031    i.HAL_UART_IRQHandler  stm32f4xx_hal_uart.o
    0x080060e4   0x080060e4   0x00000064   Code   RO         5032    i.HAL_UART_Init     stm32f4xx_hal_uart.o
    0x08006148   0x08006148   0x00000198   Code   RO          657    i.HAL_UART_MspInit  usart.o
    0x080062e0   0x080062e0   0x00000002   Code   RO         5038    i.HAL_UART_RxCpltCallback  stm32f4xx_hal_uart.o
    0x080062e2   0x080062e2   0x00000002   Code   RO         5043    i.HAL_UART_TxCpltCallback  stm32f4xx_hal_uart.o
    0x080062e4   0x080062e4   0x00000002   Code   RO          717    i.HardFault_Handler  stm32f4xx_it.o
    0x080062e6   0x080062e6   0x00000002   PAD
    0x080062e8   0x080062e8   0x00000044   Code   RO          456    i.MX_CAN1_Init      can.o
    0x0800632c   0x0800632c   0x00000044   Code   RO          457    i.MX_CAN2_Init      can.o
    0x08006370   0x08006370   0x0000003c   Code   RO          503    i.MX_DMA_Init       dma.o
    0x080063ac   0x080063ac   0x00000020   Code   RO          408    i.MX_FREERTOS_Init  freertos.o
    0x080063cc   0x080063cc   0x00000148   Code   RO          278    i.MX_GPIO_Init      gpio.o
    0x08006514   0x08006514   0x00000048   Code   RO          574    i.MX_SPI1_Init      spi.o
    0x0800655c   0x0800655c   0x0000006c   Code   RO          616    i.MX_TIM1_Init      tim.o
    0x080065c8   0x080065c8   0x00000038   Code   RO          658    i.MX_UART8_Init     usart.o
    0x08006600   0x08006600   0x0000003c   Code   RO          659    i.MX_USART1_UART_Init  usart.o
    0x0800663c   0x0800663c   0x00000038   Code   RO          660    i.MX_USART6_UART_Init  usart.o
    0x08006674   0x08006674   0x00000002   Code   RO          718    i.MemManage_Handler  stm32f4xx_it.o
    0x08006676   0x08006676   0x00000002   Code   RO          719    i.NMI_Handler       stm32f4xx_it.o
    0x08006678   0x08006678   0x00000004   Code   RO          720    i.PVD_IRQHandler    stm32f4xx_it.o
    0x0800667c   0x0800667c   0x0000001a   Code   RO         6556    i.SysTick_Handler   cmsis_os2.o
    0x08006696   0x08006696   0x00000002   PAD
    0x08006698   0x08006698   0x00000094   Code   RO           15    i.SystemClock_Config  main.o
    0x0800672c   0x0800672c   0x00000020   Code   RO         5371    i.SystemInit        system_stm32f4xx.o
    0x0800674c   0x0800674c   0x0000000c   Code   RO          721    i.TIM1_UP_TIM10_IRQHandler  stm32f4xx_it.o
    0x08006758   0x08006758   0x0000000c   Code   RO          722    i.TIM2_IRQHandler   stm32f4xx_it.o
    0x08006764   0x08006764   0x000000cc   Code   RO         4114    i.TIM_Base_SetConfig  stm32f4xx_hal_tim.o
    0x08006830   0x08006830   0x00000016   Code   RO         4125    i.TIM_ETR_SetConfig  stm32f4xx_hal_tim.o
    0x08006846   0x08006846   0x00000010   Code   RO         4126    i.TIM_ITRx_SetConfig  stm32f4xx_hal_tim.o
    0x08006856   0x08006856   0x00000026   Code   RO         4132    i.TIM_TI1_ConfigInputStage  stm32f4xx_hal_tim.o
    0x0800687c   0x0800687c   0x00000024   Code   RO         4134    i.TIM_TI2_ConfigInputStage  stm32f4xx_hal_tim.o
    0x080068a0   0x080068a0   0x00000010   Code   RO         5045    i.UART_DMAAbortOnError  stm32f4xx_hal_uart.o
    0x080068b0   0x080068b0   0x0000004e   Code   RO         5055    i.UART_EndRxTransfer  stm32f4xx_hal_uart.o
    0x080068fe   0x080068fe   0x0000001a   Code   RO         5056    i.UART_EndTransmit_IT  stm32f4xx_hal_uart.o
    0x08006918   0x08006918   0x000000c8   Code   RO         5058    i.UART_Receive_IT   stm32f4xx_hal_uart.o
    0x080069e0   0x080069e0   0x000000fc   Code   RO         5059    i.UART_SetConfig    stm32f4xx_hal_uart.o
    0x08006adc   0x08006adc   0x0000005e   Code   RO         5062    i.UART_Transmit_IT  stm32f4xx_hal_uart.o
    0x08006b3a   0x08006b3a   0x00000002   PAD
    0x08006b3c   0x08006b3c   0x00000014   Code   RO          723    i.USART1_IRQHandler  stm32f4xx_it.o
    0x08006b50   0x08006b50   0x00000014   Code   RO          724    i.USART6_IRQHandler  stm32f4xx_it.o
    0x08006b64   0x08006b64   0x00000094   Code   RO         1357    i.USART_IRQ_Service  referee_usart_task.o
    0x08006bf8   0x08006bf8   0x00000002   Code   RO          725    i.UsageFault_Handler  stm32f4xx_it.o
    0x08006bfa   0x08006bfa   0x0000000e   Code   RO         7284    i.__scatterload_copy  mc_w.l(handlers.o)
    0x08006c08   0x08006c08   0x00000002   Code   RO         7285    i.__scatterload_null  mc_w.l(handlers.o)
    0x08006c0a   0x08006c0a   0x0000000e   Code   RO         7286    i.__scatterload_zeroinit  mc_w.l(handlers.o)
    0x08006c18   0x08006c18   0x0000002c   Code   RO         1091    i.fifo_s_get        fifo.o
    0x08006c44   0x08006c44   0x00000016   Code   RO         1094    i.fifo_s_init       fifo.o
    0x08006c5a   0x08006c5a   0x0000007c   Code   RO         1100    i.fifo_s_puts       fifo.o
    0x08006cd6   0x08006cd6   0x00000004   Code   RO         1102    i.fifo_s_used       fifo.o
    0x08006cda   0x08006cda   0x00000002   PAD
    0x08006cdc   0x08006cdc   0x0000002c   Code   RO         1015    i.get_CRC16_check_sum  crc8_crc16.o
    0x08006d08   0x08006d08   0x0000001c   Code   RO         1016    i.get_CRC8_check_sum  crc8_crc16.o
    0x08006d24   0x08006d24   0x00000080   Code   RO         1293    i.init_referee_struct_data  referee.o
    0x08006da4   0x08006da4   0x0000003a   Code   RO           16    i.main              main.o
    0x08006dde   0x08006dde   0x0000001e   Code   RO         6558    i.osDelay           cmsis_os2.o
    0x08006dfc   0x08006dfc   0x00000028   Code   RO         6572    i.osKernelInitialize  cmsis_os2.o
    0x08006e24   0x08006e24   0x00000038   Code   RO         6575    i.osKernelStart     cmsis_os2.o
    0x08006e5c   0x08006e5c   0x000000bc   Code   RO         6617    i.osThreadNew       cmsis_os2.o
    0x08006f18   0x08006f18   0x00000060   Code   RO         5993    i.prvAddCurrentTaskToDelayedList  tasks.o
    0x08006f78   0x08006f78   0x00000088   Code   RO         5994    i.prvAddNewTaskToReadyList  tasks.o
    0x08007000   0x08007000   0x0000005c   Code   RO         6369    i.prvCheckForValidListAndQueue  timers.o
    0x0800705c   0x0800705c   0x00000040   Code   RO         5995    i.prvCheckTasksWaitingTermination  tasks.o
    0x0800709c   0x0800709c   0x00000024   Code   RO         5580    i.prvCopyDataFromQueue  queue.o
    0x080070c0   0x080070c0   0x0000006e   Code   RO         5581    i.prvCopyDataToQueue  queue.o
    0x0800712e   0x0800712e   0x00000040   Code   RO         5996    i.prvDeleteTCB      tasks.o
    0x0800716e   0x0800716e   0x00000002   PAD
    0x08007170   0x08007170   0x00000024   Code   RO         6370    i.prvGetNextExpireTime  timers.o
    0x08007194   0x08007194   0x00000050   Code   RO         7085    i.prvHeapInit       heap_4.o
    0x080071e4   0x080071e4   0x00000028   Code   RO         5997    i.prvIdleTask       tasks.o
    0x0800720c   0x0800720c   0x00000022   Code   RO         5584    i.prvInitialiseNewQueue  queue.o
    0x0800722e   0x0800722e   0x00000094   Code   RO         5998    i.prvInitialiseNewTask  tasks.o
    0x080072c2   0x080072c2   0x00000002   PAD
    0x080072c4   0x080072c4   0x00000060   Code   RO         5999    i.prvInitialiseTaskLists  tasks.o
    0x08007324   0x08007324   0x0000005c   Code   RO         7086    i.prvInsertBlockIntoFreeList  heap_4.o
    0x08007380   0x08007380   0x00000048   Code   RO         6372    i.prvInsertTimerInActiveList  timers.o
    0x080073c8   0x080073c8   0x0000001a   Code   RO         5585    i.prvIsQueueEmpty   queue.o
    0x080073e2   0x080073e2   0x0000001e   Code   RO         5586    i.prvIsQueueFull    queue.o
    0x08007400   0x08007400   0x00000068   Code   RO         6373    i.prvProcessExpiredTimer  timers.o
    0x08007468   0x08007468   0x00000110   Code   RO         6374    i.prvProcessReceivedCommands  timers.o
    0x08007578   0x08007578   0x0000006c   Code   RO         6375    i.prvProcessTimerOrBlockTask  timers.o
    0x080075e4   0x080075e4   0x00000024   Code   RO         6001    i.prvResetNextTaskUnblockTime  tasks.o
    0x08007608   0x08007608   0x0000002c   Code   RO         6376    i.prvSampleTimeNow  timers.o
    0x08007634   0x08007634   0x00000078   Code   RO         6377    i.prvSwitchTimerLists  timers.o
    0x080076ac   0x080076ac   0x00000030   Code   RO         7141    i.prvTaskExitError  port.o
    0x080076dc   0x080076dc   0x00000014   Code   RO         6378    i.prvTimerTask      timers.o
    0x080076f0   0x080076f0   0x00000068   Code   RO         5587    i.prvUnlockQueue    queue.o
    0x08007758   0x08007758   0x000000e8   Code   RO         7087    i.pvPortMalloc      heap_4.o
    0x08007840   0x08007840   0x0000002c   Code   RO         7142    i.pxPortInitialiseStack  port.o
    0x0800786c   0x0800786c   0x00000004   Code   RO          409    i.referee_Task_Start  freertos.o
    0x08007870   0x08007870   0x00000140   Code   RO         1294    i.referee_data_solve  referee.o
    0x080079b0   0x080079b0   0x00000104   Code   RO         1358    i.referee_unpack_fifo_data  referee_usart_task.o
    0x08007ab4   0x08007ab4   0x00000044   Code   RO         1359    i.referee_usart_task  referee_usart_task.o
    0x08007af8   0x08007af8   0x000000b4   Code   RO          965    i.remote_control_IRQ  remote_control.o
    0x08007bac   0x08007bac   0x000000be   Code   RO          967    i.sbus_to_rc        remote_control.o
    0x08007c6a   0x08007c6a   0x00000002   PAD
    0x08007c6c   0x08007c6c   0x00000094   Code   RO         1457    i.usart6_init       bsp_usart.o
    0x08007d00   0x08007d00   0x00000026   Code   RO         5540    i.uxListRemove      list.o
    0x08007d26   0x08007d26   0x00000002   PAD
    0x08007d28   0x08007d28   0x00000014   Code   RO         6629    i.vApplicationGetIdleTaskMemory  cmsis_os2.o
    0x08007d3c   0x08007d3c   0x00000018   Code   RO         6630    i.vApplicationGetTimerTaskMemory  cmsis_os2.o
    0x08007d54   0x08007d54   0x00000016   Code   RO         5541    i.vListInitialise   list.o
    0x08007d6a   0x08007d6a   0x00000006   Code   RO         5542    i.vListInitialiseItem  list.o
    0x08007d70   0x08007d70   0x00000036   Code   RO         5543    i.vListInsert       list.o
    0x08007da6   0x08007da6   0x00000018   Code   RO         5544    i.vListInsertEnd    list.o
    0x08007dbe   0x08007dbe   0x00000002   PAD
    0x08007dc0   0x08007dc0   0x00000040   Code   RO         7144    i.vPortEnterCritical  port.o
    0x08007e00   0x08007e00   0x0000002c   Code   RO         7145    i.vPortExitCritical  port.o
    0x08007e2c   0x08007e2c   0x00000064   Code   RO         7088    i.vPortFree         heap_4.o
    0x08007e90   0x08007e90   0x00000024   Code   RO         7146    i.vPortSetupTimerInterrupt  port.o
    0x08007eb4   0x08007eb4   0x00000054   Code   RO         7147    i.vPortValidateInterruptPriority  port.o
    0x08007f08   0x08007f08   0x00000028   Code   RO         5593    i.vQueueAddToRegistry  queue.o
    0x08007f30   0x08007f30   0x0000004a   Code   RO         5597    i.vQueueWaitForMessageRestricted  queue.o
    0x08007f7a   0x08007f7a   0x00000002   PAD
    0x08007f7c   0x08007f7c   0x00000050   Code   RO         6014    i.vTaskDelay        tasks.o
    0x08007fcc   0x08007fcc   0x00000010   Code   RO         6019    i.vTaskInternalSetTimeOutState  tasks.o
    0x08007fdc   0x08007fdc   0x0000000c   Code   RO         6020    i.vTaskMissedYield  tasks.o
    0x08007fe8   0x08007fe8   0x00000034   Code   RO         6022    i.vTaskPlaceOnEventList  tasks.o
    0x0800801c   0x0800801c   0x0000003c   Code   RO         6023    i.vTaskPlaceOnEventListRestricted  tasks.o
    0x08008058   0x08008058   0x00000090   Code   RO         6031    i.vTaskStartScheduler  tasks.o
    0x080080e8   0x080080e8   0x00000010   Code   RO         6033    i.vTaskSuspendAll   tasks.o
    0x080080f8   0x080080f8   0x0000006c   Code   RO         6034    i.vTaskSwitchContext  tasks.o
    0x08008164   0x08008164   0x0000003c   Code   RO         1017    i.verify_CRC16_check_sum  crc8_crc16.o
    0x080081a0   0x080081a0   0x00000026   Code   RO         1018    i.verify_CRC8_check_sum  crc8_crc16.o
    0x080081c6   0x080081c6   0x00000002   PAD
    0x080081c8   0x080081c8   0x00000104   Code   RO         7148    i.xPortStartScheduler  port.o
    0x080082cc   0x080082cc   0x0000002c   Code   RO         7149    i.xPortSysTickHandler  port.o
    0x080082f8   0x080082f8   0x00000070   Code   RO         5603    i.xQueueGenericCreateStatic  queue.o
    0x08008368   0x08008368   0x00000090   Code   RO         5604    i.xQueueGenericReset  queue.o
    0x080083f8   0x080083f8   0x00000170   Code   RO         5605    i.xQueueGenericSend  queue.o
    0x08008568   0x08008568   0x000000be   Code   RO         5606    i.xQueueGenericSendFromISR  queue.o
    0x08008626   0x08008626   0x00000002   PAD
    0x08008628   0x08008628   0x00000148   Code   RO         5615    i.xQueueReceive     queue.o
    0x08008770   0x08008770   0x00000080   Code   RO         6036    i.xTaskCheckForTimeOut  tasks.o
    0x080087f0   0x080087f0   0x0000006c   Code   RO         6037    i.xTaskCreate       tasks.o
    0x0800885c   0x0800885c   0x00000060   Code   RO         6038    i.xTaskCreateStatic  tasks.o
    0x080088bc   0x080088bc   0x0000001c   Code   RO         6042    i.xTaskGetSchedulerState  tasks.o
    0x080088d8   0x080088d8   0x0000000c   Code   RO         6043    i.xTaskGetTickCount  tasks.o
    0x080088e4   0x080088e4   0x000000cc   Code   RO         6045    i.xTaskIncrementTick  tasks.o
    0x080089b0   0x080089b0   0x00000080   Code   RO         6048    i.xTaskPriorityDisinherit  tasks.o
    0x08008a30   0x08008a30   0x00000078   Code   RO         6050    i.xTaskRemoveFromEventList  tasks.o
    0x08008aa8   0x08008aa8   0x000000cc   Code   RO         6051    i.xTaskResumeAll    tasks.o
    0x08008b74   0x08008b74   0x00000068   Code   RO         6387    i.xTimerCreateTimerTask  timers.o
    0x08008bdc   0x08008bdc   0x00000074   Code   RO         6388    i.xTimerGenericCommand  timers.o
    0x08008c50   0x08008c50   0x00000024   Data   RO          410    .constdata          freertos.o
    0x08008c74   0x08008c74   0x00000300   Data   RO         1020    .constdata          crc8_crc16.o
    0x08008f74   0x08008f74   0x00000008   Data   RO         2477    .constdata          stm32f4xx_hal_dma.o
    0x08008f7c   0x08008f7c   0x00000010   Data   RO         5372    .constdata          system_stm32f4xx.o
    0x08008f8c   0x08008f8c   0x00000008   Data   RO         5373    .constdata          system_stm32f4xx.o
    0x08008f94   0x08008f94   0x0000000d   Data   RO          411    .conststring        freertos.o
    0x08008fa1   0x08008fa1   0x00000003   PAD
    0x08008fa4   0x08008fa4   0x00000020   Data   RO         7282    Region$$Table       anon$$obj.o


    Execution Region RW_IRAM2 (Exec base: 0x10000000, Load base: 0x08009094, Size: 0x00000000, Max: 0x00010000, ABSOLUTE)

    **** No section assigned to this execution region ****


    Execution Region RW_IRAM1 (Exec base: 0x20000000, Load base: 0x08008fc4, Size: 0x00015de0, Max: 0x00030000, ABSOLUTE)

    Exec Addr    Load Addr    Size         Type   Attr      Idx    E Section Name        Object

    0x20000000   0x08008fc4   0x00000004   Data   RW          412    .data               freertos.o
    0x20000004   0x08008fc8   0x00000004   Data   RW          459    .data               can.o
    0x20000008   0x08008fcc   0x00000002   Data   RW          969    .data               remote_control.o
    0x2000000a   0x08008fce   0x00000002   Data   RW         1021    .data               crc8_crc16.o
    0x2000000c   0x08008fd0   0x0000002c   Data   RW         1296    .data               referee.o
    0x20000038   0x08008ffc   0x00000002   Data   RW         1361    .data               referee_usart_task.o
    0x2000003a   0x08008ffe   0x00000006   Data   RW         1576    .data               rm_cilent_ui.o
    0x20000040   0x08009004   0x0000000c   Data   RW         2919    .data               stm32f4xx_hal.o
    0x2000004c   0x08009010   0x00000004   Data   RW         5374    .data               system_stm32f4xx.o
    0x20000050   0x08009014   0x0000003c   Data   RW         6054    .data               tasks.o
    0x2000008c   0x08009050   0x00000014   Data   RW         6396    .data               timers.o
    0x200000a0   0x08009064   0x00000004   Data   RW         6632    .data               cmsis_os2.o
    0x200000a4   0x08009068   0x00000020   Data   RW         7094    .data               heap_4.o
    0x200000c4   0x08009088   0x0000000c   Data   RW         7150    .data               port.o
    0x200000d0        -       0x00000050   Zero   RW          458    .bss                can.o
    0x20000120        -       0x00000058   Zero   RW          575    .bss                spi.o
    0x20000178        -       0x00000048   Zero   RW          617    .bss                tim.o
    0x200001c0        -       0x0000018c   Zero   RW          661    .bss                usart.o
    0x2000034c        -       0x00000048   Zero   RW          855    .bss                stm32f4xx_hal_timebase_tim.o
    0x20000394        -       0x0000005e   Zero   RW          968    .bss                remote_control.o
    0x200003f2        -       0x00000072   Zero   RW         1295    .bss                referee.o
    0x20000464        -       0x000008a1   Zero   RW         1360    .bss                referee_usart_task.o
    0x20000d05   0x08009094   0x00000003   PAD
    0x20000d08        -       0x00000040   Zero   RW         5619    .bss                queue.o
    0x20000d48        -       0x000004c4   Zero   RW         6053    .bss                tasks.o
    0x2000120c        -       0x00000118   Zero   RW         6395    .bss                timers.o
    0x20001324        -       0x000006b8   Zero   RW         6631    .bss                cmsis_os2.o
    0x200019dc        -       0x00014000   Zero   RW         7093    .bss                heap_4.o
    0x200159dc   0x08009094   0x00000004   PAD
    0x200159e0        -       0x00000400   Zero   RW            1    STACK               startup_stm32f427xx.o


==============================================================================

Image component sizes


      Code (inc. data)   RO Data    RW Data    ZI Data      Debug   Object Name

       148         20          0          0          0     615211   bsp_usart.o
       388         44          0          4         80       2630   can.o
       384         24          0          4       1720      65371   cmsis_os2.o
       170         16        768          2          0       3715   crc8_crc16.o
        60          4          0          0          0        846   dma.o
         0          0          0          0          0      19604   event_groups.o
       194          0          0          0          0       9477   fifo.o
        36         14         49          4          0       1761   freertos.o
       328         28          0          0          0     754395   gpio.o
       504         32          0         32      81920       5211   heap_4.o
       144          0          0          0          0       3770   list.o
       228         10          0          0          0     730132   main.o
       814         92          0         12          0      12021   port.o
      1596         24          0          0         64      18232   queue.o
       448         16          0         44        114       8717   referee.o
       476         54          0          2       2209      10163   referee_usart_task.o
       370         24          0          2         94       3639   remote_control.o
         0          0          0          6          0       4242   rm_cilent_ui.o
       216         26          0          0         88       1865   spi.o
        36          8        428          0       1024        864   startup_stm32f427xx.o
        80         14          0         12          0       8410   stm32f4xx_hal.o
       950          0          0          0          0      10987   stm32f4xx_hal_can.o
       204         22          0          0          0      33609   stm32f4xx_hal_cortex.o
      1104         18          8          0          0       6039   stm32f4xx_hal_dma.o
       628         30          0          0          0       3732   stm32f4xx_hal_gpio.o
        76          6          0          0          0        942   stm32f4xx_hal_msp.o
        30          4          0          0          0       1167   stm32f4xx_hal_pwr.o
       124         14          0          0          0       1364   stm32f4xx_hal_pwr_ex.o
      1782        112          0          0          0       7417   stm32f4xx_hal_rcc.o
       190          0          0          0          0       1267   stm32f4xx_hal_spi.o
      1160         22          0          0          0      10323   stm32f4xx_hal_tim.o
       158          0          0          0          0       2685   stm32f4xx_hal_tim_ex.o
       116         14          0          0         72       1515   stm32f4xx_hal_timebase_tim.o
      1382          8          0          0          0      10020   stm32f4xx_hal_uart.o
       158         44          0          0          0       7690   stm32f4xx_it.o
         0          0          0          0          0        392   stream_buffer.o
        32         14         24          4          0       1319   system_stm32f4xx.o
      2196        194          0         60       1220      28750   tasks.o
       168         20          0          0         72       1822   tim.o
      1088         94          0         20        280      33715   timers.o
       580         70          0          0        396       3488   usart.o

    ----------------------------------------------------------------------
     18786       1136       1312        208      89360    2448519   Object Totals
         0          0         32          0          0          0   (incl. Generated)
        40          0          3          0          7          0   (incl. Padding)

    ----------------------------------------------------------------------

      Code (inc. data)   RO Data    RW Data    ZI Data      Debug   Library Member Name

         0          0          0          0          0          0   entry.o
         0          0          0          0          0          0   entry10a.o
         0          0          0          0          0          0   entry11a.o
         4          0          0          0          0          0   entry12b.o
         8          4          0          0          0          0   entry2.o
         4          0          0          0          0          0   entry5.o
         0          0          0          0          0          0   entry7b.o
         0          0          0          0          0          0   entry8b.o
         8          4          0          0          0          0   entry9a.o
        30          0          0          0          0          0   handlers.o
        36          8          0          0          0         68   init.o
        30          0          0          0          0         68   llshl.o
        32          0          0          0          0         68   llushr.o
        36          0          0          0          0         68   memcpya.o
        36          0          0          0          0        108   memseta.o
        98          0          0          0          0         92   uldiv.o

    ----------------------------------------------------------------------
       322         16          0          0          0        472   Library Totals
         0          0          0          0          0          0   (incl. Padding)

    ----------------------------------------------------------------------

      Code (inc. data)   RO Data    RW Data    ZI Data      Debug   Library Name

       322         16          0          0          0        472   mc_w.l

    ----------------------------------------------------------------------
       322         16          0          0          0        472   Library Totals

    ----------------------------------------------------------------------

==============================================================================


      Code (inc. data)   RO Data    RW Data    ZI Data      Debug   

     19108       1152       1312        208      89360    2429939   Grand Totals
     19108       1152       1312        208      89360    2429939   ELF Image Totals
     19108       1152       1312        208          0          0   ROM Totals

==============================================================================

    Total RO  Size (Code + RO Data)                20420 (  19.94kB)
    Total RW  Size (RW Data + ZI Data)             89568 (  87.47kB)
    Total ROM Size (Code + RO Data + RW Data)      20628 (  20.14kB)

==============================================================================

