<html>
<body>
<pre>
<h1>µVision Build Log</h1>
<h2>Tool Versions:</h2>
IDE-Version: ¦ÌVision V5.32.0.0
Copyright (C) 2020 ARM Ltd and ARM Germany GmbH. All rights reserved.
License Information: lv xuehui, xuehui, LIC=IC93N-Y09JB-17SRR-KFM0T-B1KVP-91PZQ
 
Tool Versions:
Toolchain:       MDK-ARM Professional  Version: 5.32.0.0
Toolchain Path:  D:\Keil_v5\ARM\ARMCC\Bin
C Compiler:      Armcc.exe V5.06 update 7 (build 960)
Assembler:       Armasm.exe V5.06 update 7 (build 960)
Linker/Locator:  ArmLink.exe V5.06 update 7 (build 960)
Library Manager: ArmAr.exe V5.06 update 7 (build 960)
Hex Converter:   FromElf.exe V5.06 update 7 (build 960)
CPU DLL:         SARMCM3.DLL V5.32.0.0
Dialog DLL:      DCM.DLL V1.17.3.0
Target DLL:      STLink\ST-LINKIII-KEIL_SWO.dll V3.0.8.0
Dialog DLL:      TCM.DLL V1.46.0.0
 
<h2>Project:</h2>
D:\QIQI\Missile-System-24\Missile_system_24_TypeA\MDK-ARM\Missile_system_24_TypeA.uvprojx
Project File Date:  04/01/2024

<h2>Output:</h2>
*** Using Compiler 'V5.06 update 7 (build 960)', folder: 'D:\Keil_v5\ARM\ARMCC\Bin'
Build target 'Missile_system_24_TypeA'
assembling startup_stm32f427xx.s...
compiling stm32f4xx_hal_msp.c...
compiling can.c...
compiling stm32f4xx_it.c...
compiling stm32f4xx_hal_can.c...
compiling stm32f4xx_hal_timebase_tim.c...
compiling gpio.c...
compiling dma.c...
compiling usart.c...
compiling stm32f4xx_hal_rcc_ex.c...
compiling tim.c...
compiling main.c...
compiling stm32f4xx_hal_rcc.c...
compiling freertos.c...
compiling stm32f4xx_hal_gpio.c...
compiling stm32f4xx_hal_flash_ramfunc.c...
compiling stm32f4xx_hal_cortex.c...
compiling stm32f4xx_hal_pwr.c...
compiling stm32f4xx_hal.c...
compiling stm32f4xx_hal_exti.c...
compiling stm32f4xx_hal_flash_ex.c...
compiling croutine.c...
compiling event_groups.c...
compiling list.c...
compiling stm32f4xx_hal_pwr_ex.c...
compiling stm32f4xx_hal_dma.c...
compiling stm32f4xx_hal_dma_ex.c...
compiling queue.c...
compiling stm32f4xx_hal_flash.c...
compiling stream_buffer.c...
compiling timers.c...
compiling stm32f4xx_hal_tim_ex.c...
compiling heap_4.c...
compiling tasks.c...
compiling port.c...
compiling stm32f4xx_hal_tim.c...
compiling CRC8_CRC16.c...
compiling Servo.c...
compiling Moto.c...
compiling system_stm32f4xx.c...
compiling RM_Cilent_UI.c...
compiling referee.c...
compiling bsp_rc.c...
compiling fifo.c...
compiling pid.c...
compiling remote_control.c...
compiling user_lib.c...
compiling stm32f4xx_hal_uart.c...
compiling referee_usart_task.c...
compiling cmsis_os2.c...
compiling stm32.c...
compiling shoot_task.c...
Tasks\shoot_task.c(96): warning:  #1295-D: Deprecated declaration Micro_switch_feedback - give arg types
  static void Micro_switch_feedback();
Tasks\shoot_task.c(309): warning:  #1035-D: single-precision operand implicitly converted to double-precision
  		time_flag+=0.01;
Tasks\shoot_task.c(362): warning:  #223-D: function "abs" declared implicitly
  	if(abs(blocking_motor->give_current) == 10000)
Tasks\shoot_task.c(555): warning:  #188-D: enumerated type mixed with another type
  					Linear_Actuator(1);
Tasks\shoot_task.c(561): warning:  #188-D: enumerated type mixed with another type
  						Linear_Actuator(0);
Tasks\shoot_task.c(589): warning:  #223-D: function "abs" declared implicitly
  		    if (abs(missile_shoot_move.shoot_rc->rc.ch[4]) >= 1000 && turn_shoot_flag == 0)
Tasks\shoot_task.c(739): warning:  #188-D: enumerated type mixed with another type
  				Linear_Actuator(1);
Tasks\shoot_task.c(745): warning:  #188-D: enumerated type mixed with another type
  						Linear_Actuator(0);
Tasks\shoot_task.c: 8 warnings, 0 errors
linking...
Program Size: Code=33032 RO-data=1464 RW-data=320 ZI-data=25056  
FromELF: creating hex file...
"Enginner_2022\Enginner_2022.axf" - 0 Error(s), 8 Warning(s).

<h2>Software Packages used:</h2>

Package Vendor: ARM
                http://www.keil.com/pack/ARM.CMSIS.5.7.0.pack
                ARM.CMSIS.5.7.0
                CMSIS (Cortex Microcontroller Software Interface Standard)
   * Component: CORE Version: 5.4.0

Package Vendor: Keil
                http://www.keil.com/pack/Keil.STM32F4xx_DFP.2.16.0.pack
                Keil.STM32F4xx_DFP.2.16.0
                STMicroelectronics STM32F4 Series Device Support, Drivers and Examples

<h2>Collection of Component include folders:</h2>
  .\RTE\_Missile_system_24_TypeA
  D:\Keil_v5\ARM\PARK\ARM\CMSIS\5.7.0\CMSIS\Core\Include
  D:\Keil_v5\ARM\PARK\Keil\STM32F4xx_DFP\2.16.0\Drivers\CMSIS\Device\ST\STM32F4xx\Include

<h2>Collection of Component Files used:</h2>

   * Component: ARM::CMSIS:CORE:5.4.0
Build Time Elapsed:  00:00:17
</pre>
</body>
</html>
